2026-07-18 03:19:52.497 22497-22497 VRI[PopupW...a]@95161b8 com.intourist.vpn                    D  registerCallbacksForSync syncBuffer=false
2026-07-18 03:19:52.498 22497-22618 VRI[PopupW...a]@95161b8 com.intourist.vpn                    D  Received frameDrawingCallback syncResult=0 frameNum=1.
2026-07-18 03:19:52.498 22497-22618 VRI[PopupW...a]@95161b8 com.intourist.vpn                    I  mWNT: t=0xb400006cb3488800 mBlastBufferQueue=0xb400006fb4716800 fn= 1 HdrRenderState mRenderHdrSdrRatio=1.0 caller= android.view.ViewRootImpl$12.onFrameDraw:15561 android.view.ThreadedRenderer$1.onFrameDraw:751 <bottom of call stack> 
2026-07-18 03:19:52.498 22497-22618 VRI[PopupW...a]@95161b8 com.intourist.vpn                    I  Setting up sync and frameCommitCallback
2026-07-18 03:19:52.501 22497-22537 BLASTBufferQueue        com.intourist.vpn                    I  [VRI[PopupWindow:9ad862a]@95161b8#13](f:0,a:0,s:0) onFrameAvailable the first frame is available
2026-07-18 03:19:52.501 22497-22537 BLASTBufferQueue        com.intourist.vpn                    I  [VRI[PopupWindow:9ad862a]@95161b8#13](f:0,a:1,s:0) acquireNextBufferLocked size=1203x422 mFrameNumber=1 applyTransaction=true mTimestamp=22686857152658(auto) mPendingTransactions.size=0 graphicBufferId=96623879258165 transform=0
2026-07-18 03:19:52.501 22497-22537 VRI[PopupW...a]@95161b8 com.intourist.vpn                    I  Received frameCommittedCallback lastAttemptedDrawFrameNum=1 didProduceBuffer=true
2026-07-18 03:19:52.503 22497-22537 HWUI                    com.intourist.vpn                    D  CFMS:: SetUp Pid : 22497    Tid : 22537
2026-07-18 03:19:52.503 22497-22497 VRI[PopupW...a]@95161b8 com.intourist.vpn                    D  reportDrawFinished seqId=0
2026-07-18 03:19:52.504 22497-22537 HWUI                    com.intourist.vpn                    D  HWUI - treat SMPTE_170M as sRGB
2026-07-18 03:19:53.074 22497-22879 IntouristVpnService     com.intourist.vpn                    I  [WARN] SOCKS5 parse error from 127.0.0.1:36520: unsupported SOCKS5 command: 3 (only CONNECT=1 is supported)
2026-07-18 03:19:53.077 22497-22879 GoLog                   com.intourist.vpn                    E  {"level":"warn","ts":1784333993.0776362,"caller":"tunnel/udp.go:31","msg":"[UDP] dial 1.1.1.1:53: client handshake: UDP ASSOCIATE: command not supported"}
2026-07-18 03:19:53.106 22497-22497 View                    com.intourist.vpn                    I  setRequestedFrameRate frameRate=-4.0, this=android.webkit.WebView{54cf02d VFEDHVC.. .F...... 0,0-1080,2221 aid=1073741824}, caller=android.view.ViewGroup.setRequestedFrameRate:10045 WV.xf.p:1 WV.wg.h:117 WV.wg.onDraw:7 com.android.webview.chromium.WebViewChromium.onDraw:19 
2026-07-18 03:19:53.112 22497-22537 GPUAUX                  com.intourist.vpn                    E  [AUX]GuiExtAuxCheckAuxPath:698: Null anb
2026-07-18 03:19:53.112 22497-22537 GPUAUX                  com.intourist.vpn                    E  [AUX]GuiExtAuxCheckAuxPath:698: Null anb
2026-07-18 03:19:53.719 22497-22497 VRI[MainAc...y]@c1f9d50 com.intourist.vpn                    I  ViewPostIme pointer 0
2026-07-18 03:19:53.894 22497-22497 View                    com.intourist.vpn                    I  setRequestedFrameRate frameRate=-4.0, this=android.webkit.WebView{54cf02d VFEDHVC.. .F...... 0,0-1080,2221 aid=1073741824}, caller=android.view.ViewGroup.setRequestedFrameRate:10045 WV.xf.p:1 WV.wg.h:117 WV.wg.onDraw:7 com.android.webview.chromium.WebViewChromium.onDraw:19 
2026-07-18 03:19:53.907 22497-22497 View                    com.intourist.vpn                    I  setRequestedFrameRate frameRate=-4.0, this=android.webkit.WebView{54cf02d VFEDHVC.. .F...... 0,0-1080,2221 aid=1073741824}, caller=android.view.ViewGroup.setRequestedFrameRate:10045 WV.xf.p:1 WV.wg.h:117 WV.wg.onDraw:7 com.android.webview.chromium.WebViewChromium.onDraw:19 
2026-07-18 03:19:53.918 22497-22497 View                    com.intourist.vpn                    I  setRequestedFrameRate frameRate=-4.0, this=android.webkit.WebView{54cf02d VFEDHVC.. .F...... 0,0-1080,2221 aid=1073741824}, caller=android.view.ViewGroup.setRequestedFrameRate:10045 WV.xf.p:1 WV.wg.h:117 WV.wg.onDraw:7 com.android.webview.chromium.WebViewChromium.onDraw:19 
2026-07-18 03:19:53.928 22497-22497 View                    com.intourist.vpn                    I  setRequestedFrameRate frameRate=-4.0, this=android.webkit.WebView{54cf02d VFEDHVC.. .F...... 0,0-1080,2221 aid=1073741824}, caller=android.view.ViewGroup.setRequestedFrameRate:10045 WV.xf.p:1 WV.wg.h:117 WV.wg.onDraw:7 com.android.webview.chromium.WebViewChromium.onDraw:19 
2026-07-18 03:19:53.937 22497-22497 View                    com.intourist.vpn                    I  setRequestedFrameRate frameRate=-4.0, this=android.webkit.WebView{54cf02d VFEDHVC.. .F...... 0,0-1080,2221 aid=1073741824}, caller=android.view.ViewGroup.setRequestedFrameRate:10045 WV.xf.p:1 WV.wg.h:117 WV.wg.onDraw:7 com.android.webview.chromium.WebViewChromium.onDraw:19 
2026-07-18 03:19:53.949 22497-22497 View                    com.intourist.vpn                    I  setRequestedFrameRate frameRate=-4.0, this=android.webkit.WebView{54cf02d VFEDHVC.. .F...... 0,0-1080,2221 aid=1073741824}, caller=android.view.ViewGroup.setRequestedFrameRate:10045 WV.xf.p:1 WV.wg.h:117 WV.wg.onDraw:7 com.android.webview.chromium.WebViewChromium.onDraw:19 
2026-07-18 03:19:53.959 22497-22497 View                    com.intourist.vpn                    I  setRequestedFrameRate frameRate=-4.0, this=android.webkit.WebView{54cf02d VFEDHVC.. .F...... 0,0-1080,2221 aid=1073741824}, caller=android.view.ViewGroup.setRequestedFrameRate:10045 WV.xf.p:1 WV.wg.h:117 WV.wg.onDraw:7 com.android.webview.chromium.WebViewChromium.onDraw:19 
2026-07-18 03:19:53.971 22497-22497 View                    com.intourist.vpn                    I  setRequestedFrameRate frameRate=-4.0, this=android.webkit.WebView{54cf02d VFEDHVC.. .F...... 0,0-1080,2221 aid=1073741824}, caller=android.view.ViewGroup.setRequestedFrameRate:10045 WV.xf.p:1 WV.wg.h:117 WV.wg.onDraw:7 com.android.webview.chromium.WebViewChromium.onDraw:19 
2026-07-18 03:19:53.982 22497-22497 View                    com.intourist.vpn                    I  setRequestedFrameRate frameRate=-4.0, this=android.webkit.WebView{54cf02d VFEDHVC.. .F...... 0,0-1080,2221 aid=1073741824}, caller=android.view.ViewGroup.setRequestedFrameRate:10045 WV.xf.p:1 WV.wg.h:117 WV.wg.onDraw:7 com.android.webview.chromium.WebViewChromium.onDraw:19 
2026-07-18 03:19:53.993 22497-22497 View                    com.intourist.vpn                    I  setRequestedFrameRate frameRate=-4.0, this=android.webkit.WebView{54cf02d VFEDHVC.. .F...... 0,0-1080,2221 aid=1073741824}, caller=android.view.ViewGroup.setRequestedFrameRate:10045 WV.xf.p:1 WV.wg.h:117 WV.wg.onDraw:7 com.android.webview.chromium.WebViewChromium.onDraw:19 
2026-07-18 03:19:54.004 22497-22497 WindowManager           com.intourist.vpn                    I  WindowManagerGlobal#removeView, ty=1005, view=android.widget.PopupWindow$PopupDecorView{c3f1c1b V.E...... R......D 0,0-1203,422}, caller=android.view.WindowManagerGlobal.removeView:654 android.view.WindowManagerImpl.removeViewImmediate:254 android.widget.PopupWindow.dismissImmediate:2380 
2026-07-18 03:19:54.004 22497-22497 WindowOnBackDispatcher  com.intourist.vpn                    D  setTopOnBackInvokedCallback (unwrapped): null
2026-07-18 03:19:54.006 22497-22497 VRI[PopupW...a]@95161b8 com.intourist.vpn                    I  dispatchDetachedFromWindow
2026-07-18 03:19:54.010 22497-22497 InputTransport          com.intourist.vpn                    D  Input channel destroyed: 'ff51512', fd=279
2026-07-18 03:19:54.011 22497-22497 View                    com.intourist.vpn                    I  setRequestedFrameRate frameRate=-4.0, this=android.webkit.WebView{54cf02d VFEDHVC.. .F...... 0,0-1080,2221 aid=1073741824}, caller=android.view.ViewGroup.setRequestedFrameRate:10045 WV.xf.p:1 WV.wg.h:117 WV.wg.onDraw:7 com.android.webview.chromium.WebViewChromium.onDraw:19 
2026-07-18 03:19:54.014 22497-22523 BLASTBufferQueue        com.intourist.vpn                    I  [VRI[PopupWindow:9ad862a]@95161b8#13](f:0,a:1,s:0) destructor()
2026-07-18 03:19:54.015 22497-22523 BufferQueueConsumer     com.intourist.vpn                    D  [VRI[PopupWindow:9ad862a]@95161b8#13(BLAST Consumer)13](id:57e10000000d,api:0,p:-1,c:22497) disconnect
2026-07-18 03:19:54.018 22497-22497 View                    com.intourist.vpn                    I  setRequestedFrameRate frameRate=-4.0, this=android.webkit.WebView{54cf02d VFEDHVC.. .F...... 0,0-1080,2221 aid=1073741824}, caller=android.view.ViewGroup.setRequestedFrameRate:10045 WV.xf.p:1 WV.wg.h:117 WV.wg.onDraw:7 com.android.webview.chromium.WebViewChromium.onDraw:19 
2026-07-18 03:19:54.027 22497-22497 View                    com.intourist.vpn                    I  setRequestedFrameRate frameRate=-4.0, this=android.webkit.WebView{54cf02d VFEDHVC.. .F...... 0,0-1080,2221 aid=1073741824}, caller=android.view.ViewGroup.setRequestedFrameRate:10045 WV.xf.p:1 WV.wg.h:117 WV.wg.onDraw:7 com.android.webview.chromium.WebViewChromium.onDraw:19 
2026-07-18 03:19:54.037 22497-22497 View                    com.intourist.vpn                    I  setRequestedFrameRate frameRate=-4.0, this=android.webkit.WebView{54cf02d VFEDHVC.. .F...... 0,0-1080,2221 aid=1073741824}, caller=android.view.ViewGroup.setRequestedFrameRate:10045 WV.xf.p:1 WV.wg.h:117 WV.wg.onDraw:7 com.android.webview.chromium.WebViewChromium.onDraw:19 
2026-07-18 03:19:54.048 22497-22497 View                    com.intourist.vpn                    I  setRequestedFrameRate frameRate=-4.0, this=android.webkit.WebView{54cf02d VFEDHVC.. .F...... 0,0-1080,2221 aid=1073741824}, caller=android.view.ViewGroup.setRequestedFrameRate:10045 WV.xf.p:1 WV.wg.h:117 WV.wg.onDraw:7 com.android.webview.chromium.WebViewChromium.onDraw:19 
2026-07-18 03:19:54.060 22497-22497 View                    com.intourist.vpn                    I  setRequestedFrameRate frameRate=-4.0, this=android.webkit.WebView{54cf02d VFEDHVC.. .F...... 0,0-1080,2221 aid=1073741824}, caller=android.view.ViewGroup.setRequestedFrameRate:10045 WV.xf.p:1 WV.wg.h:117 WV.wg.onDraw:7 com.android.webview.chromium.WebViewChromium.onDraw:19 
2026-07-18 03:19:54.071 22497-22497 View                    com.intourist.vpn                    I  setRequestedFrameRate frameRate=-4.0, this=android.webkit.WebView{54cf02d VFEDHVC.. .F...... 0,0-1080,2221 aid=1073741824}, caller=android.view.ViewGroup.setRequestedFrameRate:10045 WV.xf.p:1 WV.wg.h:117 WV.wg.onDraw:7 com.android.webview.chromium.WebViewChromium.onDraw:19 
2026-07-18 03:19:54.082 22497-22497 View                    com.intourist.vpn                    I  setRequestedFrameRate frameRate=-4.0, this=android.webkit.WebView{54cf02d VFEDHVC.. .F...... 0,0-1080,2221 aid=1073741824}, caller=android.view.ViewGroup.setRequestedFrameRate:10045 WV.xf.p:1 WV.wg.h:117 WV.wg.onDraw:7 com.android.webview.chromium.WebViewChromium.onDraw:19 
2026-07-18 03:19:54.092 22497-22497 View                    com.intourist.vpn                    I  setRequestedFrameRate frameRate=-4.0, this=android.webkit.WebView{54cf02d VFEDHVC.. .F...... 0,0-1080,2221 aid=1073741824}, caller=android.view.ViewGroup.setRequestedFrameRate:10045 WV.xf.p:1 WV.wg.h:117 WV.wg.onDraw:7 com.android.webview.chromium.WebViewChromium.onDraw:19 
2026-07-18 03:19:54.104 22497-22497 View                    com.intourist.vpn                    I  setRequestedFrameRate frameRate=-4.0, this=android.webkit.WebView{54cf02d VFEDHVC.. .F...... 0,0-1080,2221 aid=1073741824}, caller=android.view.ViewGroup.setRequestedFrameRate:10045 WV.xf.p:1 WV.wg.h:117 WV.wg.onDraw:7 com.android.webview.chromium.WebViewChromium.onDraw:19 
2026-07-18 03:19:54.110 22497-22497 VRI[MainAc...y]@c1f9d50 com.intourist.vpn                    I  ViewPostIme pointer 1
2026-07-18 03:19:54.114 22497-22497 View                    com.intourist.vpn                    I  setRequestedFrameRate frameRate=-4.0, this=android.webkit.WebView{54cf02d VFEDHVC.. .F...... 0,0-1080,2221 aid=1073741824}, caller=android.view.ViewGroup.setRequestedFrameRate:10045 WV.xf.p:1 WV.wg.h:117 WV.wg.onDraw:7 com.android.webview.chromium.WebViewChromium.onDraw:19 
2026-07-18 03:19:54.125 22497-22497 View                    com.intourist.vpn                    I  setRequestedFrameRate frameRate=-4.0, this=android.webkit.WebView{54cf02d VFEDHVC.. .F...... 0,0-1080,2221 aid=1073741824}, caller=android.view.ViewGroup.setRequestedFrameRate:10045 WV.xf.p:1 WV.wg.h:117 WV.wg.onDraw:7 com.android.webview.chromium.WebViewChromium.onDraw:19 
2026-07-18 03:19:54.135 22497-22497 View                    com.intourist.vpn                    I  setRequestedFrameRate frameRate=-4.0, this=android.webkit.WebView{54cf02d VFEDHVC.. .F...... 0,0-1080,2221 aid=1073741824}, caller=android.view.ViewGroup.setRequestedFrameRate:10045 WV.xf.p:1 WV.wg.h:117 WV.wg.onDraw:7 com.android.webview.chromium.WebViewChromium.onDraw:19 
2026-07-18 03:19:54.148 22497-22497 View                    com.intourist.vpn                    I  setRequestedFrameRate frameRate=-4.0, this=android.webkit.WebView{54cf02d VFEDHVC.. .F...... 0,0-1080,2221 aid=1073741824}, caller=android.view.ViewGroup.setRequestedFrameRate:10045 WV.xf.p:1 WV.wg.h:117 WV.wg.onDraw:7 com.android.webview.chromium.WebViewChromium.onDraw:19 
2026-07-18 03:19:54.158 22497-22497 View                    com.intourist.vpn                    I  setRequestedFrameRate frameRate=-4.0, this=android.webkit.WebView{54cf02d VFEDHVC.. .F...... 0,0-1080,2221 aid=1073741824}, caller=android.view.ViewGroup.setRequestedFrameRate:10045 WV.xf.p:1 WV.wg.h:117 WV.wg.onDraw:7 com.android.webview.chromium.WebViewChromium.onDraw:19 
2026-07-18 03:19:54.169 22497-22497 View                    com.intourist.vpn                    I  setRequestedFrameRate frameRate=-4.0, this=android.webkit.WebView{54cf02d VFEDHVC.. .F...... 0,0-1080,2221 aid=1073741824}, caller=android.view.ViewGroup.setRequestedFrameRate:10045 WV.xf.p:1 WV.wg.h:117 WV.wg.onDraw:7 com.android.webview.chromium.WebViewChromium.onDraw:19 
2026-07-18 03:19:54.180 22497-22497 View                    com.intourist.vpn                    I  setRequestedFrameRate frameRate=-4.0, this=android.webkit.WebView{54cf02d VFEDHVC.. .F...... 0,0-1080,2221 aid=1073741824}, caller=android.view.ViewGroup.setRequestedFrameRate:10045 WV.xf.p:1 WV.wg.h:117 WV.wg.onDraw:7 com.android.webview.chromium.WebViewChromium.onDraw:19 
2026-07-18 03:19:54.191 22497-22497 View                    com.intourist.vpn                    I  setRequestedFrameRate frameRate=-4.0, this=android.webkit.WebView{54cf02d VFEDHVC.. .F...... 0,0-1080,2221 aid=1073741824}, caller=android.view.ViewGroup.setRequestedFrameRate:10045 WV.xf.p:1 WV.wg.h:117 WV.wg.onDraw:7 com.android.webview.chromium.WebViewChromium.onDraw:19 
2026-07-18 03:19:54.203 22497-22497 View                    com.intourist.vpn                    I  setRequestedFrameRate frameRate=-4.0, this=android.webkit.WebView{54cf02d VFEDHVC.. .F...... 0,0-1080,2221 aid=1073741824}, caller=android.view.ViewGroup.setRequestedFrameRate:10045 WV.xf.p:1 WV.wg.h:117 WV.wg.onDraw:7 com.android.webview.chromium.WebViewChromium.onDraw:19 
2026-07-18 03:19:54.214 22497-22497 View                    com.intourist.vpn                    I  setRequestedFrameRate frameRate=-4.0, this=android.webkit.WebView{54cf02d VFEDHVC.. .F...... 0,0-1080,2221 aid=1073741824}, caller=android.view.ViewGroup.setRequestedFrameRate:10045 WV.xf.p:1 WV.wg.h:117 WV.wg.onDraw:7 com.android.webview.chromium.WebViewChromium.onDraw:19 
2026-07-18 03:19:54.224 22497-22497 View                    com.intourist.vpn                    I  setRequestedFrameRate frameRate=-4.0, this=android.webkit.WebView{54cf02d VFEDHVC.. .F...... 0,0-1080,2221 aid=1073741824}, caller=android.view.ViewGroup.setRequestedFrameRate:10045 WV.xf.p:1 WV.wg.h:117 WV.wg.onDraw:7 com.android.webview.chromium.WebViewChromium.onDraw:19 
2026-07-18 03:19:54.236 22497-22497 View                    com.intourist.vpn                    I  setRequestedFrameRate frameRate=-4.0, this=android.webkit.WebView{54cf02d VFEDHVC.. .F...... 0,0-1080,2221 aid=1073741824}, caller=android.view.ViewGroup.setRequestedFrameRate:10045 WV.xf.p:1 WV.wg.h:117 WV.wg.onDraw:7 com.android.webview.chromium.WebViewChromium.onDraw:19 
2026-07-18 03:19:54.247 22497-22497 View                    com.intourist.vpn                    I  setRequestedFrameRate frameRate=-4.0, this=android.webkit.WebView{54cf02d VFEDHVC.. .F...... 0,0-1080,2221 aid=1073741824}, caller=android.view.ViewGroup.setRequestedFrameRate:10045 WV.xf.p:1 WV.wg.h:117 WV.wg.onDraw:7 com.android.webview.chromium.WebViewChromium.onDraw:19 
2026-07-18 03:19:54.258 22497-22497 View                    com.intourist.vpn                    I  setRequestedFrameRate frameRate=-4.0, this=android.webkit.WebView{54cf02d VFEDHVC.. .F...... 0,0-1080,2221 aid=1073741824}, caller=android.view.ViewGroup.setRequestedFrameRate:10045 WV.xf.p:1 WV.wg.h:117 WV.wg.onDraw:7 com.android.webview.chromium.WebViewChromium.onDraw:19 
2026-07-18 03:19:54.269 22497-22497 View                    com.intourist.vpn                    I  setRequestedFrameRate frameRate=-4.0, this=android.webkit.WebView{54cf02d VFEDHVC.. .F...... 0,0-1080,2221 aid=1073741824}, caller=android.view.ViewGroup.setRequestedFrameRate:10045 WV.xf.p:1 WV.wg.h:117 WV.wg.onDraw:7 com.android.webview.chromium.WebViewChromium.onDraw:19 
2026-07-18 03:19:54.281 22497-22497 View                    com.intourist.vpn                    I  setRequestedFrameRate frameRate=-4.0, this=android.webkit.WebView{54cf02d VFEDHVC.. .F...... 0,0-1080,2221 aid=1073741824}, caller=android.view.ViewGroup.setRequestedFrameRate:10045 WV.xf.p:1 WV.wg.h:117 WV.wg.onDraw:7 com.android.webview.chromium.WebViewChromium.onDraw:19 
2026-07-18 03:19:54.292 22497-22497 View                    com.intourist.vpn                    I  setRequestedFrameRate frameRate=-4.0, this=android.webkit.WebView{54cf02d VFEDHVC.. .F...... 0,0-1080,2221 aid=1073741824}, caller=android.view.ViewGroup.setRequestedFrameRate:10045 WV.xf.p:1 WV.wg.h:117 WV.wg.onDraw:7 com.android.webview.chromium.WebViewChromium.onDraw:19 
2026-07-18 03:19:54.303 22497-22497 View                    com.intourist.vpn                    I  setRequestedFrameRate frameRate=-4.0, this=android.webkit.WebView{54cf02d VFEDHVC.. .F...... 0,0-1080,2221 aid=1073741824}, caller=android.view.ViewGroup.setRequestedFrameRate:10045 WV.xf.p:1 WV.wg.h:117 WV.wg.onDraw:7 com.android.webview.chromium.WebViewChromium.onDraw:19 
2026-07-18 03:19:54.314 22497-22497 View                    com.intourist.vpn                    I  setRequestedFrameRate frameRate=-4.0, this=android.webkit.WebView{54cf02d VFEDHVC.. .F...... 0,0-1080,2221 aid=1073741824}, caller=android.view.ViewGroup.setRequestedFrameRate:10045 WV.xf.p:1 WV.wg.h:117 WV.wg.onDraw:7 com.android.webview.chromium.WebViewChromium.onDraw:19 
2026-07-18 03:19:54.325 22497-22497 View                    com.intourist.vpn                    I  setRequestedFrameRate frameRate=-4.0, this=android.webkit.WebView{54cf02d VFEDHVC.. .F...... 0,0-1080,2221 aid=1073741824}, caller=android.view.ViewGroup.setRequestedFrameRate:10045 WV.xf.p:1 WV.wg.h:117 WV.wg.onDraw:7 com.android.webview.chromium.WebViewChromium.onDraw:19 
2026-07-18 03:19:54.466 22497-22497 VRI[MainAc...y]@c1f9d50 com.intourist.vpn                    I  ViewPostIme pointer 0
2026-07-18 03:19:54.569 22497-22497 View                    com.intourist.vpn                    I  setRequestedFrameRate frameRate=-4.0, this=android.webkit.WebView{54cf02d VFEDHVC.. .F...... 0,0-1080,2221 aid=1073741824}, caller=android.view.ViewGroup.setRequestedFrameRate:10045 WV.xf.p:1 WV.wg.h:117 WV.wg.onDraw:7 com.android.webview.chromium.WebViewChromium.onDraw:19 
2026-07-18 03:19:54.581 22497-22497 View                    com.intourist.vpn                    I  setRequestedFrameRate frameRate=-4.0, this=android.webkit.WebView{54cf02d VFEDHVC.. .F...... 0,0-1080,2221 aid=1073741824}, caller=android.view.ViewGroup.setRequestedFrameRate:10045 WV.xf.p:1 WV.wg.h:117 WV.wg.onDraw:7 com.android.webview.chromium.WebViewChromium.onDraw:19 
2026-07-18 03:19:54.593 22497-22497 VRI[MainAc...y]@c1f9d50 com.intourist.vpn                    I  ViewPostIme pointer 1
2026-07-18 03:19:54.597 22497-22497 View                    com.intourist.vpn                    I  setRequestedFrameRate frameRate=-4.0, this=android.webkit.WebView{54cf02d VFEDHVC.. .F...... 0,0-1080,2221 aid=1073741824}, caller=android.view.ViewGroup.setRequestedFrameRate:10045 WV.xf.p:1 WV.wg.h:117 WV.wg.onDraw:7 com.android.webview.chromium.WebViewChromium.onDraw:19 
2026-07-18 03:19:54.601 22497-22497 View                    com.intourist.vpn                    I  setRequestedFrameRate frameRate=-4.0, this=android.webkit.WebView{54cf02d VFEDHVC.. .F...... 0,0-1080,2221 aid=1073741824}, caller=android.view.ViewGroup.setRequestedFrameRate:10045 WV.xf.p:1 WV.wg.h:117 WV.wg.onDraw:7 com.android.webview.chromium.WebViewChromium.onDraw:19 
2026-07-18 03:19:54.613 22497-22497 View                    com.intourist.vpn                    I  setRequestedFrameRate frameRate=-4.0, this=android.webkit.WebView{54cf02d VFEDHVC.. .F...... 0,0-1080,2221 aid=1073741824}, caller=android.view.ViewGroup.setRequestedFrameRate:10045 WV.xf.p:1 WV.wg.h:117 WV.wg.onDraw:7 com.android.webview.chromium.WebViewChromium.onDraw:19 
2026-07-18 03:19:54.624 22497-22497 View                    com.intourist.vpn                    I  setRequestedFrameRate frameRate=-4.0, this=android.webkit.WebView{54cf02d VFEDHVC.. .F...... 0,0-1080,2221 aid=1073741824}, caller=android.view.ViewGroup.setRequestedFrameRate:10045 WV.xf.p:1 WV.wg.h:117 WV.wg.onDraw:7 com.android.webview.chromium.WebViewChromium.onDraw:19 
2026-07-18 03:19:54.636 22497-22497 View                    com.intourist.vpn                    I  setRequestedFrameRate frameRate=-4.0, this=android.webkit.WebView{54cf02d VFEDHVC.. .F...... 0,0-1080,2221 aid=1073741824}, caller=android.view.ViewGroup.setRequestedFrameRate:10045 WV.xf.p:1 WV.wg.h:117 WV.wg.onDraw:7 com.android.webview.chromium.WebViewChromium.onDraw:19 
2026-07-18 03:19:54.638 22497-22537 GPUAUX                  com.intourist.vpn                    E  [AUX]GuiExtAuxCheckAuxPath:698: Null anb
2026-07-18 03:19:54.646 22497-22497 View                    com.intourist.vpn                    I  setRequestedFrameRate frameRate=-4.0, this=android.webkit.WebView{54cf02d VFEDHVC.. .F...... 0,0-1080,2221 aid=1073741824}, caller=android.view.ViewGroup.setRequestedFrameRate:10045 WV.xf.p:1 WV.wg.h:117 WV.wg.onDraw:7 com.android.webview.chromium.WebViewChromium.onDraw:19 
2026-07-18 03:19:54.658 22497-22497 View                    com.intourist.vpn                    I  setRequestedFrameRate frameRate=-4.0, this=android.webkit.WebView{54cf02d VFEDHVC.. .F...... 0,0-1080,2221 aid=1073741824}, caller=android.view.ViewGroup.setRequestedFrameRate:10045 WV.xf.p:1 WV.wg.h:117 WV.wg.onDraw:7 com.android.webview.chromium.WebViewChromium.onDraw:19 
2026-07-18 03:19:54.669 22497-22497 View                    com.intourist.vpn                    I  setRequestedFrameRate frameRate=-4.0, this=android.webkit.WebView{54cf02d VFEDHVC.. .F...... 0,0-1080,2221 aid=1073741824}, caller=android.view.ViewGroup.setRequestedFrameRate:10045 WV.xf.p:1 WV.wg.h:117 WV.wg.onDraw:7 com.android.webview.chromium.WebViewChromium.onDraw:19 
2026-07-18 03:19:54.680 22497-22497 View                    com.intourist.vpn                    I  setRequestedFrameRate frameRate=-4.0, this=android.webkit.WebView{54cf02d VFEDHVC.. .F...... 0,0-1080,2221 aid=1073741824}, caller=android.view.ViewGroup.setRequestedFrameRate:10045 WV.xf.p:1 WV.wg.h:117 WV.wg.onDraw:7 com.android.webview.chromium.WebViewChromium.onDraw:19 
2026-07-18 03:19:54.691 22497-22497 View                    com.intourist.vpn                    I  setRequestedFrameRate frameRate=-4.0, this=android.webkit.WebView{54cf02d VFEDHVC.. .F...... 0,0-1080,2221 aid=1073741824}, caller=android.view.ViewGroup.setRequestedFrameRate:10045 WV.xf.p:1 WV.wg.h:117 WV.wg.onDraw:7 com.android.webview.chromium.WebViewChromium.onDraw:19 
2026-07-18 03:19:54.702 22497-22497 View                    com.intourist.vpn                    I  setRequestedFrameRate frameRate=-4.0, this=android.webkit.WebView{54cf02d VFEDHVC.. .F...... 0,0-1080,2221 aid=1073741824}, caller=android.view.ViewGroup.setRequestedFrameRate:10045 WV.xf.p:1 WV.wg.h:117 WV.wg.onDraw:7 com.android.webview.chromium.WebViewChromium.onDraw:19 
2026-07-18 03:19:54.714 22497-22497 View                    com.intourist.vpn                    I  setRequestedFrameRate frameRate=-4.0, this=android.webkit.WebView{54cf02d VFEDHVC.. .F...... 0,0-1080,2221 aid=1073741824}, caller=android.view.ViewGroup.setRequestedFrameRate:10045 WV.xf.p:1 WV.wg.h:117 WV.wg.onDraw:7 com.android.webview.chromium.WebViewChromium.onDraw:19 
2026-07-18 03:19:54.724 22497-22497 View                    com.intourist.vpn                    I  setRequestedFrameRate frameRate=-4.0, this=android.webkit.WebView{54cf02d VFEDHVC.. .F...... 0,0-1080,2221 aid=1073741824}, caller=android.view.ViewGroup.setRequestedFrameRate:10045 WV.xf.p:1 WV.wg.h:117 WV.wg.onDraw:7 com.android.webview.chromium.WebViewChromium.onDraw:19 
2026-07-18 03:19:54.735 22497-22497 View                    com.intourist.vpn                    I  setRequestedFrameRate frameRate=-4.0, this=android.webkit.WebView{54cf02d VFEDHVC.. .F...... 0,0-1080,2221 aid=1073741824}, caller=android.view.ViewGroup.setRequestedFrameRate:10045 WV.xf.p:1 WV.wg.h:117 WV.wg.onDraw:7 com.android.webview.chromium.WebViewChromium.onDraw:19 
2026-07-18 03:19:54.746 22497-22497 View                    com.intourist.vpn                    I  setRequestedFrameRate frameRate=-4.0, this=android.webkit.WebView{54cf02d VFEDHVC.. .F...... 0,0-1080,2221 aid=1073741824}, caller=android.view.ViewGroup.setRequestedFrameRate:10045 WV.xf.p:1 WV.wg.h:117 WV.wg.onDraw:7 com.android.webview.chromium.WebViewChromium.onDraw:19 
2026-07-18 03:19:54.757 22497-22497 View                    com.intourist.vpn                    I  setRequestedFrameRate frameRate=-4.0, this=android.webkit.WebView{54cf02d VFEDHVC.. .F...... 0,0-1080,2221 aid=1073741824}, caller=android.view.ViewGroup.setRequestedFrameRate:10045 WV.xf.p:1 WV.wg.h:117 WV.wg.onDraw:7 com.android.webview.chromium.WebViewChromium.onDraw:19 
2026-07-18 03:19:54.768 22497-22497 View                    com.intourist.vpn                    I  setRequestedFrameRate frameRate=-4.0, this=android.webkit.WebView{54cf02d VFEDHVC.. .F...... 0,0-1080,2221 aid=1073741824}, caller=android.view.ViewGroup.setRequestedFrameRate:10045 WV.xf.p:1 WV.wg.h:117 WV.wg.onDraw:7 com.android.webview.chromium.WebViewChromium.onDraw:19 
2026-07-18 03:19:54.780 22497-22497 View                    com.intourist.vpn                    I  setRequestedFrameRate frameRate=-4.0, this=android.webkit.WebView{54cf02d VFEDHVC.. .F...... 0,0-1080,2221 aid=1073741824}, caller=android.view.ViewGroup.setRequestedFrameRate:10045 WV.xf.p:1 WV.wg.h:117 WV.wg.onDraw:7 com.android.webview.chromium.WebViewChromium.onDraw:19 
2026-07-18 03:19:54.791 22497-22497 View                    com.intourist.vpn                    I  setRequestedFrameRate frameRate=-4.0, this=android.webkit.WebView{54cf02d VFEDHVC.. .F...... 0,0-1080,2221 aid=1073741824}, caller=android.view.ViewGroup.setRequestedFrameRate:10045 WV.xf.p:1 WV.wg.h:117 WV.wg.onDraw:7 com.android.webview.chromium.WebViewChromium.onDraw:19 
2026-07-18 03:19:54.802 22497-22497 View                    com.intourist.vpn                    I  setRequestedFrameRate frameRate=-4.0, this=android.webkit.WebView{54cf02d VFEDHVC.. .F...... 0,0-1080,2221 aid=1073741824}, caller=android.view.ViewGroup.setRequestedFrameRate:10045 WV.xf.p:1 WV.wg.h:117 WV.wg.onDraw:7 com.android.webview.chromium.WebViewChromium.onDraw:19 
2026-07-18 03:19:54.813 22497-22497 View                    com.intourist.vpn                    I  setRequestedFrameRate frameRate=-4.0, this=android.webkit.WebView{54cf02d VFEDHVC.. .F...... 0,0-1080,2221 aid=1073741824}, caller=android.view.ViewGroup.setRequestedFrameRate:10045 WV.xf.p:1 WV.wg.h:117 WV.wg.onDraw:7 com.android.webview.chromium.WebViewChromium.onDraw:19 
2026-07-18 03:19:54.824 22497-22497 View                    com.intourist.vpn                    I  setRequestedFrameRate frameRate=-4.0, this=android.webkit.WebView{54cf02d VFEDHVC.. .F...... 0,0-1080,2221 aid=1073741824}, caller=android.view.ViewGroup.setRequestedFrameRate:10045 WV.xf.p:1 WV.wg.h:117 WV.wg.onDraw:7 com.android.webview.chromium.WebViewChromium.onDraw:19 
2026-07-18 03:19:54.835 22497-22497 View                    com.intourist.vpn                    I  setRequestedFrameRate frameRate=-4.0, this=android.webkit.WebView{54cf02d VFEDHVC.. .F...... 0,0-1080,2221 aid=1073741824}, caller=android.view.ViewGroup.setRequestedFrameRate:10045 WV.xf.p:1 WV.wg.h:117 WV.wg.onDraw:7 com.android.webview.chromium.WebViewChromium.onDraw:19 
2026-07-18 03:19:54.847 22497-22497 View                    com.intourist.vpn                    I  setRequestedFrameRate frameRate=-4.0, this=android.webkit.WebView{54cf02d VFEDHVC.. .F...... 0,0-1080,2221 aid=1073741824}, caller=android.view.ViewGroup.setRequestedFrameRate:10045 WV.xf.p:1 WV.wg.h:117 WV.wg.onDraw:7 com.android.webview.chromium.WebViewChromium.onDraw:19 
2026-07-18 03:19:54.858 22497-22497 View                    com.intourist.vpn                    I  setRequestedFrameRate frameRate=-4.0, this=android.webkit.WebView{54cf02d VFEDHVC.. .F...... 0,0-1080,2221 aid=1073741824}, caller=android.view.ViewGroup.setRequestedFrameRate:10045 WV.xf.p:1 WV.wg.h:117 WV.wg.onDraw:7 com.android.webview.chromium.WebViewChromium.onDraw:19 
2026-07-18 03:19:54.869 22497-22497 View                    com.intourist.vpn                    I  setRequestedFrameRate frameRate=-4.0, this=android.webkit.WebView{54cf02d VFEDHVC.. .F...... 0,0-1080,2221 aid=1073741824}, caller=android.view.ViewGroup.setRequestedFrameRate:10045 WV.xf.p:1 WV.wg.h:117 WV.wg.onDraw:7 com.android.webview.chromium.WebViewChromium.onDraw:19 
2026-07-18 03:19:54.880 22497-22497 View                    com.intourist.vpn                    I  setRequestedFrameRate frameRate=-4.0, this=android.webkit.WebView{54cf02d VFEDHVC.. .F...... 0,0-1080,2221 aid=1073741824}, caller=android.view.ViewGroup.setRequestedFrameRate:10045 WV.xf.p:1 WV.wg.h:117 WV.wg.onDraw:7 com.android.webview.chromium.WebViewChromium.onDraw:19 
2026-07-18 03:19:54.890 22497-22497 View                    com.intourist.vpn                    I  setRequestedFrameRate frameRate=-4.0, this=android.webkit.WebView{54cf02d VFEDHVC.. .F...... 0,0-1080,2221 aid=1073741824}, caller=android.view.ViewGroup.setRequestedFrameRate:10045 WV.xf.p:1 WV.wg.h:117 WV.wg.onDraw:7 com.android.webview.chromium.WebViewChromium.onDraw:19 
2026-07-18 03:19:54.901 22497-22497 View                    com.intourist.vpn                    I  setRequestedFrameRate frameRate=-4.0, this=android.webkit.WebView{54cf02d VFEDHVC.. .F...... 0,0-1080,2221 aid=1073741824}, caller=android.view.ViewGroup.setRequestedFrameRate:10045 WV.xf.p:1 WV.wg.h:117 WV.wg.onDraw:7 com.android.webview.chromium.WebViewChromium.onDraw:19 
2026-07-18 03:19:54.913 22497-22497 View                    com.intourist.vpn                    I  setRequestedFrameRate frameRate=-4.0, this=android.webkit.WebView{54cf02d VFEDHVC.. .F...... 0,0-1080,2221 aid=1073741824}, caller=android.view.ViewGroup.setRequestedFrameRate:10045 WV.xf.p:1 WV.wg.h:117 WV.wg.onDraw:7 com.android.webview.chromium.WebViewChromium.onDraw:19 
2026-07-18 03:19:54.924 22497-22497 View                    com.intourist.vpn                    I  setRequestedFrameRate frameRate=-4.0, this=android.webkit.WebView{54cf02d VFEDHVC.. .F...... 0,0-1080,2221 aid=1073741824}, caller=android.view.ViewGroup.setRequestedFrameRate:10045 WV.xf.p:1 WV.wg.h:117 WV.wg.onDraw:7 com.android.webview.chromium.WebViewChromium.onDraw:19 
2026-07-18 03:19:54.935 22497-22497 View                    com.intourist.vpn                    I  setRequestedFrameRate frameRate=-4.0, this=android.webkit.WebView{54cf02d VFEDHVC.. .F...... 0,0-1080,2221 aid=1073741824}, caller=android.view.ViewGroup.setRequestedFrameRate:10045 WV.xf.p:1 WV.wg.h:117 WV.wg.onDraw:7 com.android.webview.chromium.WebViewChromium.onDraw:19 
2026-07-18 03:19:54.946 22497-22497 View                    com.intourist.vpn                    I  setRequestedFrameRate frameRate=-4.0, this=android.webkit.WebView{54cf02d VFEDHVC.. .F...... 0,0-1080,2221 aid=1073741824}, caller=android.view.ViewGroup.setRequestedFrameRate:10045 WV.xf.p:1 WV.wg.h:117 WV.wg.onDraw:7 com.android.webview.chromium.WebViewChromium.onDraw:19 
2026-07-18 03:19:54.950 22497-22497 VRI[MainAc...y]@c1f9d50 com.intourist.vpn                    I  ViewPostIme pointer 0
2026-07-18 03:19:55.034 22497-22497 VRI[MainAc...y]@c1f9d50 com.intourist.vpn                    I  ViewPostIme pointer 1
2026-07-18 03:19:55.037 22497-22497 View                    com.intourist.vpn                    I  setRequestedFrameRate frameRate=-4.0, this=android.webkit.WebView{54cf02d VFEDHVC.. .F...... 0,0-1080,2221 aid=1073741824}, caller=android.view.ViewGroup.setRequestedFrameRate:10045 WV.xf.p:1 WV.wg.h:117 WV.wg.onDraw:7 com.android.webview.chromium.WebViewChromium.onDraw:19 
2026-07-18 03:19:55.049 22497-22497 View                    com.intourist.vpn                    I  setRequestedFrameRate frameRate=-4.0, this=android.webkit.WebView{54cf02d VFEDHVC.. .F...... 0,0-1080,2221 aid=1073741824}, caller=android.view.ViewGroup.setRequestedFrameRate:10045 WV.xf.p:1 WV.wg.h:117 WV.wg.onDraw:7 com.android.webview.chromium.WebViewChromium.onDraw:19 
2026-07-18 03:19:55.051 22497-22537 GPUAUX                  com.intourist.vpn                    E  [AUX]GuiExtAuxCheckAuxPath:698: Null anb
2026-07-18 03:19:55.057 22497-22497 View                    com.intourist.vpn                    I  setRequestedFrameRate frameRate=-4.0, this=android.webkit.WebView{54cf02d VFEDHVC.. .F...... 0,0-1080,2221 aid=1073741824}, caller=android.view.ViewGroup.setRequestedFrameRate:10045 WV.xf.p:1 WV.wg.h:117 WV.wg.onDraw:7 com.android.webview.chromium.WebViewChromium.onDraw:19 
2026-07-18 03:19:55.068 22497-22497 View                    com.intourist.vpn                    I  setRequestedFrameRate frameRate=-4.0, this=android.webkit.WebView{54cf02d VFEDHVC.. .F...... 0,0-1080,2221 aid=1073741824}, caller=android.view.ViewGroup.setRequestedFrameRate:10045 WV.xf.p:1 WV.wg.h:117 WV.wg.onDraw:7 com.android.webview.chromium.WebViewChromium.onDraw:19 
2026-07-18 03:19:55.079 22497-22497 View                    com.intourist.vpn                    I  setRequestedFrameRate frameRate=-4.0, this=android.webkit.WebView{54cf02d VFEDHVC.. .F...... 0,0-1080,2221 aid=1073741824}, caller=android.view.ViewGroup.setRequestedFrameRate:10045 WV.xf.p:1 WV.wg.h:117 WV.wg.onDraw:7 com.android.webview.chromium.WebViewChromium.onDraw:19 
2026-07-18 03:19:55.091 22497-22497 View                    com.intourist.vpn                    I  setRequestedFrameRate frameRate=-4.0, this=android.webkit.WebView{54cf02d VFEDHVC.. .F...... 0,0-1080,2221 aid=1073741824}, caller=android.view.ViewGroup.setRequestedFrameRate:10045 WV.xf.p:1 WV.wg.h:117 WV.wg.onDraw:7 com.android.webview.chromium.WebViewChromium.onDraw:19 
2026-07-18 03:19:55.101 22497-22497 View                    com.intourist.vpn                    I  setRequestedFrameRate frameRate=-4.0, this=android.webkit.WebView{54cf02d VFEDHVC.. .F...... 0,0-1080,2221 aid=1073741824}, caller=android.view.ViewGroup.setRequestedFrameRate:10045 WV.xf.p:1 WV.wg.h:117 WV.wg.onDraw:7 com.android.webview.chromium.WebViewChromium.onDraw:19 
2026-07-18 03:19:55.113 22497-22497 View                    com.intourist.vpn                    I  setRequestedFrameRate frameRate=-4.0, this=android.webkit.WebView{54cf02d VFEDHVC.. .F...... 0,0-1080,2221 aid=1073741824}, caller=android.view.ViewGroup.setRequestedFrameRate:10045 WV.xf.p:1 WV.wg.h:117 WV.wg.onDraw:7 com.android.webview.chromium.WebViewChromium.onDraw:19 
2026-07-18 03:19:55.124 22497-22497 View                    com.intourist.vpn                    I  setRequestedFrameRate frameRate=-4.0, this=android.webkit.WebView{54cf02d VFEDHVC.. .F...... 0,0-1080,2221 aid=1073741824}, caller=android.view.ViewGroup.setRequestedFrameRate:10045 WV.xf.p:1 WV.wg.h:117 WV.wg.onDraw:7 com.android.webview.chromium.WebViewChromium.onDraw:19 
2026-07-18 03:19:55.134 22497-22497 View                    com.intourist.vpn                    I  setRequestedFrameRate frameRate=-4.0, this=android.webkit.WebView{54cf02d VFEDHVC.. .F...... 0,0-1080,2221 aid=1073741824}, caller=android.view.ViewGroup.setRequestedFrameRate:10045 WV.xf.p:1 WV.wg.h:117 WV.wg.onDraw:7 com.android.webview.chromium.WebViewChromium.onDraw:19 
2026-07-18 03:19:55.146 22497-22497 View                    com.intourist.vpn                    I  setRequestedFrameRate frameRate=-4.0, this=android.webkit.WebView{54cf02d VFEDHVC.. .F...... 0,0-1080,2221 aid=1073741824}, caller=android.view.ViewGroup.setRequestedFrameRate:10045 WV.xf.p:1 WV.wg.h:117 WV.wg.onDraw:7 com.android.webview.chromium.WebViewChromium.onDraw:19 
2026-07-18 03:19:55.157 22497-22497 View                    com.intourist.vpn                    I  setRequestedFrameRate frameRate=-4.0, this=android.webkit.WebView{54cf02d VFEDHVC.. .F...... 0,0-1080,2221 aid=1073741824}, caller=android.view.ViewGroup.setRequestedFrameRate:10045 WV.xf.p:1 WV.wg.h:117 WV.wg.onDraw:7 com.android.webview.chromium.WebViewChromium.onDraw:19 
2026-07-18 03:19:55.168 22497-22497 View                    com.intourist.vpn                    I  setRequestedFrameRate frameRate=-4.0, this=android.webkit.WebView{54cf02d VFEDHVC.. .F...... 0,0-1080,2221 aid=1073741824}, caller=android.view.ViewGroup.setRequestedFrameRate:10045 WV.xf.p:1 WV.wg.h:117 WV.wg.onDraw:7 com.android.webview.chromium.WebViewChromium.onDraw:19 
2026-07-18 03:19:55.179 22497-22497 View                    com.intourist.vpn                    I  setRequestedFrameRate frameRate=-4.0, this=android.webkit.WebView{54cf02d VFEDHVC.. .F...... 0,0-1080,2221 aid=1073741824}, caller=android.view.ViewGroup.setRequestedFrameRate:10045 WV.xf.p:1 WV.wg.h:117 WV.wg.onDraw:7 com.android.webview.chromium.WebViewChromium.onDraw:19 
2026-07-18 03:19:55.190 22497-22497 View                    com.intourist.vpn                    I  setRequestedFrameRate frameRate=-4.0, this=android.webkit.WebView{54cf02d VFEDHVC.. .F...... 0,0-1080,2221 aid=1073741824}, caller=android.view.ViewGroup.setRequestedFrameRate:10045 WV.xf.p:1 WV.wg.h:117 WV.wg.onDraw:7 com.android.webview.chromium.WebViewChromium.onDraw:19 
2026-07-18 03:19:55.201 22497-22497 View                    com.intourist.vpn                    I  setRequestedFrameRate frameRate=-4.0, this=android.webkit.WebView{54cf02d VFEDHVC.. .F...... 0,0-1080,2221 aid=1073741824}, caller=android.view.ViewGroup.setRequestedFrameRate:10045 WV.xf.p:1 WV.wg.h:117 WV.wg.onDraw:7 com.android.webview.chromium.WebViewChromium.onDraw:19 
2026-07-18 03:19:55.213 22497-22497 View                    com.intourist.vpn                    I  setRequestedFrameRate frameRate=-4.0, this=android.webkit.WebView{54cf02d VFEDHVC.. .F...... 0,0-1080,2221 aid=1073741824}, caller=android.view.ViewGroup.setRequestedFrameRate:10045 WV.xf.p:1 WV.wg.h:117 WV.wg.onDraw:7 com.android.webview.chromium.WebViewChromium.onDraw:19 
2026-07-18 03:19:55.215 22497-22991 IntouristVpnService     com.intourist.vpn                    I  [WARN] SOCKS5 parse error from 127.0.0.1:36528: unsupported SOCKS5 command: 3 (only CONNECT=1 is supported)
2026-07-18 03:19:55.216 22497-22949 GoLog                   com.intourist.vpn                    E  {"level":"warn","ts":1784333995.2163801,"caller":"tunnel/udp.go:31","msg":"[UDP] dial 1.1.1.1:53: client handshake: UDP ASSOCIATE: command not supported"}
2026-07-18 03:19:55.223 22497-22497 View                    com.intourist.vpn                    I  setRequestedFrameRate frameRate=-4.0, this=android.webkit.WebView{54cf02d VFEDHVC.. .F...... 0,0-1080,2221 aid=1073741824}, caller=android.view.ViewGroup.setRequestedFrameRate:10045 WV.xf.p:1 WV.wg.h:117 WV.wg.onDraw:7 com.android.webview.chromium.WebViewChromium.onDraw:19 
2026-07-18 03:19:55.234 22497-22497 View                    com.intourist.vpn                    I  setRequestedFrameRate frameRate=-4.0, this=android.webkit.WebView{54cf02d VFEDHVC.. .F...... 0,0-1080,2221 aid=1073741824}, caller=android.view.ViewGroup.setRequestedFrameRate:10045 WV.xf.p:1 WV.wg.h:117 WV.wg.onDraw:7 com.android.webview.chromium.WebViewChromium.onDraw:19 
2026-07-18 03:19:55.236 22497-22537 GPUAUX                  com.intourist.vpn                    E  [AUX]GuiExtAuxCheckAuxPath:698: Null anb
2026-07-18 03:19:55.245 22497-22497 View                    com.intourist.vpn                    I  setRequestedFrameRate frameRate=-4.0, this=android.webkit.WebView{54cf02d VFEDHVC.. .F...... 0,0-1080,2221 aid=1073741824}, caller=android.view.ViewGroup.setRequestedFrameRate:10045 WV.xf.p:1 WV.wg.h:117 WV.wg.onDraw:7 com.android.webview.chromium.WebViewChromium.onDraw:19 
2026-07-18 03:19:55.248 22497-22537 GPUAUX                  com.intourist.vpn                    E  [AUX]GuiExtAuxCheckAuxPath:698: Null anb
2026-07-18 03:19:55.248 22497-22537 GPUAUX                  com.intourist.vpn                    E  [AUX]GuiExtAuxCheckAuxPath:698: Null anb
2026-07-18 03:19:55.257 22497-22497 View                    com.intourist.vpn                    I  setRequestedFrameRate frameRate=-4.0, this=android.webkit.WebView{54cf02d VFEDHVC.. .F...... 0,0-1080,2221 aid=1073741824}, caller=android.view.ViewGroup.setRequestedFrameRate:10045 WV.xf.p:1 WV.wg.h:117 WV.wg.onDraw:7 com.android.webview.chromium.WebViewChromium.onDraw:19 
2026-07-18 03:19:55.258 22497-22497 BLASTBufferQueue_Java   com.intourist.vpn                    I  update, w= 116 h= 58 mName = VRI[PopupWindow:16ac248]@543140a mNativeObject= 0xb400006eb5f23000 sc.mNativeObject= 0xb400006eb5f115c0 format= -3 caller= android.view.ViewRootImpl.updateBlastSurfaceIfNeeded:3592 android.view.ViewRootImpl.relayoutWindow:11813 android.view.ViewRootImpl.performTraversals:4840 android.view.ViewRootImpl.doTraversal:3959 android.view.ViewRootImpl$TraversalRunnable.run:13034 android.view.Choreographer$CallbackRecord.run:1961 
2026-07-18 03:19:55.258 22497-22497 VRI[PopupW...8]@543140a com.intourist.vpn                    I  Relayout returned: old=(430,2183,546,2241) new=(430,2249,546,2307) relayoutAsync=true req=(116,58)0 dur=0 res=0x0 s={true 0xb400006fb4750300} ch=false seqId=0
2026-07-18 03:19:55.259 22497-22497 VRI[PopupW...8]@543140a com.intourist.vpn                    I  registerCallbackForPendingTransactions
2026-07-18 03:19:55.262 22497-22617 VRI[PopupW...8]@543140a com.intourist.vpn                    I  mWNT: t=0xb400006fac563400 mBlastBufferQueue=0xb400006eb5f23000 fn= 24 HdrRenderState mRenderHdrSdrRatio=1.0 caller= android.view.ViewRootImpl$10.onFrameDraw:6615 android.view.ViewRootImpl$4.onFrameDraw:2485 android.view.ThreadedRenderer$1.onFrameDraw:751 
2026-07-18 03:19:55.268 22497-22497 View                    com.intourist.vpn                    I  setRequestedFrameRate frameRate=-4.0, this=android.webkit.WebView{54cf02d VFEDHVC.. .F...... 0,0-1080,2221 aid=1073741824}, caller=android.view.ViewGroup.setRequestedFrameRate:10045 WV.xf.p:1 WV.wg.h:117 WV.wg.onDraw:7 com.android.webview.chromium.WebViewChromium.onDraw:19 
2026-07-18 03:19:55.278 22497-22497 View                    com.intourist.vpn                    I  setRequestedFrameRate frameRate=-4.0, this=android.webkit.WebView{54cf02d VFEDHVC.. .F...... 0,0-1080,2221 aid=1073741824}, caller=android.view.ViewGroup.setRequestedFrameRate:10045 WV.xf.p:1 WV.wg.h:117 WV.wg.onDraw:7 com.android.webview.chromium.WebViewChromium.onDraw:19 
2026-07-18 03:19:55.290 22497-22497 View                    com.intourist.vpn                    I  setRequestedFrameRate frameRate=-4.0, this=android.webkit.WebView{54cf02d VFEDHVC.. .F...... 0,0-1080,2221 aid=1073741824}, caller=android.view.ViewGroup.setRequestedFrameRate:10045 WV.xf.p:1 WV.wg.h:117 WV.wg.onDraw:7 com.android.webview.chromium.WebViewChromium.onDraw:19 
2026-07-18 03:19:55.301 22497-22497 View                    com.intourist.vpn                    I  setRequestedFrameRate frameRate=-4.0, this=android.webkit.WebView{54cf02d VFEDHVC.. .F...... 0,0-1080,2221 aid=1073741824}, caller=android.view.ViewGroup.setRequestedFrameRate:10045 WV.xf.p:1 WV.wg.h:117 WV.wg.onDraw:7 com.android.webview.chromium.WebViewChromium.onDraw:19 
2026-07-18 03:19:55.312 22497-22497 View                    com.intourist.vpn                    I  setRequestedFrameRate frameRate=-4.0, this=android.webkit.WebView{54cf02d VFEDHVC.. .F...... 0,0-1080,2221 aid=1073741824}, caller=android.view.ViewGroup.setRequestedFrameRate:10045 WV.xf.p:1 WV.wg.h:117 WV.wg.onDraw:7 com.android.webview.chromium.WebViewChromium.onDraw:19 
2026-07-18 03:19:55.323 22497-22497 View                    com.intourist.vpn                    I  setRequestedFrameRate frameRate=-4.0, this=android.webkit.WebView{54cf02d VFEDHVC.. .F...... 0,0-1080,2221 aid=1073741824}, caller=android.view.ViewGroup.setRequestedFrameRate:10045 WV.xf.p:1 WV.wg.h:117 WV.wg.onDraw:7 com.android.webview.chromium.WebViewChromium.onDraw:19 
2026-07-18 03:19:55.334 22497-22497 View                    com.intourist.vpn                    I  setRequestedFrameRate frameRate=-4.0, this=android.webkit.WebView{54cf02d VFEDHVC.. .F...... 0,0-1080,2221 aid=1073741824}, caller=android.view.ViewGroup.setRequestedFrameRate:10045 WV.xf.p:1 WV.wg.h:117 WV.wg.onDraw:7 com.android.webview.chromium.WebViewChromium.onDraw:19 
2026-07-18 03:19:55.346 22497-22497 View                    com.intourist.vpn                    I  setRequestedFrameRate frameRate=-4.0, this=android.webkit.WebView{54cf02d VFEDHVC.. .F...... 0,0-1080,2221 aid=1073741824}, caller=android.view.ViewGroup.setRequestedFrameRate:10045 WV.xf.p:1 WV.wg.h:117 WV.wg.onDraw:7 com.android.webview.chromium.WebViewChromium.onDraw:19 
2026-07-18 03:19:55.357 22497-22497 View                    com.intourist.vpn                    I  setRequestedFrameRate frameRate=-4.0, this=android.webkit.WebView{54cf02d VFEDHVC.. .F...... 0,0-1080,2221 aid=1073741824}, caller=android.view.ViewGroup.setRequestedFrameRate:10045 WV.xf.p:1 WV.wg.h:117 WV.wg.onDraw:7 com.android.webview.chromium.WebViewChromium.onDraw:19 
2026-07-18 03:19:55.367 22497-22497 View                    com.intourist.vpn                    I  setRequestedFrameRate frameRate=-4.0, this=android.webkit.WebView{54cf02d VFEDHVC.. .F...... 0,0-1080,2221 aid=1073741824}, caller=android.view.ViewGroup.setRequestedFrameRate:10045 WV.xf.p:1 WV.wg.h:117 WV.wg.onDraw:7 com.android.webview.chromium.WebViewChromium.onDraw:19 
2026-07-18 03:19:55.379 22497-22497 View                    com.intourist.vpn                    I  setRequestedFrameRate frameRate=-4.0, this=android.webkit.WebView{54cf02d VFEDHVC.. .F...... 0,0-1080,2221 aid=1073741824}, caller=android.view.ViewGroup.setRequestedFrameRate:10045 WV.xf.p:1 WV.wg.h:117 WV.wg.onDraw:7 com.android.webview.chromium.WebViewChromium.onDraw:19 
2026-07-18 03:19:55.382 22497-22991 GoLog                   com.intourist.vpn                    E  {"level":"warn","ts":1784333995.3823092,"caller":"tunnel/udp.go:31","msg":"[UDP] dial 1.1.1.1:53: client handshake: UDP ASSOCIATE: command not supported"}
2026-07-18 03:19:55.384 22497-22951 IntouristVpnService     com.intourist.vpn                    I  [WARN] SOCKS5 parse error from 127.0.0.1:36542: unsupported SOCKS5 command: 3 (only CONNECT=1 is supported)
2026-07-18 03:19:55.390 22497-22497 View                    com.intourist.vpn                    I  setRequestedFrameRate frameRate=-4.0, this=android.webkit.WebView{54cf02d VFEDHVC.. .F...... 0,0-1080,2221 aid=1073741824}, caller=android.view.ViewGroup.setRequestedFrameRate:10045 WV.xf.p:1 WV.wg.h:117 WV.wg.onDraw:7 com.android.webview.chromium.WebViewChromium.onDraw:19 
2026-07-18 03:19:55.401 22497-22497 View                    com.intourist.vpn                    I  setRequestedFrameRate frameRate=-4.0, this=android.webkit.WebView{54cf02d VFEDHVC.. .F...... 0,0-1080,2221 aid=1073741824}, caller=android.view.ViewGroup.setRequestedFrameRate:10045 WV.xf.p:1 WV.wg.h:117 WV.wg.onDraw:7 com.android.webview.chromium.WebViewChromium.onDraw:19 
2026-07-18 03:19:55.412 22497-22497 View                    com.intourist.vpn                    I  setRequestedFrameRate frameRate=-4.0, this=android.webkit.WebView{54cf02d VFEDHVC.. .F...... 0,0-1080,2221 aid=1073741824}, caller=android.view.ViewGroup.setRequestedFrameRate:10045 WV.xf.p:1 WV.wg.h:117 WV.wg.onDraw:7 com.android.webview.chromium.WebViewChromium.onDraw:19 
2026-07-18 03:19:55.414 22497-22537 GPUAUX                  com.intourist.vpn                    E  [AUX]GuiExtAuxCheckAuxPath:698: Null anb
2026-07-18 03:19:55.423 22497-22497 View                    com.intourist.vpn                    I  setRequestedFrameRate frameRate=-4.0, this=android.webkit.WebView{54cf02d VFEDHVC.. .F...... 0,0-1080,2221 aid=1073741824}, caller=android.view.ViewGroup.setRequestedFrameRate:10045 WV.xf.p:1 WV.wg.h:117 WV.wg.onDraw:7 com.android.webview.chromium.WebViewChromium.onDraw:19 
