2026-07-18 03:18:29.420 22497-22497 Zygote                  com.intourist.vpn                    I  Process 22497 created for com.intourist.vpn
2026-07-18 03:18:29.420 22497-22497 m.intourist.vpn         com.intourist.vpn                    I  Late-enabling -Xcheck:jni
2026-07-18 03:18:29.466 22497-22497 m.intourist.vpn         com.intourist.vpn                    I  Using non-generational CollectorTypeCMC GC.
2026-07-18 03:18:29.492 22497-22497 nativeloader            com.intourist.vpn                    D  Load libframework-connectivity-tiramisu-jni.so using APEX ns com_android_tethering for caller /apex/com.android.tethering/javalib/framework-connectivity-t.jar: ok
2026-07-18 03:18:29.500 22497-22497 ActivityThread          com.intourist.vpn                    D  setConscryptValidator
2026-07-18 03:18:29.501 22497-22497 ActivityThread          com.intourist.vpn                    D  setConscryptValidator - put
2026-07-18 03:18:29.575 22497-22497 CompatChangeReporter    com.intourist.vpn                    D  Compat change id reported: 242716250; UID 10511; state: ENABLED
2026-07-18 03:18:29.747 22497-22497 nativeloader            com.intourist.vpn                    D  Configuring clns-9 for other apk /data/app/~~ahOtUSvq7V8YxxxQ83VCyg==/com.intourist.vpn-lkP1EtnZ0dlS_G66CtS7Fg==/base.apk. target_sdk_version=34, uses_libraries=, library_path=/data/app/~~ahOtUSvq7V8YxxxQ83VCyg==/com.intourist.vpn-lkP1EtnZ0dlS_G66CtS7Fg==/lib/arm64:/data/app/~~ahOtUSvq7V8YxxxQ83VCyg==/com.intourist.vpn-lkP1EtnZ0dlS_G66CtS7Fg==/base.apk!/lib/arm64-v8a, permitted_path=/data:/mnt/expand:/data/user/0/com.intourist.vpn
2026-07-18 03:18:29.807 22497-22497 GraphicsEnvironment     com.intourist.vpn                    V  Currently set values for:
2026-07-18 03:18:29.807 22497-22497 GraphicsEnvironment     com.intourist.vpn                    V    angle_gl_driver_selection_pkgs=[]
2026-07-18 03:18:29.807 22497-22497 GraphicsEnvironment     com.intourist.vpn                    V    angle_gl_driver_selection_values=[]
2026-07-18 03:18:29.807 22497-22497 GraphicsEnvironment     com.intourist.vpn                    V  com.intourist.vpn is not listed in per-application setting
2026-07-18 03:18:29.807 22497-22497 GraphicsEnvironment     com.intourist.vpn                    V  ANGLE allowlist from config: com.dreamgames.royalmatch com.dts.freefiremax com.dxx.firenow com.gramgames.mergedragons com.ludo.king com.mojang.minecraftpe com.my.defense com.nintendo.zaka com.os.airforce com.playrix.fishdomdd.gplay io.teslatech.callbreak jp.konami.prospia net.peakgames.toonblast
2026-07-18 03:18:29.807 22497-22497 GraphicsEnvironment     com.intourist.vpn                    V  No special selections for ANGLE, returning default driver choice
2026-07-18 03:18:29.807 22497-22497 GraphicsEnvironment     com.intourist.vpn                    V  Neither updatable production driver nor prerelease driver is supported.
2026-07-18 03:18:29.901 22497-22497 HWUI                    com.intourist.vpn                    I  Using FreeType backend (prop=Auto)
2026-07-18 03:18:29.924 22497-22497 ActivityThread          com.intourist.vpn                    D  com.intourist.vpn will use render engine as VK
2026-07-18 03:18:29.924 22497-22497 HWUI                    com.intourist.vpn                    D  HWUI - treat SMPTE_170M as sRGB
2026-07-18 03:18:29.931 22497-22537 DisplayManager          com.intourist.vpn                    I  Choreographer implicitly registered for the refresh rate.
2026-07-18 03:18:29.933 22497-22537 HWUI                    com.intourist.vpn                    D  CacheManager constructor. deviceInfo=(1080, 1920)
2026-07-18 03:18:29.934 22497-22537 libMEOW                 com.intourist.vpn                    D  meow new tls: 0xb400006fb96b55c0
2026-07-18 03:18:29.934 22497-22537 libMEOW                 com.intourist.vpn                    D  meow reload base cfg path: na
2026-07-18 03:18:29.934 22497-22537 libMEOW                 com.intourist.vpn                    D  meow reload overlay cfg path: na
2026-07-18 03:18:29.934 22497-22537 libMEOW                 com.intourist.vpn                    D  applied 0 plugin for [com.intourist.vpn].
2026-07-18 03:18:29.934 22497-22537 mali                    com.intourist.vpn                    I  Successfully parsed 2 environment variable(s) from /vendor/etc/mali_platform.config.
2026-07-18 03:18:29.935 22497-22537 mali                    com.intourist.vpn                    I  Successfully parsed 2 environment variable(s) from /vendor/etc/mali_platform.config.
2026-07-18 03:18:29.982 22497-22497 AppCompatDelegate       com.intourist.vpn                    D  Checking for metadata for AppLocalesMetadataHolderService : Service not found
2026-07-18 03:18:30.005 22497-22497 ashmem                  com.intourist.vpn                    E  Pinning is deprecated since Android Q. Please use trim or other methods.
2026-07-18 03:18:30.052 22497-22497 MainActivity            com.intourist.vpn                    I  onCreate
2026-07-18 03:18:30.174 22497-22497 WebViewFactory          com.intourist.vpn                    I  Loading com.google.android.webview version 150.0.7871.47 (code 787104703)
2026-07-18 03:18:30.233 22497-22497 ResourcesManager        com.intourist.vpn                    V  The following library key has been added: ResourcesKey{ mHash=1bf96761 mResDir=null mSplitDirs=[] mOverlayDirs=[] mLibDirs=[/data/app/~~BudKzduq0V1n7if8U0eN0w==/com.google.android.webview-XTHuLdnF6S7TsaZBaCCYwA==/base.apk,/system/framework/android.test.base.jar,/system_ext/framework/androidx.window.extensions.jar] mDisplayId=0 mOverrideConfig=v36 mCompatInfo={450dpi always-compat} mLoaders=[]}
2026-07-18 03:18:30.237 22497-22497 ApplicationLoaders      com.intourist.vpn                    D  Returning zygote-cached class loader: /system/framework/android.test.base.jar
2026-07-18 03:18:30.237 22497-22497 ApplicationLoaders      com.intourist.vpn                    D  Returning zygote-cached class loader: /system_ext/framework/androidx.window.extensions.jar
2026-07-18 03:18:30.241 22497-22497 nativeloader            com.intourist.vpn                    D  Configuring clns-10 for other apk /data/app/~~BudKzduq0V1n7if8U0eN0w==/com.google.android.webview-XTHuLdnF6S7TsaZBaCCYwA==/base.apk. target_sdk_version=36, uses_libraries=, library_path=/data/app/~~BudKzduq0V1n7if8U0eN0w==/com.google.android.webview-XTHuLdnF6S7TsaZBaCCYwA==/lib/arm64:/data/app/~~BudKzduq0V1n7if8U0eN0w==/com.google.android.webview-XTHuLdnF6S7TsaZBaCCYwA==/base.apk!/lib/arm64-v8a, permitted_path=/data:/mnt/expand
2026-07-18 03:18:30.356 22497-22497 cr_WVCFactoryProvider   com.intourist.vpn                    I  version=150.0.7871.47 (787104703) minSdkVersion=29 multiprocess=true packageId=2 splits=<none>
2026-07-18 03:18:30.428 22497-22497 nativeloader            com.intourist.vpn                    D  Load /data/app/~~BudKzduq0V1n7if8U0eN0w==/com.google.android.webview-XTHuLdnF6S7TsaZBaCCYwA==/base.apk!/lib/arm64-v8a/libwebviewchromium.so using class loader ns clns-10 (caller=/data/app/~~BudKzduq0V1n7if8U0eN0w==/com.google.android.webview-XTHuLdnF6S7TsaZBaCCYwA==/base.apk): ok
2026-07-18 03:18:30.432 22497-22497 nativeloader            com.intourist.vpn                    D  Load /system/lib64/libwebviewchromium_plat_support.so using class loader ns clns-10 (caller=/data/app/~~BudKzduq0V1n7if8U0eN0w==/com.google.android.webview-XTHuLdnF6S7TsaZBaCCYwA==/base.apk): ok
2026-07-18 03:18:30.438 22497-22560 chromium                com.intourist.vpn                    E  [0718/031830.437459:ERROR:android_webview/browser/variations/variations_seed_loader.cc:39] Seed missing signature.
2026-07-18 03:18:30.445 22497-22497 cr_LibraryLoader        com.intourist.vpn                    I  Successfully loaded native library
2026-07-18 03:18:30.449 22497-22497 cr_CachingUmaRecorder   com.intourist.vpn                    I  Flushed 46 samples from 22 histograms, 0 samples were dropped.
2026-07-18 03:18:30.457 22497-22497 cr_ChildProcLH          com.intourist.vpn                    I  ScopedServiceBindingBatch.tryActivate: false
2026-07-18 03:18:30.478 22497-22497 cr_VariationsSeedLoader com.intourist.vpn                    E  Failed loading variations seed. Variations disabled.
2026-07-18 03:18:30.482 22497-22497 cr_CombinedPProvider    com.intourist.vpn                    I  #registerProvider() provider:WV.wk@247820d isPolicyCacheEnabled:false policyProvidersSize:0
2026-07-18 03:18:30.482 22497-22497 cr_PolicyProvider       com.intourist.vpn                    I  #setManagerAndSource() 0
2026-07-18 03:18:30.485 22497-22497 cr_DisplayManager       com.intourist.vpn                    I  Is Display Topology available: false
2026-07-18 03:18:30.501 22497-22563 cr_policy               com.intourist.vpn                    I  registerReceiver succeeded after 18ms
2026-07-18 03:18:30.529 22497-22497 DesktopExperienceFlags  com.intourist.vpn                    D  Toggle override initialized to: false
2026-07-18 03:18:30.529 22497-22497 DesktopModeFlags        com.intourist.vpn                    D  Toggle override initialized to: OVERRIDE_UNSET
2026-07-18 03:18:30.557 22497-22497 cr_CombinedPProvider    com.intourist.vpn                    I  #linkNativeInternal() 1
2026-07-18 03:18:30.559 22497-22497 cr_AppResProvider       com.intourist.vpn                    I  #getApplicationRestrictionsFromUserManager() Bundle[EMPTY_PARCEL]
2026-07-18 03:18:30.559 22497-22497 cr_PolicyProvider       com.intourist.vpn                    I  #notifySettingsAvailable() 0
2026-07-18 03:18:30.559 22497-22497 cr_CombinedPProvider    com.intourist.vpn                    I  #onSettingsAvailable() 0
2026-07-18 03:18:30.559 22497-22497 cr_CombinedPProvider    com.intourist.vpn                    I  #flushPolicies()
2026-07-18 03:18:30.628 22497-22497 chromium                com.intourist.vpn                    W  [WARNING:android_webview/browser/network_service/net_helpers.cc:137] HTTP Cache size is: 20971520
2026-07-18 03:18:30.902 22497-22497 ConnectivityManager     com.intourist.vpn                    D  StackLog: [android.net.ConnectivityManager.sendRequestForNetwork(ConnectivityManager.java:4744)] [android.net.ConnectivityManager.registerDefaultNetworkCallbackForUid(ConnectivityManager.java:5469)] [android.net.ConnectivityManager.registerDefaultNetworkCallback(ConnectivityManager.java:5436)] [WV.po1.e(chromium-SystemWebViewGoogle6432.aab-stable-787104703:37)] [WV.po1.a(chromium-SystemWebViewGoogle6432.aab-stable-787104703:1)] [org.chromium.android_webview.AwContentsLifecycleNotifier.onFirstWebViewCreated(chromium-SystemWebViewGoogle6432.aab-stable-787104703:19)] [J.N.JJ(Native Method)] [org.chromium.android_webview.AwContents.<init>(chromium-SystemWebViewGoogle6432.aab-stable-787104703:616)] [com.android.webview.chromium.t.run(chromium-SystemWebViewGoogle6432.aab-stable-787104703:387)] [WV.b53.run(chromium-SystemWebViewGoogle6432.aab-stable-787104703:13)] [org.chromium.base.task.PostTask.e(chromium-SystemWebViewGoogle6432.aab-stable-787104703:18)] [WV.c53.a(chromium-SystemWebViewGoogle6432.aab-stable-787104703:18)] [com.android.webview.chromium.WebViewChromiumFactoryProvider.a(chromium-SystemWebViewGoogle6432.aab-stable-787104703:3)] [com.android.webview.chromium.WebViewChromium.init(chromium-SystemWebViewGoogle6432.aab-stable-787104703:155)] [android.webkit.WebView.<init>(WebView.java:474)] [android.webkit.WebView.<init>(WebView.java:389)] [android.webkit.WebView.<init>(WebView.java:370)] [android.webkit.WebView.<init>(WebView.java:356)] [android.webkit.WebView.<init>(WebView.java:345)] [com.intourist.vpn.MainActivity.onCreate(MainActivity.kt:84)] [android.app.Activity.performCreate(Activity.java:9753)] [android.app.Activity.performCreate(Activity.java:9722)] [android.app.Instrumentation.callActivityOnCreate(Instrumentation.java:1544)] [android.app.ActivityThread.performLaunchActivity(ActivityThread.java:5024)] [android.app.ActivityThread.handleLaunchActivity(ActivityThread.java:5290)] [android.app.servertransaction.LaunchActivityItem.execute(LaunchActivityItem.java:224)] [android.app.servertransaction.TransactionExecutor.executeNonLifecycleItem(TransactionExecutor.java:133)] [android.app.servertransaction.TransactionExecutor.executeTransactionItems(TransactionExecutor.java:103)] [android.app.servertransaction.TransactionExecutor.execute(TransactionExecutor.java:80)] [android.app.ActivityThread$H.handleMessage(ActivityThread.java:3287)]
2026-07-18 03:18:30.915 22497-22497 ConnectivityManager     com.intourist.vpn                    D  StackLog: [android.net.ConnectivityManager.sendRequestForNetwork(ConnectivityManager.java:4744)] [android.net.ConnectivityManager.sendRequestForNetwork(ConnectivityManager.java:4912)] [android.net.ConnectivityManager.registerNetworkCallback(ConnectivityManager.java:5329)] [WV.po1.e(chromium-SystemWebViewGoogle6432.aab-stable-787104703:86)] [WV.po1.a(chromium-SystemWebViewGoogle6432.aab-stable-787104703:1)] [org.chromium.android_webview.AwContentsLifecycleNotifier.onFirstWebViewCreated(chromium-SystemWebViewGoogle6432.aab-stable-787104703:19)] [J.N.JJ(Native Method)] [org.chromium.android_webview.AwContents.<init>(chromium-SystemWebViewGoogle6432.aab-stable-787104703:616)] [com.android.webview.chromium.t.run(chromium-SystemWebViewGoogle6432.aab-stable-787104703:387)] [WV.b53.run(chromium-SystemWebViewGoogle6432.aab-stable-787104703:13)] [org.chromium.base.task.PostTask.e(chromium-SystemWebViewGoogle6432.aab-stable-787104703:18)] [WV.c53.a(chromium-SystemWebViewGoogle6432.aab-stable-787104703:18)] [com.android.webview.chromium.WebViewChromiumFactoryProvider.a(chromium-SystemWebViewGoogle6432.aab-stable-787104703:3)] [com.android.webview.chromium.WebViewChromium.init(chromium-SystemWebViewGoogle6432.aab-stable-787104703:155)] [android.webkit.WebView.<init>(WebView.java:474)] [android.webkit.WebView.<init>(WebView.java:389)] [android.webkit.WebView.<init>(WebView.java:370)] [android.webkit.WebView.<init>(WebView.java:356)] [android.webkit.WebView.<init>(WebView.java:345)] [com.intourist.vpn.MainActivity.onCreate(MainActivity.kt:84)] [android.app.Activity.performCreate(Activity.java:9753)] [android.app.Activity.performCreate(Activity.java:9722)] [android.app.Instrumentation.callActivityOnCreate(Instrumentation.java:1544)] [android.app.ActivityThread.performLaunchActivity(ActivityThread.java:5024)] [android.app.ActivityThread.handleLaunchActivity(ActivityThread.java:5290)] [android.app.servertransaction.LaunchActivityItem.execute(LaunchActivityItem.java:224)] [android.app.servertransaction.TransactionExecutor.executeNonLifecycleItem(TransactionExecutor.java:133)] [android.app.servertransaction.TransactionExecutor.executeTransactionItems(TransactionExecutor.java:103)] [android.app.servertransaction.TransactionExecutor.execute(TransactionExecutor.java:80)] [android.app.ActivityThread$H.handleMessage(ActivityThread.java:3287)]
2026-07-18 03:18:30.961 22497-22497 DecorView               com.intourist.vpn                    I  setWindowBackground: isPopOver=false color=fffafafa d=android.graphics.drawable.ColorDrawable@12bd5c4
2026-07-18 03:18:31.052 22497-22497 m.intourist.vpn         com.intourist.vpn                    I  hiddenapi: Accessing hidden method Landroid/view/View;->computeFitSystemWindows(Landroid/graphics/Rect;Landroid/graphics/Rect;)Z (runtime_flags=0, domain=platform, api=unsupported) from Landroidx/appcompat/widget/ViewUtils; (domain=app, TargetSdkVersion=34) using reflection: allowed
2026-07-18 03:18:31.052 22497-22497 m.intourist.vpn         com.intourist.vpn                    I  hiddenapi: Accessing hidden method Landroid/view/ViewGroup;->makeOptionalFitsSystemWindows()V (runtime_flags=0, domain=platform, api=unsupported) from Landroidx/appcompat/widget/ViewUtils; (domain=app, TargetSdkVersion=34) using reflection: allowed
2026-07-18 03:18:31.058 22497-22607 libMEOW                 com.intourist.vpn                    D  meow new tls: 0xb400006eb9f079c0
2026-07-18 03:18:31.059 22497-22607 libMEOW                 com.intourist.vpn                    D  applied 0 plugin for [com.intourist.vpn].
2026-07-18 03:18:31.066 22497-22607 vulkan                  com.intourist.vpn                    D  searching for layers in '/data/app/~~ahOtUSvq7V8YxxxQ83VCyg==/com.intourist.vpn-lkP1EtnZ0dlS_G66CtS7Fg==/lib/arm64'
2026-07-18 03:18:31.067 22497-22607 vulkan                  com.intourist.vpn                    D  searching for layers in '/data/app/~~ahOtUSvq7V8YxxxQ83VCyg==/com.intourist.vpn-lkP1EtnZ0dlS_G66CtS7Fg==/base.apk!/lib/arm64-v8a'
2026-07-18 03:18:31.067 22497-22607 vulkan                  com.intourist.vpn                    D  searching for layers in '/data/app/~~ahOtUSvq7V8YxxxQ83VCyg==/com.intourist.vpn-lkP1EtnZ0dlS_G66CtS7Fg==/lib/arm64'
2026-07-18 03:18:31.067 22497-22607 vulkan                  com.intourist.vpn                    D  searching for layers in '/data/app/~~ahOtUSvq7V8YxxxQ83VCyg==/com.intourist.vpn-lkP1EtnZ0dlS_G66CtS7Fg==/base.apk!/lib/arm64-v8a'
2026-07-18 03:18:31.086 22497-22572 cr_media                com.intourist.vpn                    W  BLUETOOTH_CONNECT permission is missing.
2026-07-18 03:18:31.096 22497-22572 cr_media                com.intourist.vpn                    W  getBluetoothAdapter() requires BLUETOOTH permission
2026-07-18 03:18:31.096 22497-22572 cr_media                com.intourist.vpn                    W  registerBluetoothIntentsIfNeeded: Requires BLUETOOTH permission
2026-07-18 03:18:31.106 22497-22569 CompatChangeReporter    com.intourist.vpn                    D  Compat change id reported: 247079863; UID 10511; state: ENABLED
2026-07-18 03:18:31.143 22497-22572 AudioSystem             com.intourist.vpn                    D  onNewService: media.audio_policy service obtained 0xb400006fac71d140
2026-07-18 03:18:31.145 22497-22497 ViewRootImpl            com.intourist.vpn                    I  dVRR is disabled
2026-07-18 03:18:31.147 22497-22572 AudioSystem             com.intourist.vpn                    D  getService: IAudioPolicyService retrieved: 0xb400006fac71d140  cached: 0xb400006fac71d140
2026-07-18 03:18:31.147 22497-22497 HardwareRenderer        com.intourist.vpn                    D  onDisplayChanged. displayId=0 current wxh=1080x2340 mLargest wxh=0x0
2026-07-18 03:18:31.147 22497-22497 HWUI                    com.intourist.vpn                    W  Unknown dataspace 0
2026-07-18 03:18:31.147 22497-22497 HardwareRenderer        com.intourist.vpn                    D  Set largestWidth and largestHeight as logical resolution. (1080x2340)
2026-07-18 03:18:31.147 22497-22537 HWUI                    com.intourist.vpn                    D  setMaxSurfaceArea requested wxh=(1080,2340) requestedSurfaceArea(2527200) mMaxSurfaceArea(2073600)
2026-07-18 03:18:31.148 22497-22537 NativeCust...ncyManager com.intourist.vpn                    D  [NativeCFMS] BpCustomFrequencyManager::BpCustomFrequencyManager()
2026-07-18 03:18:31.162 22497-22497 InputTransport          com.intourist.vpn                    D  Input channel constructed: '4b6b89 ', fd=197
2026-07-18 03:18:31.164 22497-22497 InsetsController        com.intourist.vpn                    I  onStateChanged: host=com.intourist.vpn/com.intourist.vpn.MainActivity, from=android.view.ViewRootImpl.onInsetsStateChanged:3038, state=InsetsState: {mDisplayFrame=Rect(0, 0 - 1080, 2340), mDisplayCutout=DisplayCutout{insets=Rect(0, 80 - 0, 0) waterfall=Insets{left=0, top=0, right=0, bottom=0} boundingRect={Bounds=[Rect(0, 0 - 0, 0), Rect(472, 0 - 608, 80), Rect(0, 0 - 0, 0), Rect(0, 0 - 0, 0)]} cutoutPathParserInfo={CutoutPathParserInfo{displayWidth=1080 displayHeight=2340 physicalDisplayWidth=1080 physicalDisplayHeight=2340 density={2.8125} cutoutSpec={M 0,0 H -24.177777778 V 28.4444444444 H 24.177777778 V 0 H 0 Z @dp} rotation={0} scale={1.0} physicalPixelDisplaySizeRatio={1.0}}} sideOverrides={}}, mRoundedCorners=RoundedCorners{[RoundedCorner{position=TopLeft, radius=105, center=Point(105, 105)}, RoundedCorner{position=TopRight, radius=105, center=Point(975, 105)}, RoundedCorner{position=BottomRight, radius=105, center=Point(975, 2235)}, RoundedCorner{position=BottomLeft, radius=105, center=Point(105, 2235)}]}  mRoundedCornerFrame=Rect(0, 0 - 1080, 2340), mPrivacyIndicatorBounds=PrivacyIndicatorBounds {static bounds=Rect(964, 0 - 1080, 80) rotation=0}, mDisplayShape=DisplayShape{ spec=-311912193 displayWidth=1080 displayHeight=2340 physicalPixelDisplaySizeRatio=1.0 rotation=0 offsetX=0 offsetY=0 scale=1.0}, mSources= { InsetsSource: {9d900000 mType=statusBars mFrame=[0,0][1080,80] mAttachedInsets=null mVisible=true mFlags= mSideHint=TOP mBoundingRects=null}, InsetsSource: {9d900005 mType=mandatorySystemGestures mFrame=[0,0][1080,112] mAttachedInsets=null mVisible=true mFlags= mSideHint=TOP mBoundingRects=null}, InsetsSource: {9d900006 mType=tappableElement mFrame=[0,0][1080,80] mAttachedInsets=null mVisible=true mFlags= mSideHint=TOP mBoundingRects=null}, InsetsSource: {e16c0001 mType=navigationBars mFrame=[0,2301][1080,2340] mAttachedInsets=null mVisible=true mFlags=SUPPRESS_SCRIM mSideHint=BOTTOM mBoundingRects=null}, InsetsSource: {e16c0004 mType=systemGestures mFrame=[0,0][78,2340] mAttachedInsets=null mVisible=true mFlags= mSideHint=LEFT mBoundingRects=null}, InsetsSource: {e16c0005 mType=mandatorySystemGestures mFrame=[0,2256][1080,2340] mAttachedInsets=null mVisible=true mFlags= mSideHint=BOTTOM mBoundingRects=null}, InsetsSource: {e16c0006 mType=tappableElement mFrame=[0,0][0,0] mAttachedInsets=null mVisible=true mFlags= mSideHint=NONE mBoundingRects=null}, InsetsSource: {e16c0024 mType=systemGestures mFrame=[1002,0][1080,2340] mAttachedInsets=null mVisible=true mFlags= mSideHint=RIGHT mBoundingRects=null}, InsetsSource: {3 mType=ime mFrame=[0,0][0,0] mAttachedInsets=null mVisible=false mFlags=INVALID mSideHint=NONE mBoundingRects=null}, InsetsSource: {27 mType=displayCutout mFrame=[0,0][1080,80] mAttachedInsets=null mVisible=true mFlags= mSideHint=TOP mBoundingRects=null} }
2026-07-18 03:18:31.172 22497-22497 VRI[MainAc...y]@c1f9d50 com.intourist.vpn                    I  synced displayState. AttachInfo displayState=2
2026-07-18 03:18:31.173 22497-22497 VRI[MainAc...y]@c1f9d50 com.intourist.vpn                    I  setView = com.android.internal.policy.DecorView@4c19305 IsHRR=false mFlingFrameRateChange=0 TM=true
2026-07-18 03:18:31.186 22497-22628 CameraManagerGlobal     com.intourist.vpn                    I  Connecting to camera service
2026-07-18 03:18:31.190 22497-22497 cr_AppResProvider       com.intourist.vpn                    I  #getApplicationRestrictionsFromUserManager() Bundle[EMPTY_PARCEL]
2026-07-18 03:18:31.190 22497-22497 cr_PolicyProvider       com.intourist.vpn                    I  #notifySettingsAvailable() 0
2026-07-18 03:18:31.190 22497-22497 cr_CombinedPProvider    com.intourist.vpn                    I  #onSettingsAvailable() 0
2026-07-18 03:18:31.190 22497-22497 cr_CombinedPProvider    com.intourist.vpn                    I  #flushPolicies()
2026-07-18 03:18:31.207 22497-22628 VendorTagDescriptor     com.intourist.vpn                    D  addVendorDescriptor: vendor tag id 8932615658386372252 added
2026-07-18 03:18:31.224 22497-22497 VRI[MainAc...y]@c1f9d50 com.intourist.vpn                    D  WindowInsets changed: 1080x2340 statusBars:[0,80,0,0] navigationBars:[0,0,0,39] mandatorySystemGestures:[0,112,0,84] 
2026-07-18 03:18:31.227 22497-22497 WindowOnBackDispatcher  com.intourist.vpn                    D  setTopOnBackInvokedCallback (unwrapped): android.view.ViewRootImpl$$ExternalSyntheticLambda16@597445f
2026-07-18 03:18:31.229 22497-22523 CameraManagerGlobal     com.intourist.vpn                    I  Camera 0 facing CAMERA_FACING_BACK state now CAMERA_STATE_CLOSED for client org.telegram.messenger.web API Level 1 User Id 0Device Id 0
2026-07-18 03:18:31.230 22497-22523 CameraManagerGlobal     com.intourist.vpn                    I  Camera 1 facing CAMERA_FACING_FRONT state now CAMERA_STATE_CLOSED for client com.samsung.android.smartface API Level 2 User Id 0Device Id 0
2026-07-18 03:18:31.230 22497-22523 CameraManagerGlobal     com.intourist.vpn                    I  Camera 2 facing CAMERA_FACING_BACK state now CAMERA_STATE_CLOSED for client android.system API Level 2 User Id 0Device Id 0
2026-07-18 03:18:31.230 22497-22628 CameraManager           com.intourist.vpn                    I  registerAvailabilityCallback: Is device callback = false
2026-07-18 03:18:31.230 22497-22523 CameraManagerGlobal     com.intourist.vpn                    I  Camera 23 facing CAMERA_FACING_BACK state now CAMERA_STATE_CLOSED for client android.system API Level 2 User Id 0Device Id 0
2026-07-18 03:18:31.231 22497-22523 CameraManagerGlobal     com.intourist.vpn                    I  Camera 3 facing CAMERA_FACING_FRONT state now CAMERA_STATE_CLOSED for client android.system API Level 2 User Id 0Device Id 0
2026-07-18 03:18:31.231 22497-22523 CameraManagerGlobal     com.intourist.vpn                    I  Camera 4 facing CAMERA_FACING_FRONT state now CAMERA_STATE_CLOSED for client client.pid<1188> API Level 2 User Id 0Device Id 0
2026-07-18 03:18:31.231 22497-22523 CameraManagerGlobal     com.intourist.vpn                    I  Camera 50 facing CAMERA_FACING_BACK state now CAMERA_STATE_CLOSED for client android.system API Level 2 User Id 0Device Id 0
2026-07-18 03:18:31.232 22497-22628 CameraManagerGlobal     com.intourist.vpn                    I  postSingleUpdate device: camera id 0 status STATUS_PRESENT
2026-07-18 03:18:31.233 22497-22628 CameraManagerGlobal     com.intourist.vpn                    I  postSingleUpdate device: camera id 1 status STATUS_PRESENT
2026-07-18 03:18:31.234 22497-22628 CameraManagerGlobal     com.intourist.vpn                    I  postSingleUpdate device: camera id 2 status STATUS_PRESENT
2026-07-18 03:18:31.234 22497-22628 CameraManagerGlobal     com.intourist.vpn                    I  postSingleUpdate device: camera id 3 status STATUS_PRESENT
2026-07-18 03:18:31.235 22497-22523 CameraManagerGlobal     com.intourist.vpn                    I  Camera 54 facing CAMERA_FACING_BACK state now CAMERA_STATE_CLOSED for client android.system API Level 2 User Id 0Device Id 0
2026-07-18 03:18:31.252 22497-22497 BufferQueueConsumer     com.intourist.vpn                    D  [](id:57e100000000,api:0,p:-1,c:22497) connect: controlledByApp=false
2026-07-18 03:18:31.256 22497-22497 BLASTBufferQueue        com.intourist.vpn                    I  [VRI[MainActivity]@c1f9d50#0](f:0,a:0,s:0) constructor()
2026-07-18 03:18:31.257 22497-22497 BLASTBufferQueue_Java   com.intourist.vpn                    I  new BLASTBufferQueue, mName= VRI[MainActivity]@c1f9d50 mNativeObject= 0xb400006fb4643800 caller= android.view.ViewRootImpl.updateBlastSurfaceIfNeeded:3603 android.view.ViewRootImpl.relayoutWindow:11813 android.view.ViewRootImpl.performTraversals:4840 android.view.ViewRootImpl.doTraversal:3959 android.view.ViewRootImpl$TraversalRunnable.run:13034 android.view.Choreographer$CallbackRecord.run:1961 android.view.Choreographer$CallbackRecord.run:1970 android.view.Choreographer.doCallbacks:1423 android.view.Choreographer.doFrame:1348 android.view.Choreographer$FrameDisplayEventReceiver.run:1930 
2026-07-18 03:18:31.257 22497-22497 BLASTBufferQueue_Java   com.intourist.vpn                    I  update, w= 1080 h= 2340 mName = VRI[MainActivity]@c1f9d50 mNativeObject= 0xb400006fb4643800 sc.mNativeObject= 0xb400006ff3baeb80 format= -1 caller= android.view.ViewRootImpl.updateBlastSurfaceIfNeeded:3608 android.view.ViewRootImpl.relayoutWindow:11813 android.view.ViewRootImpl.performTraversals:4840 android.view.ViewRootImpl.doTraversal:3959 android.view.ViewRootImpl$TraversalRunnable.run:13034 android.view.Choreographer$CallbackRecord.run:1961 
2026-07-18 03:18:31.260 22497-22497 BLASTBufferQueue        com.intourist.vpn                    I  [VRI[MainActivity]@c1f9d50#0](f:0,a:0,s:0) update width=1080 height=2340 format=-1 mTransformHint=0
2026-07-18 03:18:31.260 22497-22497 VRI[MainAc...y]@c1f9d50 com.intourist.vpn                    I  Relayout returned: old=(0,0,1080,2340) new=(0,0,1080,2340) relayoutAsync=false req=(1080,2340)0 dur=24 res=0x3 s={true 0xb400006fb4cc7200} ch=true seqId=0
2026-07-18 03:18:31.261 22497-22497 VRI[MainAc...y]@c1f9d50 com.intourist.vpn                    I  performConfigurationChange setNightDimText nightDimLevel=0
2026-07-18 03:18:31.264 22497-22497 VRI[MainAc...y]@c1f9d50 com.intourist.vpn                    D  mThreadedRenderer.initialize() mSurface={isValid=true 0xb400006fb4cc7200} hwInitialized=true
2026-07-18 03:18:31.267 22497-22497 VRI[MainAc...y]@c1f9d50 com.intourist.vpn                    D  reportNextDraw android.view.ViewRootImpl.performTraversals:5507 android.view.ViewRootImpl.doTraversal:3959 android.view.ViewRootImpl$TraversalRunnable.run:13034 android.view.Choreographer$CallbackRecord.run:1961 android.view.Choreographer$CallbackRecord.run:1970 
2026-07-18 03:18:31.267 22497-22497 VRI[MainAc...y]@c1f9d50 com.intourist.vpn                    D  Setup new sync=wmsSync-VRI[MainActivity]@c1f9d50#0
2026-07-18 03:18:31.268 22497-22497 VRI[MainAc...y]@c1f9d50 com.intourist.vpn                    I  Creating new active sync group VRI[MainActivity]@c1f9d50#1
2026-07-18 03:18:31.271 22497-22497 VRI[MainAc...y]@c1f9d50 com.intourist.vpn                    D  registerCallbacksForSync syncBuffer=false
2026-07-18 03:18:31.274 22497-22497 View                    com.intourist.vpn                    I  setRequestedFrameRate frameRate=-4.0, this=android.webkit.WebView{54cf02d VFEDHVC.. ........ 0,0-1080,2221}, caller=android.view.ViewGroup.setRequestedFrameRate:10045 WV.xf.p:1 WV.wg.h:117 WV.wg.onDraw:7 com.android.webview.chromium.WebViewChromium.onDraw:19 
2026-07-18 03:18:31.276 22497-22537 m.intourist.vpn         com.intourist.vpn                    D  Can't load libmbrainSDK
2026-07-18 03:18:31.276 22497-22537 m.intourist.vpn         com.intourist.vpn                    D  initMbrain failed
2026-07-18 03:18:31.278 22497-22617 VRI[MainAc...y]@c1f9d50 com.intourist.vpn                    D  Received frameDrawingCallback syncResult=0 frameNum=1.
2026-07-18 03:18:31.282 22497-22617 VRI[MainAc...y]@c1f9d50 com.intourist.vpn                    I  mWNT: t=0xb400006fb4646a00 mBlastBufferQueue=0xb400006fb4643800 fn= 1 HdrRenderState mRenderHdrSdrRatio=1.0 caller= android.view.ViewRootImpl$12.onFrameDraw:15561 android.view.ThreadedRenderer$1.onFrameDraw:751 <bottom of call stack> 
2026-07-18 03:18:31.282 22497-22617 VRI[MainAc...y]@c1f9d50 com.intourist.vpn                    I  Setting up sync and frameCommitCallback
2026-07-18 03:18:31.319 22497-22537 GrallocExtra            com.intourist.vpn                    I  gralloc_extra_query:is_SW3D 0
2026-07-18 03:18:31.319 22497-22537 BLASTBufferQueue        com.intourist.vpn                    I  [VRI[MainActivity]@c1f9d50#0](f:0,a:0,s:0) onFrameAvailable the first frame is available
2026-07-18 03:18:31.324 22497-22537 GrallocExtra            com.intourist.vpn                    I  gralloc_extra_query:is_SW3D 0
2026-07-18 03:18:31.324 22497-22537 BLASTBufferQueue        com.intourist.vpn                    I  [VRI[MainActivity]@c1f9d50#0](f:0,a:1,s:0) acquireNextBufferLocked size=1080x2340 mFrameNumber=1 applyTransaction=true mTimestamp=22605676048653(auto) mPendingTransactions.size=0 graphicBufferId=96623879258114 transform=0
2026-07-18 03:18:31.325 22497-22537 m.intourist.vpn         com.intourist.vpn                    D  Can't load libmbrainSDK
2026-07-18 03:18:31.325 22497-22537 m.intourist.vpn         com.intourist.vpn                    D  initMbrain failed
2026-07-18 03:18:31.325 22497-22537 VRI[MainAc...y]@c1f9d50 com.intourist.vpn                    I  Received frameCommittedCallback lastAttemptedDrawFrameNum=1 didProduceBuffer=true
2026-07-18 03:18:31.326 22497-22537 HWUI                    com.intourist.vpn                    D  CFMS:: SetUp Pid : 22497    Tid : 22537
2026-07-18 03:18:31.328 22497-22497 VRI[MainAc...y]@c1f9d50 com.intourist.vpn                    D  reportDrawFinished seqId=0
2026-07-18 03:18:31.334 22497-22537 HWUI                    com.intourist.vpn                    D  HWUI - treat SMPTE_170M as sRGB
2026-07-18 03:18:31.337 22497-22497 View                    com.intourist.vpn                    I  setRequestedFrameRate frameRate=-4.0, this=android.webkit.WebView{54cf02d VFEDHVC.. ........ 0,0-1080,2221}, caller=android.view.ViewGroup.setRequestedFrameRate:10045 WV.xf.p:1 WV.wg.h:117 WV.wg.onDraw:7 com.android.webview.chromium.WebViewChromium.onDraw:19 
2026-07-18 03:18:31.342 22497-22497 InsetsSourceConsumer    com.intourist.vpn                    I  applyRequestedVisibilityToControl: visible=true, type=navigationBars, host=com.intourist.vpn/com.intourist.vpn.MainActivity
2026-07-18 03:18:31.342 22497-22497 InsetsSourceConsumer    com.intourist.vpn                    I  applyRequestedVisibilityToControl: visible=true, type=statusBars, host=com.intourist.vpn/com.intourist.vpn.MainActivity
2026-07-18 03:18:31.383 22497-22592 AudioCapabilities       com.intourist.vpn                    W  Unsupported mediaType audio/x-ima
2026-07-18 03:18:31.404 22497-22592 AudioCapabilities       com.intourist.vpn                    W  Unsupported mediaType audio/mpeg-L1
2026-07-18 03:18:31.404 22497-22592 AudioCapabilities       com.intourist.vpn                    W  Unsupported mediaType audio/mpeg-L2
2026-07-18 03:18:31.404 22497-22592 VideoCapabilities       com.intourist.vpn                    W  Unsupported mime video/wvc1
2026-07-18 03:18:31.405 22497-22592 VideoCapabilities       com.intourist.vpn                    W  Unsupported mime video/x-ms-wmv
2026-07-18 03:18:31.440 22497-22497 VRI[MainAc...y]@c1f9d50 com.intourist.vpn                    D  mThreadedRenderer.initializeIfNeeded()#2 mSurface={isValid=true 0xb400006fb4cc7200}
2026-07-18 03:18:31.457 22497-22497 InputMethodManagerUtils com.intourist.vpn                    D  startInputInner - Id : 0
2026-07-18 03:18:31.458 22497-22497 InputMethodManager      com.intourist.vpn                    I  startInputInner - IInputMethodManagerGlobalInvoker.startInputOrWindowGainedFocus
2026-07-18 03:18:31.482 22497-22497 InsetsController        com.intourist.vpn                    D  hide(ime())
2026-07-18 03:18:31.485 22497-22497 ImeTracker              com.intourist.vpn                    I  com.intourist.vpn:85bb815e: onCancelled at PHASE_CLIENT_ALREADY_HIDDEN
2026-07-18 03:18:31.502 22497-22592 VideoCapabilities       com.intourist.vpn                    W  Unsupported mime image/vnd.android.heic
2026-07-18 03:18:31.503 22497-22592 VideoCapabilities       com.intourist.vpn                    W  Unsupported mime image/vnd.android.heic
2026-07-18 03:18:31.508 22497-22592 VideoCapabilities       com.intourist.vpn                    W  Unrecognized profile/level 32768/256 for video/mp4v-es
2026-07-18 03:18:31.514 22497-22592 VideoCapabilities       com.intourist.vpn                    W  Unrecognized profile/level 32768/256 for video/mp4v-es
2026-07-18 03:18:31.550 22497-22523 InputTransport          com.intourist.vpn                    D  Input channel constructed: 'ClientS', fd=257
2026-07-18 03:18:31.553 22497-22592 AudioCapabilities       com.intourist.vpn                    W  Unsupported mediaType audio/x-ima
2026-07-18 03:18:31.554 22497-22592 AudioCapabilities       com.intourist.vpn                    W  Unsupported mediaType audio/mpeg-L1
2026-07-18 03:18:31.555 22497-22592 AudioCapabilities       com.intourist.vpn                    W  Unsupported mediaType audio/mpeg-L2
2026-07-18 03:18:31.555 22497-22592 VideoCapabilities       com.intourist.vpn                    W  Unsupported mime video/wvc1
2026-07-18 03:18:31.556 22497-22592 VideoCapabilities       com.intourist.vpn                    W  Unsupported mime video/x-ms-wmv
2026-07-18 03:18:31.565 22497-22569 MainActivity            com.intourist.vpn                    I  Serving QWebChannel shim for qrc:///qtwebchannel/qwebchannel.js
2026-07-18 03:18:31.582 22497-22592 VideoCapabilities       com.intourist.vpn                    W  Unsupported mime image/vnd.android.heic
2026-07-18 03:18:31.582 22497-22592 VideoCapabilities       com.intourist.vpn                    W  Unsupported mime image/vnd.android.heic
2026-07-18 03:18:31.588 22497-22592 VideoCapabilities       com.intourist.vpn                    W  Unrecognized profile/level 32768/256 for video/mp4v-es
2026-07-18 03:18:31.599 22497-22592 VideoCapabilities       com.intourist.vpn                    W  Unrecognized profile/level 32768/256 for video/mp4v-es
2026-07-18 03:18:31.627 22497-22592 AudioCapabilities       com.intourist.vpn                    W  Unsupported mime audio/x-ima
2026-07-18 03:18:31.638 22497-22592 AudioCapabilities       com.intourist.vpn                    W  Unsupported mime audio/mpeg-L1
2026-07-18 03:18:31.646 22497-22592 AudioCapabilities       com.intourist.vpn                    W  Unsupported mime audio/mpeg-L2
2026-07-18 03:18:31.649 22497-22497 WebViewConsole          com.intourist.vpn                    I  [intourist] index.html inline script starting (https://appassets.androidplatform.net/assets/intourist_vps_premium_ui/index.html:112)
2026-07-18 03:18:31.652 22497-22497 WebViewConsole          com.intourist.vpn                    I  [intourist] DOMContentLoaded (https://appassets.androidplatform.net/assets/intourist_vps_premium_ui/index.html:303)
2026-07-18 03:18:31.655 22497-22592 VideoCapabilities       com.intourist.vpn                    W  Unsupported mime video/wvc1
2026-07-18 03:18:31.659 22497-22592 VideoCapabilities       com.intourist.vpn                    W  Unsupported mime video/x-ms-wmv
2026-07-18 03:18:31.661 22497-22497 WebViewConsole          com.intourist.vpn                    I  [intourist] QWebChannel bridge initialized (https://appassets.androidplatform.net/assets/intourist_vps_premium_ui/index.html:270)
2026-07-18 03:18:31.662 22497-22497 WebViewConsole          com.intourist.vpn                    I  [intourist] all UI event listeners attached (https://appassets.androidplatform.net/assets/intourist_vps_premium_ui/index.html:345)
2026-07-18 03:18:31.786 22497-22497 MainActivity            com.intourist.vpn                    I  onPageFinished: https://appassets.androidplatform.net/assets/intourist_vps_premium_ui/index.html
2026-07-18 03:18:31.846 22497-22592 VideoCapabilities       com.intourist.vpn                    W  Unsupported mime image/vnd.android.heic
2026-07-18 03:18:31.853 22497-22592 VideoCapabilities       com.intourist.vpn                    W  Unsupported mime image/vnd.android.heic
2026-07-18 03:18:31.870 22497-22497 View                    com.intourist.vpn                    I  setRequestedFrameRate frameRate=-4.0, this=android.webkit.WebView{54cf02d VFEDHVC.. ........ 0,0-1080,2221}, caller=android.view.ViewGroup.setRequestedFrameRate:10045 WV.xf.p:1 WV.wg.h:117 WV.wg.onDraw:7 com.android.webview.chromium.WebViewChromium.onDraw:19 
2026-07-18 03:18:31.877 22497-22592 VideoCapabilities       com.intourist.vpn                    W  Unrecognized profile/level 32768/256 for video/mp4v-es
2026-07-18 03:18:31.879 22497-22497 View                    com.intourist.vpn                    I  setRequestedFrameRate frameRate=-4.0, this=android.webkit.WebView{54cf02d VFEDHVC.. ........ 0,0-1080,2221}, caller=android.view.ViewGroup.setRequestedFrameRate:10045 WV.xf.p:1 WV.wg.h:117 WV.wg.onDraw:7 com.android.webview.chromium.WebViewChromium.onDraw:19 
2026-07-18 03:18:31.907 22497-22592 VideoCapabilities       com.intourist.vpn                    W  Unrecognized profile/level 32768/256 for video/mp4v-es
2026-07-18 03:18:31.945 22497-22577 chromium                com.intourist.vpn                    E  [ERROR:net/socket/ssl_client_socket_impl.cc:963] handshake failed; returned -1, SSL error code 1, net_error -100
2026-07-18 03:18:31.985 22497-22577 chromium                com.intourist.vpn                    E  [ERROR:net/socket/ssl_client_socket_impl.cc:963] handshake failed; returned -1, SSL error code 1, net_error -100
2026-07-18 03:18:32.016 22497-22592 VideoCapabilities       com.intourist.vpn                    W  Unsupported mime video/wvc1
2026-07-18 03:18:32.090 22497-22592 VideoCapabilities       com.intourist.vpn                    W  Unsupported mime image/vnd.android.heic
2026-07-18 03:18:32.094 22497-22592 VideoCapabilities       com.intourist.vpn                    W  Unsupported mime image/vnd.android.heic
2026-07-18 03:18:32.104 22497-22592 VideoCapabilities       com.intourist.vpn                    W  Unrecognized profile/level 32768/256 for video/mp4v-es
2026-07-18 03:18:32.182 22497-22537 GPUAUX                  com.intourist.vpn                    E  [AUX]GuiExtAuxCheckAuxPath:698: Null anb
2026-07-18 03:18:32.183 22497-22537 GPUAUX                  com.intourist.vpn                    E  [AUX]GuiExtAuxCheckAuxPath:698: Null anb
2026-07-18 03:18:32.183 22497-22537 GPUAUX                  com.intourist.vpn                    E  [AUX]GuiExtAuxCheckAuxPath:698: Null anb
2026-07-18 03:18:32.184 22497-22537 GPUAUX                  com.intourist.vpn                    E  [AUX]GuiExtAuxCheckAuxPath:698: Null anb
2026-07-18 03:18:32.209 22497-22497 MainActivity            com.intourist.vpn                    E  WebView resource error for https://appassets.androidplatform.net/favicon.ico: net::ERR_CONNECTION_CLOSED
2026-07-18 03:18:33.352 22497-22516 m.intourist.vpn         com.intourist.vpn                    I  Compiler allocated 5313KB to compile void android.view.ViewRootImpl.performTraversals()
2026-07-18 03:18:33.623 22497-22497 VRI[MainAc...y]@c1f9d50 com.intourist.vpn                    I  ViewPostIme pointer 0
2026-07-18 03:18:33.630 22497-22497 VRI[MainAc...y]@c1f9d50 com.intourist.vpn                    I  call setFrameRateCategory for touch hint category=high hint, reason=touch, vri=VRI[MainActivity]@c1f9d50
2026-07-18 03:18:33.699 22497-22497 View                    com.intourist.vpn                    I  setRequestedFrameRate frameRate=-4.0, this=android.webkit.WebView{54cf02d VFEDHVC.. ........ 0,0-1080,2221}, caller=android.view.ViewGroup.setRequestedFrameRate:10045 WV.xf.p:1 WV.wg.h:117 WV.wg.onDraw:7 com.android.webview.chromium.WebViewChromium.onDraw:19 
2026-07-18 03:18:33.706 22497-22537 GPUAUX                  com.intourist.vpn                    E  [AUX]GuiExtAuxCheckAuxPath:698: Null anb
2026-07-18 03:18:33.711 22497-22497 View                    com.intourist.vpn                    I  setRequestedFrameRate frameRate=-4.0, this=android.webkit.WebView{54cf02d VFEDHVC.. ........ 0,0-1080,2221}, caller=android.view.ViewGroup.setRequestedFrameRate:10045 WV.xf.p:1 WV.wg.h:117 WV.wg.onDraw:7 com.android.webview.chromium.WebViewChromium.onDraw:19 
2026-07-18 03:18:33.721 22497-22497 View                    com.intourist.vpn                    I  setRequestedFrameRate frameRate=-4.0, this=android.webkit.WebView{54cf02d VFEDHVC.. ........ 0,0-1080,2221}, caller=android.view.ViewGroup.setRequestedFrameRate:10045 WV.xf.p:1 WV.wg.h:117 WV.wg.onDraw:7 com.android.webview.chromium.WebViewChromium.onDraw:19 
2026-07-18 03:18:33.729 22497-22497 VRI[MainAc...y]@c1f9d50 com.intourist.vpn                    I  ViewPostIme pointer 1
2026-07-18 03:18:33.734 22497-22497 View                    com.intourist.vpn                    I  setRequestedFrameRate frameRate=-4.0, this=android.webkit.WebView{54cf02d VFEDHVC.. ........ 0,0-1080,2221}, caller=android.view.ViewGroup.setRequestedFrameRate:10045 WV.xf.p:1 WV.wg.h:117 WV.wg.onDraw:7 com.android.webview.chromium.WebViewChromium.onDraw:19 
2026-07-18 03:18:33.740 22497-22497 View                    com.intourist.vpn                    I  setRequestedFrameRate frameRate=-4.0, this=android.webkit.WebView{54cf02d VFEDHVC.. ........ 0,0-1080,2221}, caller=android.view.ViewGroup.setRequestedFrameRate:10045 WV.xf.p:1 WV.wg.h:117 WV.wg.onDraw:7 com.android.webview.chromium.WebViewChromium.onDraw:19 
2026-07-18 03:18:33.751 22497-22497 View                    com.intourist.vpn                    I  setRequestedFrameRate frameRate=-4.0, this=android.webkit.WebView{54cf02d VFEDHVC.. ........ 0,0-1080,2221}, caller=android.view.ViewGroup.setRequestedFrameRate:10045 WV.xf.p:1 WV.wg.h:117 WV.wg.onDraw:7 com.android.webview.chromium.WebViewChromium.onDraw:19 
2026-07-18 03:18:33.762 22497-22497 View                    com.intourist.vpn                    I  setRequestedFrameRate frameRate=-4.0, this=android.webkit.WebView{54cf02d VFEDHVC.. ........ 0,0-1080,2221}, caller=android.view.ViewGroup.setRequestedFrameRate:10045 WV.xf.p:1 WV.wg.h:117 WV.wg.onDraw:7 com.android.webview.chromium.WebViewChromium.onDraw:19 
2026-07-18 03:18:33.774 22497-22497 View                    com.intourist.vpn                    I  setRequestedFrameRate frameRate=-4.0, this=android.webkit.WebView{54cf02d VFEDHVC.. ........ 0,0-1080,2221}, caller=android.view.ViewGroup.setRequestedFrameRate:10045 WV.xf.p:1 WV.wg.h:117 WV.wg.onDraw:7 com.android.webview.chromium.WebViewChromium.onDraw:19 
2026-07-18 03:18:33.787 22497-22497 View                    com.intourist.vpn                    I  setRequestedFrameRate frameRate=-4.0, this=android.webkit.WebView{54cf02d VFEDHVC.. ........ 0,0-1080,2221}, caller=android.view.ViewGroup.setRequestedFrameRate:10045 WV.xf.p:1 WV.wg.h:117 WV.wg.onDraw:7 com.android.webview.chromium.WebViewChromium.onDraw:19 
2026-07-18 03:18:33.793 22497-22537 GPUAUX                  com.intourist.vpn                    E  [AUX]GuiExtAuxCheckAuxPath:698: Null anb
2026-07-18 03:18:33.797 22497-22497 View                    com.intourist.vpn                    I  setRequestedFrameRate frameRate=-4.0, this=android.webkit.WebView{54cf02d VFEDHVC.. ........ 0,0-1080,2221}, caller=android.view.ViewGroup.setRequestedFrameRate:10045 WV.xf.p:1 WV.wg.h:117 WV.wg.onDraw:7 com.android.webview.chromium.WebViewChromium.onDraw:19 
2026-07-18 03:18:33.808 22497-22497 View                    com.intourist.vpn                    I  setRequestedFrameRate frameRate=-4.0, this=android.webkit.WebView{54cf02d VFEDHVC.. ........ 0,0-1080,2221}, caller=android.view.ViewGroup.setRequestedFrameRate:10045 WV.xf.p:1 WV.wg.h:117 WV.wg.onDraw:7 com.android.webview.chromium.WebViewChromium.onDraw:19 
2026-07-18 03:18:33.819 22497-22497 View                    com.intourist.vpn                    I  setRequestedFrameRate frameRate=-4.0, this=android.webkit.WebView{54cf02d VFEDHVC.. ........ 0,0-1080,2221}, caller=android.view.ViewGroup.setRequestedFrameRate:10045 WV.xf.p:1 WV.wg.h:117 WV.wg.onDraw:7 com.android.webview.chromium.WebViewChromium.onDraw:19 
2026-07-18 03:18:33.831 22497-22497 View                    com.intourist.vpn                    I  setRequestedFrameRate frameRate=-4.0, this=android.webkit.WebView{54cf02d VFEDHVC.. ........ 0,0-1080,2221}, caller=android.view.ViewGroup.setRequestedFrameRate:10045 WV.xf.p:1 WV.wg.h:117 WV.wg.onDraw:7 com.android.webview.chromium.WebViewChromium.onDraw:19 
2026-07-18 03:18:33.840 22497-22497 View                    com.intourist.vpn                    I  setRequestedFrameRate frameRate=-4.0, this=android.webkit.WebView{54cf02d VFEDHVC.. ........ 0,0-1080,2221}, caller=android.view.ViewGroup.setRequestedFrameRate:10045 WV.xf.p:1 WV.wg.h:117 WV.wg.onDraw:7 com.android.webview.chromium.WebViewChromium.onDraw:19 
2026-07-18 03:18:33.852 22497-22497 View                    com.intourist.vpn                    I  setRequestedFrameRate frameRate=-4.0, this=android.webkit.WebView{54cf02d VFEDHVC.. ........ 0,0-1080,2221}, caller=android.view.ViewGroup.setRequestedFrameRate:10045 WV.xf.p:1 WV.wg.h:117 WV.wg.onDraw:7 com.android.webview.chromium.WebViewChromium.onDraw:19 
2026-07-18 03:18:33.862 22497-22497 View                    com.intourist.vpn                    I  setRequestedFrameRate frameRate=-4.0, this=android.webkit.WebView{54cf02d VFEDHVC.. ........ 0,0-1080,2221}, caller=android.view.ViewGroup.setRequestedFrameRate:10045 WV.xf.p:1 WV.wg.h:117 WV.wg.onDraw:7 com.android.webview.chromium.WebViewChromium.onDraw:19 
2026-07-18 03:18:33.873 22497-22497 View                    com.intourist.vpn                    I  setRequestedFrameRate frameRate=-4.0, this=android.webkit.WebView{54cf02d VFEDHVC.. ........ 0,0-1080,2221}, caller=android.view.ViewGroup.setRequestedFrameRate:10045 WV.xf.p:1 WV.wg.h:117 WV.wg.onDraw:7 com.android.webview.chromium.WebViewChromium.onDraw:19 
2026-07-18 03:18:33.885 22497-22497 View                    com.intourist.vpn                    I  setRequestedFrameRate frameRate=-4.0, this=android.webkit.WebView{54cf02d VFEDHVC.. ........ 0,0-1080,2221}, caller=android.view.ViewGroup.setRequestedFrameRate:10045 WV.xf.p:1 WV.wg.h:117 WV.wg.onDraw:7 com.android.webview.chromium.WebViewChromium.onDraw:19 
2026-07-18 03:18:33.895 22497-22497 View                    com.intourist.vpn                    I  setRequestedFrameRate frameRate=-4.0, this=android.webkit.WebView{54cf02d VFEDHVC.. ........ 0,0-1080,2221}, caller=android.view.ViewGroup.setRequestedFrameRate:10045 WV.xf.p:1 WV.wg.h:117 WV.wg.onDraw:7 com.android.webview.chromium.WebViewChromium.onDraw:19 
2026-07-18 03:18:33.906 22497-22497 View                    com.intourist.vpn                    I  setRequestedFrameRate frameRate=-4.0, this=android.webkit.WebView{54cf02d VFEDHVC.. ........ 0,0-1080,2221}, caller=android.view.ViewGroup.setRequestedFrameRate:10045 WV.xf.p:1 WV.wg.h:117 WV.wg.onDraw:7 com.android.webview.chromium.WebViewChromium.onDraw:19 
2026-07-18 03:18:33.917 22497-22497 View                    com.intourist.vpn                    I  setRequestedFrameRate frameRate=-4.0, this=android.webkit.WebView{54cf02d VFEDHVC.. ........ 0,0-1080,2221}, caller=android.view.ViewGroup.setRequestedFrameRate:10045 WV.xf.p:1 WV.wg.h:117 WV.wg.onDraw:7 com.android.webview.chromium.WebViewChromium.onDraw:19 
