2026-07-18 03:19:17.152 22497-22990 GoLog                   com.intourist.vpn                    E  {"level":"warn","ts":1784333957.1521661,"caller":"tunnel/udp.go:31","msg":"[UDP] dial 1.1.1.1:53: client handshake: UDP ASSOCIATE: command not supported"}
2026-07-18 03:19:17.172 22497-22497 View                    com.intourist.vpn                    I  setRequestedFrameRate frameRate=-4.0, this=android.webkit.WebView{54cf02d VFEDHVC.. .F...... 0,0-1080,2221 aid=1073741824}, caller=android.view.ViewGroup.setRequestedFrameRate:10045 WV.xf.p:1 WV.wg.h:117 WV.wg.onDraw:7 com.android.webview.chromium.WebViewChromium.onDraw:19 
2026-07-18 03:19:17.175 22497-22537 GPUAUX                  com.intourist.vpn                    E  [AUX]GuiExtAuxCheckAuxPath:698: Null anb
2026-07-18 03:19:17.371 22497-22952 IntouristVpnService     com.intourist.vpn                    I  [WARN] SOCKS5 parse error from 127.0.0.1:53836: unsupported SOCKS5 command: 3 (only CONNECT=1 is supported)
2026-07-18 03:19:17.373 22497-22952 GoLog                   com.intourist.vpn                    E  {"level":"warn","ts":1784333957.3729234,"caller":"tunnel/udp.go:31","msg":"[UDP] dial 172.217.19.238:443: client handshake: UDP ASSOCIATE: command not supported"}
2026-07-18 03:19:17.394 22497-22497 View                    com.intourist.vpn                    I  setRequestedFrameRate frameRate=-4.0, this=android.webkit.WebView{54cf02d VFEDHVC.. .F...... 0,0-1080,2221 aid=1073741824}, caller=android.view.ViewGroup.setRequestedFrameRate:10045 WV.xf.p:1 WV.wg.h:117 WV.wg.onDraw:7 com.android.webview.chromium.WebViewChromium.onDraw:19 
2026-07-18 03:19:17.405 22497-22537 GPUAUX                  com.intourist.vpn                    E  [AUX]GuiExtAuxCheckAuxPath:698: Null anb
2026-07-18 03:19:17.421 22497-22951 IntouristVpnService     com.intourist.vpn                    I  [WARN] SOCKS5 parse error from 127.0.0.1:53852: unsupported SOCKS5 command: 3 (only CONNECT=1 is supported)
2026-07-18 03:19:17.422 22497-22990 GoLog                   com.intourist.vpn                    E  {"level":"warn","ts":1784333957.421877,"caller":"tunnel/udp.go:31","msg":"[UDP] dial 1.1.1.1:53: client handshake: UDP ASSOCIATE: command not supported"}
2026-07-18 03:19:17.450 22497-22497 View                    com.intourist.vpn                    I  setRequestedFrameRate frameRate=-4.0, this=android.webkit.WebView{54cf02d VFEDHVC.. .F...... 0,0-1080,2221 aid=1073741824}, caller=android.view.ViewGroup.setRequestedFrameRate:10045 WV.xf.p:1 WV.wg.h:117 WV.wg.onDraw:7 com.android.webview.chromium.WebViewChromium.onDraw:19 
2026-07-18 03:19:17.454 22497-22537 GPUAUX                  com.intourist.vpn                    E  [AUX]GuiExtAuxCheckAuxPath:698: Null anb
2026-07-18 03:19:17.786 22497-22879 IntouristVpnService     com.intourist.vpn                    I  [WARN] SOCKS5 parse error from 127.0.0.1:53866: unsupported SOCKS5 command: 3 (only CONNECT=1 is supported)
2026-07-18 03:19:17.789 22497-22879 GoLog                   com.intourist.vpn                    E  {"level":"warn","ts":1784333957.7893772,"caller":"tunnel/udp.go:31","msg":"[UDP] dial 1.1.1.1:53: client handshake: UDP ASSOCIATE: command not supported"}
2026-07-18 03:19:17.806 22497-22497 View                    com.intourist.vpn                    I  setRequestedFrameRate frameRate=-4.0, this=android.webkit.WebView{54cf02d VFEDHVC.. .F...... 0,0-1080,2221 aid=1073741824}, caller=android.view.ViewGroup.setRequestedFrameRate:10045 WV.xf.p:1 WV.wg.h:117 WV.wg.onDraw:7 com.android.webview.chromium.WebViewChromium.onDraw:19 
2026-07-18 03:19:17.816 22497-22537 GPUAUX                  com.intourist.vpn                    E  [AUX]GuiExtAuxCheckAuxPath:698: Null anb
2026-07-18 03:19:18.704 22497-22497 VRI[MainAc...y]@c1f9d50 com.intourist.vpn                    I  call setFrameRateCategory for touch hint category=no preference, reason=boost timeout, vri=VRI[MainActivity]@c1f9d50
2026-07-18 03:19:18.977 22497-22949 IntouristVpnService     com.intourist.vpn                    I  [WARN] SOCKS5 parse error from 127.0.0.1:53872: unsupported SOCKS5 command: 3 (only CONNECT=1 is supported)
2026-07-18 03:19:18.980 22497-22949 GoLog                   com.intourist.vpn                    E  {"level":"warn","ts":1784333958.9807932,"caller":"tunnel/udp.go:31","msg":"[UDP] dial 172.217.19.238:443: client handshake: UDP ASSOCIATE: command not supported"}
2026-07-18 03:19:19.005 22497-22497 View                    com.intourist.vpn                    I  setRequestedFrameRate frameRate=-4.0, this=android.webkit.WebView{54cf02d VFEDHVC.. .F...... 0,0-1080,2221 aid=1073741824}, caller=android.view.ViewGroup.setRequestedFrameRate:10045 WV.xf.p:1 WV.wg.h:117 WV.wg.onDraw:7 com.android.webview.chromium.WebViewChromium.onDraw:19 
2026-07-18 03:19:19.015 22497-22537 GPUAUX                  com.intourist.vpn                    E  [AUX]GuiExtAuxCheckAuxPath:698: Null anb
2026-07-18 03:19:19.016 22497-22537 GPUAUX                  com.intourist.vpn                    E  [AUX]GuiExtAuxCheckAuxPath:698: Null anb
2026-07-18 03:19:20.787 22497-22497 VRI[MainAc...y]@c1f9d50 com.intourist.vpn                    I  ViewPostIme pointer 0
2026-07-18 03:19:20.789 22497-22497 VRI[MainAc...y]@c1f9d50 com.intourist.vpn                    I  call setFrameRateCategory for touch hint category=high hint, reason=touch, vri=VRI[MainActivity]@c1f9d50
2026-07-18 03:19:20.903 22497-22497 View                    com.intourist.vpn                    I  setRequestedFrameRate frameRate=-4.0, this=android.webkit.WebView{54cf02d VFEDHVC.. .F...... 0,0-1080,2221 aid=1073741824}, caller=android.view.ViewGroup.setRequestedFrameRate:10045 WV.xf.p:1 WV.wg.h:117 WV.wg.onDraw:7 com.android.webview.chromium.WebViewChromium.onDraw:19 
2026-07-18 03:19:21.403 22497-22497 androidtc               com.intourist.vpn                    D  Initializing SystemTextClassifier, type = System
2026-07-18 03:19:21.410 22497-22497 androidtc               com.intourist.vpn                    W  TextClassifier called on main thread
2026-07-18 03:19:21.433 22497-22497 View                    com.intourist.vpn                    I  setRequestedFrameRate frameRate=-4.0, this=android.webkit.WebView{54cf02d VFEDHVC.. .F...... 0,0-1080,2221 aid=1073741824}, caller=android.view.ViewGroup.setRequestedFrameRate:10045 WV.xf.p:1 WV.wg.h:117 WV.wg.onDraw:7 com.android.webview.chromium.WebViewChromium.onDraw:19 
2026-07-18 03:19:21.438 22497-22497 WindowManager           com.intourist.vpn                    I  WindowManagerGlobal#addView, ty=1002, view=android.widget.PopupWindow$PopupDecorView{ef098c4 V.E...... R.....I. 0,0-0,0}, caller=android.view.WindowManagerImpl.addView:167 android.widget.PopupWindow.invokePopup:1686 android.widget.PopupWindow.showAtLocation:1412 
2026-07-18 03:19:21.439 22497-22497 ViewRootImpl            com.intourist.vpn                    I  dVRR is disabled
2026-07-18 03:19:21.441 22497-22537 GPUAUX                  com.intourist.vpn                    E  [AUX]GuiExtAuxCheckAuxPath:698: Null anb
2026-07-18 03:19:21.443 22497-22537 NativeCust...ncyManager com.intourist.vpn                    D  [NativeCFMS] BpCustomFrequencyManager::BpCustomFrequencyManager()
2026-07-18 03:19:21.451 22497-22497 InputTransport          com.intourist.vpn                    D  Input channel constructed: '673441d', fd=268
2026-07-18 03:19:21.452 22497-22497 InsetsController        com.intourist.vpn                    I  onStateChanged: host=PopupWindow:b43d7d7, from=android.view.ViewRootImpl.onInsetsStateChanged:3038, state=InsetsState: {mDisplayFrame=Rect(0, 0 - 1080, 2340), mDisplayCutout=DisplayCutout{insets=Rect(0, 80 - 0, 0) waterfall=Insets{left=0, top=0, right=0, bottom=0} boundingRect={Bounds=[Rect(0, 0 - 0, 0), Rect(472, 0 - 608, 80), Rect(0, 0 - 0, 0), Rect(0, 0 - 0, 0)]} cutoutPathParserInfo={CutoutPathParserInfo{displayWidth=1080 displayHeight=2340 physicalDisplayWidth=1080 physicalDisplayHeight=2340 density={2.8125} cutoutSpec={M 0,0 H -24.177777778 V 28.4444444444 H 24.177777778 V 0 H 0 Z @dp} rotation={0} scale={1.0} physicalPixelDisplaySizeRatio={1.0}}} sideOverrides={}}, mRoundedCorners=RoundedCorners{[RoundedCorner{position=TopLeft, radius=105, center=Point(105, 105)}, RoundedCorner{position=TopRight, radius=105, center=Point(975, 105)}, RoundedCorner{position=BottomRight, radius=105, center=Point(975, 2235)}, RoundedCorner{position=BottomLeft, radius=105, center=Point(105, 2235)}]}  mRoundedCornerFrame=Rect(0, 0 - 1080, 2340), mPrivacyIndicatorBounds=PrivacyIndicatorBounds {static bounds=Rect(964, 0 - 1080, 80) rotation=0}, mDisplayShape=DisplayShape{ spec=-311912193 displayWidth=1080 displayHeight=2340 physicalPixelDisplaySizeRatio=1.0 rotation=0 offsetX=0 offsetY=0 scale=1.0}, mSources= { InsetsSource: {9d900000 mType=statusBars mFrame=[0,0][1080,80] mAttachedInsets=null mVisible=true mFlags= mSideHint=TOP mBoundingRects=null}, InsetsSource: {9d900005 mType=mandatorySystemGestures mFrame=[0,0][1080,112] mAttachedInsets=null mVisible=true mFlags= mSideHint=TOP mBoundingRects=null}, InsetsSource: {9d900006 mType=tappableElement mFrame=[0,0][1080,80] mAttachedInsets=null mVisible=true mFlags= mSideHint=TOP mBoundingRects=null}, InsetsSource: {e16c0001 mType=navigationBars mFrame=[0,2301][1080,2340] mAttachedInsets=null mVisible=true mFlags=SUPPRESS_SCRIM mSideHint=BOTTOM mBoundingRects=null}, InsetsSource: {e16c0004 mType=systemGestures mFrame=[0,0][78,2340] mAttachedInsets=null mVisible=true mFlags= mSideHint=LEFT mBoundingRects=null}, InsetsSource: {e16c0005 mType=mandatorySystemGestures mFrame=[0,2256][1080,2340] mAttachedInsets=null mVisible=true mFlags= mSideHint=BOTTOM mBoundingRects=null}, InsetsSource: {e16c0006 mType=tappableElement mFrame=[0,0][0,0] mAttachedInsets=null mVisible=true mFlags= mSideHint=NONE mBoundingRects=null}, InsetsSource: {e16c0024 mType=systemGestures mFrame=[1002,0][1080,2340] mAttachedInsets=null mVisible=true mFlags= mSideHint=RIGHT mBoundingRects=null}, InsetsSource: {27 mType=displayCutout mFrame=[0,0][1080,80] mAttachedInsets=null mVisible=true mFlags= mSideHint=TOP mBoundingRects=null} }
2026-07-18 03:19:21.452 22497-22497 VRI[PopupW...7]@694f3ad com.intourist.vpn                    I  synced displayState. AttachInfo displayState=2
2026-07-18 03:19:21.453 22497-22497 VRI[PopupW...7]@694f3ad com.intourist.vpn                    I  setView = android.widget.PopupWindow$PopupDecorView@ef098c4 IsHRR=false mFlingFrameRateChange=0 TM=true
2026-07-18 03:19:21.463 22497-22497 WindowManager           com.intourist.vpn                    I  WindowManagerGlobal#addView, ty=1002, view=android.widget.PopupWindow$PopupDecorView{d56d8e1 V.E...... R.....I. 0,0-0,0}, caller=android.view.WindowManagerImpl.addView:167 android.widget.PopupWindow.invokePopup:1686 android.widget.PopupWindow.showAtLocation:1412 
2026-07-18 03:19:21.464 22497-22497 ViewRootImpl            com.intourist.vpn                    I  dVRR is disabled
2026-07-18 03:19:21.464 22497-22537 NativeCust...ncyManager com.intourist.vpn                    D  [NativeCFMS] BpCustomFrequencyManager::BpCustomFrequencyManager()
2026-07-18 03:19:21.468 22497-22497 InputTransport          com.intourist.vpn                    D  Input channel constructed: 'eb19c60', fd=288
2026-07-18 03:19:21.469 22497-22497 InsetsController        com.intourist.vpn                    I  onStateChanged: host=PopupWindow:16ac248, from=android.view.ViewRootImpl.onInsetsStateChanged:3038, state=InsetsState: {mDisplayFrame=Rect(0, 0 - 1080, 2340), mDisplayCutout=DisplayCutout{insets=Rect(0, 80 - 0, 0) waterfall=Insets{left=0, top=0, right=0, bottom=0} boundingRect={Bounds=[Rect(0, 0 - 0, 0), Rect(472, 0 - 608, 80), Rect(0, 0 - 0, 0), Rect(0, 0 - 0, 0)]} cutoutPathParserInfo={CutoutPathParserInfo{displayWidth=1080 displayHeight=2340 physicalDisplayWidth=1080 physicalDisplayHeight=2340 density={2.8125} cutoutSpec={M 0,0 H -24.177777778 V 28.4444444444 H 24.177777778 V 0 H 0 Z @dp} rotation={0} scale={1.0} physicalPixelDisplaySizeRatio={1.0}}} sideOverrides={}}, mRoundedCorners=RoundedCorners{[RoundedCorner{position=TopLeft, radius=105, center=Point(105, 105)}, RoundedCorner{position=TopRight, radius=105, center=Point(975, 105)}, RoundedCorner{position=BottomRight, radius=105, center=Point(975, 2235)}, RoundedCorner{position=BottomLeft, radius=105, center=Point(105, 2235)}]}  mRoundedCornerFrame=Rect(0, 0 - 1080, 2340), mPrivacyIndicatorBounds=PrivacyIndicatorBounds {static bounds=Rect(964, 0 - 1080, 80) rotation=0}, mDisplayShape=DisplayShape{ spec=-311912193 displayWidth=1080 displayHeight=2340 physicalPixelDisplaySizeRatio=1.0 rotation=0 offsetX=0 offsetY=0 scale=1.0}, mSources= { InsetsSource: {9d900000 mType=statusBars mFrame=[0,0][1080,80] mAttachedInsets=null mVisible=true mFlags= mSideHint=TOP mBoundingRects=null}, InsetsSource: {9d900005 mType=mandatorySystemGestures mFrame=[0,0][1080,112] mAttachedInsets=null mVisible=true mFlags= mSideHint=TOP mBoundingRects=null}, InsetsSource: {9d900006 mType=tappableElement mFrame=[0,0][1080,80] mAttachedInsets=null mVisible=true mFlags= mSideHint=TOP mBoundingRects=null}, InsetsSource: {e16c0001 mType=navigationBars mFrame=[0,2301][1080,2340] mAttachedInsets=null mVisible=true mFlags=SUPPRESS_SCRIM mSideHint=BOTTOM mBoundingRects=null}, InsetsSource: {e16c0004 mType=systemGestures mFrame=[0,0][78,2340] mAttachedInsets=null mVisible=true mFlags= mSideHint=LEFT mBoundingRects=null}, InsetsSource: {e16c0005 mType=mandatorySystemGestures mFrame=[0,2256][1080,2340] mAttachedInsets=null mVisible=true mFlags= mSideHint=BOTTOM mBoundingRects=null}, InsetsSource: {e16c0006 mType=tappableElement mFrame=[0,0][0,0] mAttachedInsets=null mVisible=true mFlags= mSideHint=NONE mBoundingRects=null}, InsetsSource: {e16c0024 mType=systemGestures mFrame=[1002,0][1080,2340] mAttachedInsets=null mVisible=true mFlags= mSideHint=RIGHT mBoundingRects=null}, InsetsSource: {27 mType=displayCutout mFrame=[0,0][1080,80] mAttachedInsets=null mVisible=true mFlags= mSideHint=TOP mBoundingRects=null} }
2026-07-18 03:19:21.470 22497-22497 VRI[PopupW...8]@3151606 com.intourist.vpn                    I  synced displayState. AttachInfo displayState=2
2026-07-18 03:19:21.470 22497-22497 VRI[PopupW...8]@3151606 com.intourist.vpn                    I  setView = android.widget.PopupWindow$PopupDecorView@d56d8e1 IsHRR=false mFlingFrameRateChange=0 TM=true
2026-07-18 03:19:21.473 22497-22537 HWUI                    com.intourist.vpn                    D  HWUI - treat SMPTE_170M as sRGB
2026-07-18 03:19:21.475 22497-22497 WindowOnBackDispatcher  com.intourist.vpn                    D  setTopOnBackInvokedCallback (unwrapped): android.view.ViewRootImpl$$ExternalSyntheticLambda16@7e1748c
2026-07-18 03:19:21.483 22497-22497 BufferQueueConsumer     com.intourist.vpn                    D  [](id:57e100000001,api:0,p:-1,c:22497) connect: controlledByApp=false
2026-07-18 03:19:21.483 22497-22497 BLASTBufferQueue        com.intourist.vpn                    I  [VRI[PopupWindow:b43d7d7]@694f3ad#1](f:0,a:0,s:0) constructor()
2026-07-18 03:19:21.484 22497-22497 BLASTBufferQueue_Java   com.intourist.vpn                    I  new BLASTBufferQueue, mName= VRI[PopupWindow:b43d7d7]@694f3ad mNativeObject= 0xb400006fb4715400 caller= android.view.ViewRootImpl.updateBlastSurfaceIfNeeded:3603 android.view.ViewRootImpl.relayoutWindow:11813 android.view.ViewRootImpl.performTraversals:4840 android.view.ViewRootImpl.doTraversal:3959 android.view.ViewRootImpl$TraversalRunnable.run:13034 android.view.Choreographer$CallbackRecord.run:1961 android.view.Choreographer$CallbackRecord.run:1970 android.view.Choreographer.doCallbacks:1423 android.view.Choreographer.doFrame:1348 android.view.Choreographer$FrameDisplayEventReceiver.run:1930 
2026-07-18 03:19:21.484 22497-22497 BLASTBufferQueue_Java   com.intourist.vpn                    I  update, w= 116 h= 58 mName = VRI[PopupWindow:b43d7d7]@694f3ad mNativeObject= 0xb400006fb4715400 sc.mNativeObject= 0xb400006fb460e100 format= -3 caller= android.view.ViewRootImpl.updateBlastSurfaceIfNeeded:3608 android.view.ViewRootImpl.relayoutWindow:11813 android.view.ViewRootImpl.performTraversals:4840 android.view.ViewRootImpl.doTraversal:3959 android.view.ViewRootImpl$TraversalRunnable.run:13034 android.view.Choreographer$CallbackRecord.run:1961 
2026-07-18 03:19:21.485 22497-22497 BLASTBufferQueue        com.intourist.vpn                    I  [VRI[PopupWindow:b43d7d7]@694f3ad#1](f:0,a:0,s:0) update width=116 height=58 format=-3 mTransformHint=0
2026-07-18 03:19:21.486 22497-22497 VRI[PopupW...7]@694f3ad com.intourist.vpn                    I  Relayout returned: old=(0,80,1080,2420) new=(0,80,116,138) relayoutAsync=false req=(116,58)0 dur=6 res=0x3 s={true 0xb400006fb474ef00} ch=true seqId=0
2026-07-18 03:19:21.486 22497-22497 VRI[PopupW...7]@694f3ad com.intourist.vpn                    I  performConfigurationChange setNightDimText nightDimLevel=0
2026-07-18 03:19:21.488 22497-22497 VRI[PopupW...7]@694f3ad com.intourist.vpn                    D  mThreadedRenderer.initialize() mSurface={isValid=true 0xb400006fb474ef00} hwInitialized=true
2026-07-18 03:19:21.488 22497-22497 VRI[PopupW...7]@694f3ad com.intourist.vpn                    D  reportNextDraw android.view.ViewRootImpl.performTraversals:5507 android.view.ViewRootImpl.doTraversal:3959 android.view.ViewRootImpl$TraversalRunnable.run:13034 android.view.Choreographer$CallbackRecord.run:1961 android.view.Choreographer$CallbackRecord.run:1970 
2026-07-18 03:19:21.488 22497-22497 VRI[PopupW...7]@694f3ad com.intourist.vpn                    D  Setup new sync=wmsSync-VRI[PopupWindow:b43d7d7]@694f3ad#2
2026-07-18 03:19:21.489 22497-22497 VRI[PopupW...7]@694f3ad com.intourist.vpn                    I  Creating new active sync group VRI[PopupWindow:b43d7d7]@694f3ad#3
2026-07-18 03:19:21.491 22497-22497 VRI[PopupW...7]@694f3ad com.intourist.vpn                    D  registerCallbacksForSync syncBuffer=false
2026-07-18 03:19:21.491 22497-22618 VRI[PopupW...7]@694f3ad com.intourist.vpn                    D  Received frameDrawingCallback syncResult=0 frameNum=1.
2026-07-18 03:19:21.491 22497-22618 VRI[PopupW...7]@694f3ad com.intourist.vpn                    I  mWNT: t=0xb400006fb4da3400 mBlastBufferQueue=0xb400006fb4715400 fn= 1 HdrRenderState mRenderHdrSdrRatio=1.0 caller= android.view.ViewRootImpl$12.onFrameDraw:15561 android.view.ThreadedRenderer$1.onFrameDraw:751 <bottom of call stack> 
2026-07-18 03:19:21.492 22497-22618 VRI[PopupW...7]@694f3ad com.intourist.vpn                    I  Setting up sync and frameCommitCallback
2026-07-18 03:19:21.495 22497-22537 BLASTBufferQueue        com.intourist.vpn                    I  [VRI[PopupWindow:b43d7d7]@694f3ad#1](f:0,a:0,s:0) onFrameAvailable the first frame is available
2026-07-18 03:19:21.495 22497-22537 BLASTBufferQueue        com.intourist.vpn                    I  [VRI[PopupWindow:b43d7d7]@694f3ad#1](f:0,a:1,s:0) acquireNextBufferLocked size=116x58 mFrameNumber=1 applyTransaction=true mTimestamp=22655851218502(auto) mPendingTransactions.size=0 graphicBufferId=96623879258116 transform=0
2026-07-18 03:19:21.495 22497-22537 VRI[PopupW...7]@694f3ad com.intourist.vpn                    I  Received frameCommittedCallback lastAttemptedDrawFrameNum=1 didProduceBuffer=true
2026-07-18 03:19:21.496 22497-22537 HWUI                    com.intourist.vpn                    D  CFMS:: SetUp Pid : 22497    Tid : 22537
2026-07-18 03:19:21.496 22497-22497 VRI[PopupW...7]@694f3ad com.intourist.vpn                    D  reportDrawFinished seqId=0
2026-07-18 03:19:21.497 22497-22497 WindowOnBackDispatcher  com.intourist.vpn                    D  setTopOnBackInvokedCallback (unwrapped): android.view.ViewRootImpl$$ExternalSyntheticLambda16@3da0db7
2026-07-18 03:19:21.503 22497-22497 BufferQueueConsumer     com.intourist.vpn                    D  [](id:57e100000002,api:0,p:-1,c:22497) connect: controlledByApp=false
2026-07-18 03:19:21.503 22497-22497 BLASTBufferQueue        com.intourist.vpn                    I  [VRI[PopupWindow:16ac248]@3151606#2](f:0,a:0,s:0) constructor()
2026-07-18 03:19:21.504 22497-22497 BLASTBufferQueue_Java   com.intourist.vpn                    I  new BLASTBufferQueue, mName= VRI[PopupWindow:16ac248]@3151606 mNativeObject= 0xb400006fb4716800 caller= android.view.ViewRootImpl.updateBlastSurfaceIfNeeded:3603 android.view.ViewRootImpl.relayoutWindow:11813 android.view.ViewRootImpl.performTraversals:4840 android.view.ViewRootImpl.doTraversal:3959 android.view.ViewRootImpl$TraversalRunnable.run:13034 android.view.Choreographer$CallbackRecord.run:1961 android.view.Choreographer$CallbackRecord.run:1970 android.view.Choreographer.doCallbacks:1423 android.view.Choreographer.doFrame:1348 android.view.Choreographer$FrameDisplayEventReceiver.run:1930 
2026-07-18 03:19:21.504 22497-22497 BLASTBufferQueue_Java   com.intourist.vpn                    I  update, w= 116 h= 58 mName = VRI[PopupWindow:16ac248]@3151606 mNativeObject= 0xb400006fb4716800 sc.mNativeObject= 0xb400006fb460e1c0 format= -3 caller= android.view.ViewRootImpl.updateBlastSurfaceIfNeeded:3608 android.view.ViewRootImpl.relayoutWindow:11813 android.view.ViewRootImpl.performTraversals:4840 android.view.ViewRootImpl.doTraversal:3959 android.view.ViewRootImpl$TraversalRunnable.run:13034 android.view.Choreographer$CallbackRecord.run:1961 
2026-07-18 03:19:21.504 22497-22497 BLASTBufferQueue        com.intourist.vpn                    I  [VRI[PopupWindow:16ac248]@3151606#2](f:0,a:0,s:0) update width=116 height=58 format=-3 mTransformHint=0
2026-07-18 03:19:21.505 22497-22497 VRI[PopupW...8]@3151606 com.intourist.vpn                    I  Relayout returned: old=(0,80,1080,2420) new=(0,80,116,138) relayoutAsync=false req=(116,58)0 dur=6 res=0x3 s={true 0xb400006fb4750800} ch=true seqId=0
2026-07-18 03:19:21.505 22497-22497 VRI[PopupW...8]@3151606 com.intourist.vpn                    I  performConfigurationChange setNightDimText nightDimLevel=0
2026-07-18 03:19:21.505 22497-22497 VRI[PopupW...8]@3151606 com.intourist.vpn                    D  mThreadedRenderer.initialize() mSurface={isValid=true 0xb400006fb4750800} hwInitialized=true
2026-07-18 03:19:21.506 22497-22497 VRI[PopupW...8]@3151606 com.intourist.vpn                    D  reportNextDraw android.view.ViewRootImpl.performTraversals:5507 android.view.ViewRootImpl.doTraversal:3959 android.view.ViewRootImpl$TraversalRunnable.run:13034 android.view.Choreographer$CallbackRecord.run:1961 android.view.Choreographer$CallbackRecord.run:1970 
2026-07-18 03:19:21.506 22497-22497 VRI[PopupW...8]@3151606 com.intourist.vpn                    D  Setup new sync=wmsSync-VRI[PopupWindow:16ac248]@3151606#4
2026-07-18 03:19:21.506 22497-22497 VRI[PopupW...8]@3151606 com.intourist.vpn                    I  Creating new active sync group VRI[PopupWindow:16ac248]@3151606#5
2026-07-18 03:19:21.506 22497-22497 VRI[PopupW...8]@3151606 com.intourist.vpn                    D  registerCallbacksForSync syncBuffer=false
2026-07-18 03:19:21.507 22497-22617 VRI[PopupW...8]@3151606 com.intourist.vpn                    D  Received frameDrawingCallback syncResult=0 frameNum=1.
2026-07-18 03:19:21.507 22497-22617 VRI[PopupW...8]@3151606 com.intourist.vpn                    I  mWNT: t=0xb400006fb4664000 mBlastBufferQueue=0xb400006fb4716800 fn= 1 HdrRenderState mRenderHdrSdrRatio=1.0 caller= android.view.ViewRootImpl$12.onFrameDraw:15561 android.view.ThreadedRenderer$1.onFrameDraw:751 <bottom of call stack> 
2026-07-18 03:19:21.507 22497-22617 VRI[PopupW...8]@3151606 com.intourist.vpn                    I  Setting up sync and frameCommitCallback
2026-07-18 03:19:21.510 22497-22537 BLASTBufferQueue        com.intourist.vpn                    I  [VRI[PopupWindow:16ac248]@3151606#2](f:0,a:0,s:0) onFrameAvailable the first frame is available
2026-07-18 03:19:21.511 22497-22537 BLASTBufferQueue        com.intourist.vpn                    I  [VRI[PopupWindow:16ac248]@3151606#2](f:0,a:1,s:0) acquireNextBufferLocked size=116x58 mFrameNumber=1 applyTransaction=true mTimestamp=22655867119117(auto) mPendingTransactions.size=0 graphicBufferId=96623879258120 transform=0
2026-07-18 03:19:21.511 22497-22537 VRI[PopupW...8]@3151606 com.intourist.vpn                    I  Received frameCommittedCallback lastAttemptedDrawFrameNum=1 didProduceBuffer=true
2026-07-18 03:19:21.512 22497-22537 HWUI                    com.intourist.vpn                    D  CFMS:: SetUp Pid : 22497    Tid : 22537
2026-07-18 03:19:21.512 22497-22497 VRI[PopupW...8]@3151606 com.intourist.vpn                    D  reportDrawFinished seqId=0
2026-07-18 03:19:21.514 22497-22537 HWUI                    com.intourist.vpn                    D  HWUI - treat SMPTE_170M as sRGB
2026-07-18 03:19:21.516 22497-22497 VRI[PopupW...7]@694f3ad com.intourist.vpn                    I  handleResized, frames=ClientWindowFrames{frame=[0,80][116,138] display=[-100000,-100000][100000,100000] parentFrame=[0,0][0,0] attachedFrame=[0,0][1080,2340]} displayId=0 dragResizing=false compatScale=1.0 frameChanged=false attachedFrameChanged=false configChanged=false displayChanged=false compatScaleChanged=false dragResizingChanged=false
2026-07-18 03:19:21.516 22497-22497 VRI[PopupW...7]@694f3ad com.intourist.vpn                    I  handleResized mSyncSeqId = 0
2026-07-18 03:19:21.516 22497-22497 VRI[PopupW...7]@694f3ad com.intourist.vpn                    D  reportNextDraw android.view.ViewRootImpl.handleResized:2995 android.view.ViewRootImpl.-$$Nest$mhandleResized:0 android.view.ViewRootImpl$W.resized:14200 android.app.servertransaction.WindowStateResizeItem.execute:81 android.app.servertransaction.WindowStateTransactionItem.execute:62 
2026-07-18 03:19:21.522 22497-22497 androidtc               com.intourist.vpn                    W  TextClassifier called on main thread
2026-07-18 03:19:21.663 22497-22497 WindowManager           com.intourist.vpn                    I  WindowManagerGlobal#addView, ty=1005, view=android.widget.PopupWindow$PopupDecorView{bfa3d36 V.E...... R.....I. 0,0-0,0}, caller=android.view.WindowManagerImpl.addView:167 android.widget.PopupWindow.invokePopup:1686 android.widget.PopupWindow.showAtLocation:1412 
2026-07-18 03:19:21.663 22497-22497 ViewRootImpl            com.intourist.vpn                    I  dVRR is disabled
2026-07-18 03:19:21.664 22497-22537 NativeCust...ncyManager com.intourist.vpn                    D  [NativeCFMS] BpCustomFrequencyManager::BpCustomFrequencyManager()
2026-07-18 03:19:21.667 22497-22497 InputTransport          com.intourist.vpn                    D  Input channel constructed: 'ea55fb7', fd=335
2026-07-18 03:19:21.668 22497-22497 InsetsController        com.intourist.vpn                    I  onStateChanged: host=PopupWindow:c685ed1, from=android.view.ViewRootImpl.onInsetsStateChanged:3038, state=InsetsState: {mDisplayFrame=Rect(0, 0 - 1080, 2340), mDisplayCutout=DisplayCutout{insets=Rect(0, 80 - 0, 0) waterfall=Insets{left=0, top=0, right=0, bottom=0} boundingRect={Bounds=[Rect(0, 0 - 0, 0), Rect(472, 0 - 608, 80), Rect(0, 0 - 0, 0), Rect(0, 0 - 0, 0)]} cutoutPathParserInfo={CutoutPathParserInfo{displayWidth=1080 displayHeight=2340 physicalDisplayWidth=1080 physicalDisplayHeight=2340 density={2.8125} cutoutSpec={M 0,0 H -24.177777778 V 28.4444444444 H 24.177777778 V 0 H 0 Z @dp} rotation={0} scale={1.0} physicalPixelDisplaySizeRatio={1.0}}} sideOverrides={}}, mRoundedCorners=RoundedCorners{[RoundedCorner{position=TopLeft, radius=105, center=Point(105, 105)}, RoundedCorner{position=TopRight, radius=105, center=Point(975, 105)}, RoundedCorner{position=BottomRight, radius=105, center=Point(975, 2235)}, RoundedCorner{position=BottomLeft, radius=105, center=Point(105, 2235)}]}  mRoundedCornerFrame=Rect(0, 0 - 1080, 2340), mPrivacyIndicatorBounds=PrivacyIndicatorBounds {static bounds=Rect(964, 0 - 1080, 80) rotation=0}, mDisplayShape=DisplayShape{ spec=-311912193 displayWidth=1080 displayHeight=2340 physicalPixelDisplaySizeRatio=1.0 rotation=0 offsetX=0 offsetY=0 scale=1.0}, mSources= { InsetsSource: {9d900000 mType=statusBars mFrame=[0,0][1080,80] mAttachedInsets=null mVisible=true mFlags= mSideHint=TOP mBoundingRects=null}, InsetsSource: {9d900005 mType=mandatorySystemGestures mFrame=[0,0][1080,112] mAttachedInsets=null mVisible=true mFlags= mSideHint=TOP mBoundingRects=null}, InsetsSource: {9d900006 mType=tappableElement mFrame=[0,0][1080,80] mAttachedInsets=null mVisible=true mFlags= mSideHint=TOP mBoundingRects=null}, InsetsSource: {e16c0001 mType=navigationBars mFrame=[0,2301][1080,2340] mAttachedInsets=null mVisible=true mFlags=SUPPRESS_SCRIM mSideHint=BOTTOM mBoundingRects=null}, InsetsSource: {e16c0004 mType=systemGestures mFrame=[0,0][78,2340] mAttachedInsets=null mVisible=true mFlags= mSideHint=LEFT mBoundingRects=null}, InsetsSource: {e16c0005 mType=mandatorySystemGestures mFrame=[0,2256][1080,2340] mAttachedInsets=null mVisible=true mFlags= mSideHint=BOTTOM mBoundingRects=null}, InsetsSource: {e16c0006 mType=tappableElement mFrame=[0,0][0,0] mAttachedInsets=null mVisible=true mFlags= mSideHint=NONE mBoundingRects=null}, InsetsSource: {e16c0024 mType=systemGestures mFrame=[1002,0][1080,2340] mAttachedInsets=null mVisible=true mFlags= mSideHint=RIGHT mBoundingRects=null}, InsetsSource: {27 mType=displayCutout mFrame=[0,0][1080,80] mAttachedInsets=null mVisible=true mFlags= mSideHint=TOP mBoundingRects=null} }
2026-07-18 03:19:21.668 22497-22497 VRI[PopupW...1]@5f6b437 com.intourist.vpn                    I  synced displayState. AttachInfo displayState=2
2026-07-18 03:19:21.668 22497-22497 VRI[PopupW...1]@5f6b437 com.intourist.vpn                    I  setView = android.widget.PopupWindow$PopupDecorView@bfa3d36 IsHRR=false mFlingFrameRateChange=0 TM=true
2026-07-18 03:19:21.669 22497-22497 VRI[MainAc...y]@c1f9d50 com.intourist.vpn                    I  ViewPostIme pointer 1
2026-07-18 03:19:21.670 22497-22497 VRI[PopupW...8]@3151606 com.intourist.vpn                    I  handleResized, frames=ClientWindowFrames{frame=[0,80][116,138] display=[-100000,-100000][100000,100000] parentFrame=[0,0][0,0] attachedFrame=[0,0][1080,2340]} displayId=0 dragResizing=false compatScale=1.0 frameChanged=false attachedFrameChanged=false configChanged=false displayChanged=false compatScaleChanged=false dragResizingChanged=false
2026-07-18 03:19:21.670 22497-22497 VRI[PopupW...8]@3151606 com.intourist.vpn                    I  handleResized mSyncSeqId = 0
2026-07-18 03:19:21.671 22497-22497 VRI[PopupW...8]@3151606 com.intourist.vpn                    D  reportNextDraw android.view.ViewRootImpl.handleResized:2995 android.view.ViewRootImpl.-$$Nest$mhandleResized:0 android.view.ViewRootImpl$W.resized:14200 android.app.servertransaction.WindowStateResizeItem.execute:81 android.app.servertransaction.WindowStateTransactionItem.execute:62 
2026-07-18 03:19:21.673 22497-22497 BLASTBufferQueue_Java   com.intourist.vpn                    I  update, w= 116 h= 58 mName = VRI[PopupWindow:b43d7d7]@694f3ad mNativeObject= 0xb400006fb4715400 sc.mNativeObject= 0xb400006fb460e100 format= -3 caller= android.view.ViewRootImpl.updateBlastSurfaceIfNeeded:3592 android.view.ViewRootImpl.relayoutWindow:11813 android.view.ViewRootImpl.performTraversals:4840 android.view.ViewRootImpl.doTraversal:3959 android.view.ViewRootImpl$TraversalRunnable.run:13034 android.view.Choreographer$CallbackRecord.run:1961 
2026-07-18 03:19:21.673 22497-22497 VRI[PopupW...7]@694f3ad com.intourist.vpn                    I  Relayout returned: old=(0,80,116,138) new=(24,2153,140,2211) relayoutAsync=true req=(116,58)0 dur=0 res=0x0 s={true 0xb400006fb474ef00} ch=false seqId=0
2026-07-18 03:19:21.674 22497-22497 VRI[PopupW...7]@694f3ad com.intourist.vpn                    D  Setup new sync=wmsSync-VRI[PopupWindow:b43d7d7]@694f3ad#6
2026-07-18 03:19:21.674 22497-22497 VRI[PopupW...7]@694f3ad com.intourist.vpn                    I  Creating new active sync group VRI[PopupWindow:b43d7d7]@694f3ad#7
2026-07-18 03:19:21.674 22497-22497 VRI[PopupW...7]@694f3ad com.intourist.vpn                    D  registerCallbacksForSync syncBuffer=false
2026-07-18 03:19:21.677 22497-22618 VRI[PopupW...7]@694f3ad com.intourist.vpn                    D  Received frameDrawingCallback syncResult=0 frameNum=2.
2026-07-18 03:19:21.678 22497-22618 VRI[PopupW...7]@694f3ad com.intourist.vpn                    I  mWNT: t=0xb400006fb4664400 mBlastBufferQueue=0xb400006fb4715400 fn= 2 HdrRenderState mRenderHdrSdrRatio=1.0 caller= android.view.ViewRootImpl$12.onFrameDraw:15561 android.view.ThreadedRenderer$1.onFrameDraw:751 <bottom of call stack> 
2026-07-18 03:19:21.678 22497-22618 VRI[PopupW...7]@694f3ad com.intourist.vpn                    I  Setting up sync and frameCommitCallback
2026-07-18 03:19:21.683 22497-22537 VRI[PopupW...7]@694f3ad com.intourist.vpn                    I  Received frameCommittedCallback lastAttemptedDrawFrameNum=2 didProduceBuffer=true
2026-07-18 03:19:21.683 22497-22497 VRI[PopupW...7]@694f3ad com.intourist.vpn                    D  reportDrawFinished seqId=0
2026-07-18 03:19:21.685 22497-22497 WindowOnBackDispatcher  com.intourist.vpn                    D  setTopOnBackInvokedCallback (unwrapped): android.view.ViewRootImpl$$ExternalSyntheticLambda16@8270d3c
2026-07-18 03:19:21.694 22497-22497 BufferQueueConsumer     com.intourist.vpn                    D  [](id:57e100000003,api:0,p:-1,c:22497) connect: controlledByApp=false
2026-07-18 03:19:21.694 22497-22497 BLASTBufferQueue        com.intourist.vpn                    I  [VRI[PopupWindow:c685ed1]@5f6b437#3](f:0,a:0,s:0) constructor()
2026-07-18 03:19:21.694 22497-22497 BLASTBufferQueue_Java   com.intourist.vpn                    I  new BLASTBufferQueue, mName= VRI[PopupWindow:c685ed1]@5f6b437 mNativeObject= 0xb400006fb47fd000 caller= android.view.ViewRootImpl.updateBlastSurfaceIfNeeded:3603 android.view.ViewRootImpl.relayoutWindow:11813 android.view.ViewRootImpl.performTraversals:4840 android.view.ViewRootImpl.doTraversal:3959 android.view.ViewRootImpl$TraversalRunnable.run:13034 android.view.Choreographer$CallbackRecord.run:1961 android.view.Choreographer$CallbackRecord.run:1970 android.view.Choreographer.doCallbacks:1423 android.view.Choreographer.doFrame:1348 android.view.Choreographer$FrameDisplayEventReceiver.run:1930 
2026-07-18 03:19:21.694 22497-22497 BLASTBufferQueue_Java   com.intourist.vpn                    I  update, w= 1203 h= 422 mName = VRI[PopupWindow:c685ed1]@5f6b437 mNativeObject= 0xb400006fb47fd000 sc.mNativeObject= 0xb400006fb47fc940 format= -2 caller= android.view.ViewRootImpl.updateBlastSurfaceIfNeeded:3608 android.view.ViewRootImpl.relayoutWindow:11813 android.view.ViewRootImpl.performTraversals:4840 android.view.ViewRootImpl.doTraversal:3959 android.view.ViewRootImpl$TraversalRunnable.run:13034 android.view.Choreographer$CallbackRecord.run:1961 
2026-07-18 03:19:21.695 22497-22497 BLASTBufferQueue        com.intourist.vpn                    I  [VRI[PopupWindow:c685ed1]@5f6b437#3](f:0,a:0,s:0) update width=1203 height=422 format=-2 mTransformHint=0
2026-07-18 03:19:21.695 22497-22497 VRI[PopupW...1]@5f6b437 com.intourist.vpn                    I  Relayout returned: old=(0,1855,1203,2277) new=(0,1855,1203,2277) relayoutAsync=false req=(1203,422)0 dur=4 res=0x3 s={true 0xb400006fb4864000} ch=true seqId=0
2026-07-18 03:19:21.695 22497-22497 VRI[PopupW...1]@5f6b437 com.intourist.vpn                    I  performConfigurationChange setNightDimText nightDimLevel=0
2026-07-18 03:19:21.696 22497-22497 VRI[PopupW...1]@5f6b437 com.intourist.vpn                    D  mThreadedRenderer.initialize() mSurface={isValid=true 0xb400006fb4864000} hwInitialized=true
2026-07-18 03:19:21.703 22497-22497 AbsListView             com.intourist.vpn                    D   in onLayout changed 
2026-07-18 03:19:21.705 22497-22497 VRI[PopupW...1]@5f6b437 com.intourist.vpn                    D  reportNextDraw android.view.ViewRootImpl.performTraversals:5507 android.view.ViewRootImpl.doTraversal:3959 android.view.ViewRootImpl$TraversalRunnable.run:13034 android.view.Choreographer$CallbackRecord.run:1961 android.view.Choreographer$CallbackRecord.run:1970 
2026-07-18 03:19:21.705 22497-22497 VRI[PopupW...1]@5f6b437 com.intourist.vpn                    D  Setup new sync=wmsSync-VRI[PopupWindow:c685ed1]@5f6b437#8
2026-07-18 03:19:21.705 22497-22497 VRI[PopupW...1]@5f6b437 com.intourist.vpn                    I  Creating new active sync group VRI[PopupWindow:c685ed1]@5f6b437#9
2026-07-18 03:19:21.706 22497-22497 VRI[PopupW...1]@5f6b437 com.intourist.vpn                    D  registerCallbacksForSync syncBuffer=false
2026-07-18 03:19:21.709 22497-22617 VRI[PopupW...1]@5f6b437 com.intourist.vpn                    D  Received frameDrawingCallback syncResult=0 frameNum=1.
2026-07-18 03:19:21.710 22497-22617 VRI[PopupW...1]@5f6b437 com.intourist.vpn                    I  mWNT: t=0xb400006fb4664c00 mBlastBufferQueue=0xb400006fb47fd000 fn= 1 HdrRenderState mRenderHdrSdrRatio=1.0 caller= android.view.ViewRootImpl$12.onFrameDraw:15561 android.view.ThreadedRenderer$1.onFrameDraw:751 <bottom of call stack> 
2026-07-18 03:19:21.710 22497-22617 VRI[PopupW...1]@5f6b437 com.intourist.vpn                    I  Setting up sync and frameCommitCallback
2026-07-18 03:19:21.713 22497-22537 BLASTBufferQueue        com.intourist.vpn                    I  [VRI[PopupWindow:c685ed1]@5f6b437#3](f:0,a:0,s:0) onFrameAvailable the first frame is available
2026-07-18 03:19:21.714 22497-22537 BLASTBufferQueue        com.intourist.vpn                    I  [VRI[PopupWindow:c685ed1]@5f6b437#3](f:0,a:1,s:0) acquireNextBufferLocked size=1203x422 mFrameNumber=1 applyTransaction=true mTimestamp=22656069689271(auto) mPendingTransactions.size=0 graphicBufferId=96623879258127 transform=0
2026-07-18 03:19:21.714 22497-22537 VRI[PopupW...1]@5f6b437 com.intourist.vpn                    I  Received frameCommittedCallback lastAttemptedDrawFrameNum=1 didProduceBuffer=true
2026-07-18 03:19:21.715 22497-22537 HWUI                    com.intourist.vpn                    D  CFMS:: SetUp Pid : 22497    Tid : 22537
2026-07-18 03:19:21.715 22497-22497 VRI[PopupW...1]@5f6b437 com.intourist.vpn                    D  reportDrawFinished seqId=0
2026-07-18 03:19:21.716 22497-22497 BLASTBufferQueue_Java   com.intourist.vpn                    I  update, w= 116 h= 58 mName = VRI[PopupWindow:16ac248]@3151606 mNativeObject= 0xb400006fb4716800 sc.mNativeObject= 0xb400006fb460e1c0 format= -3 caller= android.view.ViewRootImpl.updateBlastSurfaceIfNeeded:3592 android.view.ViewRootImpl.relayoutWindow:11813 android.view.ViewRootImpl.performTraversals:4840 android.view.ViewRootImpl.doTraversal:3959 android.view.ViewRootImpl$TraversalRunnable.run:13034 android.view.Choreographer$CallbackRecord.run:1961 
2026-07-18 03:19:21.716 22497-22497 VRI[PopupW...8]@3151606 com.intourist.vpn                    I  Relayout returned: old=(0,80,116,138) new=(218,2153,334,2211) relayoutAsync=true req=(116,58)0 dur=0 res=0x0 s={true 0xb400006fb4750800} ch=false seqId=0
2026-07-18 03:19:21.717 22497-22497 VRI[PopupW...8]@3151606 com.intourist.vpn                    D  Setup new sync=wmsSync-VRI[PopupWindow:16ac248]@3151606#10
2026-07-18 03:19:21.717 22497-22497 VRI[PopupW...8]@3151606 com.intourist.vpn                    I  Creating new active sync group VRI[PopupWindow:16ac248]@3151606#11
2026-07-18 03:19:21.717 22497-22497 VRI[PopupW...8]@3151606 com.intourist.vpn                    D  registerCallbacksForSync syncBuffer=false
2026-07-18 03:19:21.718 22497-22618 VRI[PopupW...8]@3151606 com.intourist.vpn                    D  Received frameDrawingCallback syncResult=0 frameNum=2.
2026-07-18 03:19:21.718 22497-22618 VRI[PopupW...8]@3151606 com.intourist.vpn                    I  mWNT: t=0xb400006fb4869400 mBlastBufferQueue=0xb400006fb4716800 fn= 2 HdrRenderState mRenderHdrSdrRatio=1.0 caller= android.view.ViewRootImpl$12.onFrameDraw:15561 android.view.ThreadedRenderer$1.onFrameDraw:751 <bottom of call stack> 
2026-07-18 03:19:21.718 22497-22618 VRI[PopupW...8]@3151606 com.intourist.vpn                    I  Setting up sync and frameCommitCallback
2026-07-18 03:19:21.720 22497-22537 VRI[PopupW...8]@3151606 com.intourist.vpn                    I  Received frameCommittedCallback lastAttemptedDrawFrameNum=2 didProduceBuffer=true
2026-07-18 03:19:21.721 22497-22497 VRI[PopupW...8]@3151606 com.intourist.vpn                    D  reportDrawFinished seqId=0
2026-07-18 03:19:21.723 22497-22537 HWUI                    com.intourist.vpn                    D  HWUI - treat SMPTE_170M as sRGB
2026-07-18 03:19:21.737 22497-22497 View                    com.intourist.vpn                    I  setRequestedFrameRate frameRate=-4.0, this=android.webkit.WebView{54cf02d VFEDHVC.. .F...... 0,0-1080,2221 aid=1073741824}, caller=android.view.ViewGroup.setRequestedFrameRate:10045 WV.xf.p:1 WV.wg.h:117 WV.wg.onDraw:7 com.android.webview.chromium.WebViewChromium.onDraw:19 
2026-07-18 03:19:21.740 22497-22537 GPUAUX                  com.intourist.vpn                    E  [AUX]GuiExtAuxCheckAuxPath:698: Null anb
2026-07-18 03:19:21.747 22497-22497 BLASTBufferQueue_Java   com.intourist.vpn                    I  update, w= 1203 h= 422 mName = VRI[PopupWindow:c685ed1]@5f6b437 mNativeObject= 0xb400006fb47fd000 sc.mNativeObject= 0xb400006fb47fc940 format= -2 caller= android.view.ViewRootImpl.updateBlastSurfaceIfNeeded:3592 android.view.ViewRootImpl.relayoutWindow:11813 android.view.ViewRootImpl.performTraversals:4840 android.view.ViewRootImpl.doTraversal:3959 android.view.ViewRootImpl$TraversalRunnable.run:13034 android.view.Choreographer$CallbackRecord.run:1961 
2026-07-18 03:19:21.747 22497-22497 VRI[PopupW...1]@5f6b437 com.intourist.vpn                    I  Relayout returned: old=(0,1855,1203,2277) new=(0,1853,1203,2275) relayoutAsync=true req=(1203,422)0 dur=1 res=0x0 s={true 0xb400006fb4864000} ch=false seqId=0
2026-07-18 03:19:21.749 22497-22497 VRI[PopupW...1]@5f6b437 com.intourist.vpn                    I  registerCallbackForPendingTransactions
2026-07-18 03:19:21.751 22497-22617 VRI[PopupW...1]@5f6b437 com.intourist.vpn                    I  mWNT: t=0xb400006fb4869600 mBlastBufferQueue=0xb400006fb47fd000 fn= 3 HdrRenderState mRenderHdrSdrRatio=1.0 caller= android.view.ViewRootImpl$10.onFrameDraw:6615 android.view.ViewRootImpl$4.onFrameDraw:2485 android.view.ThreadedRenderer$1.onFrameDraw:751 
2026-07-18 03:19:21.754 22497-22497 BLASTBufferQueue_Java   com.intourist.vpn                    I  update, w= 116 h= 58 mName = VRI[PopupWindow:16ac248]@3151606 mNativeObject= 0xb400006fb4716800 sc.mNativeObject= 0xb400006fb460e1c0 format= -3 caller= android.view.ViewRootImpl.updateBlastSurfaceIfNeeded:3592 android.view.ViewRootImpl.relayoutWindow:11813 android.view.ViewRootImpl.performTraversals:4840 android.view.ViewRootImpl.doTraversal:3959 android.view.ViewRootImpl$TraversalRunnable.run:13034 android.view.Choreographer$CallbackRecord.run:1961 
2026-07-18 03:19:21.754 22497-22497 VRI[PopupW...8]@3151606 com.intourist.vpn                    I  Relayout returned: old=(218,2153,334,2211) new=(309,2153,425,2211) relayoutAsync=true req=(116,58)0 dur=0 res=0x0 s={true 0xb400006fb4750800} ch=false seqId=0
2026-07-18 03:19:21.755 22497-22497 VRI[PopupW...8]@3151606 com.intourist.vpn                    I  registerCallbackForPendingTransactions
2026-07-18 03:19:21.756 22497-22618 VRI[PopupW...8]@3151606 com.intourist.vpn                    I  mWNT: t=0xb400006fb4869800 mBlastBufferQueue=0xb400006fb4716800 fn= 4 HdrRenderState mRenderHdrSdrRatio=1.0 caller= android.view.ViewRootImpl$10.onFrameDraw:6615 android.view.ViewRootImpl$4.onFrameDraw:2485 android.view.ThreadedRenderer$1.onFrameDraw:751 
2026-07-18 03:19:21.963 22497-22879 GoLog                   com.intourist.vpn                    E  {"level":"warn","ts":1784333961.9637861,"caller":"tunnel/udp.go:31","msg":"[UDP] dial 1.1.1.1:53: client handshake: UDP ASSOCIATE: command not supported"}
2026-07-18 03:19:21.964 22497-22949 IntouristVpnService     com.intourist.vpn                    I  [WARN] SOCKS5 parse error from 127.0.0.1:53884: unsupported SOCKS5 command: 3 (only CONNECT=1 is supported)
2026-07-18 03:19:21.988 22497-22497 View                    com.intourist.vpn                    I  setRequestedFrameRate frameRate=-4.0, this=android.webkit.WebView{54cf02d VFEDHVC.. .F...... 0,0-1080,2221 aid=1073741824}, caller=android.view.ViewGroup.setRequestedFrameRate:10045 WV.xf.p:1 WV.wg.h:117 WV.wg.onDraw:7 com.android.webview.chromium.WebViewChromium.onDraw:19 
2026-07-18 03:19:21.992 22497-22537 GPUAUX                  com.intourist.vpn                    E  [AUX]GuiExtAuxCheckAuxPath:698: Null anb
2026-07-18 03:19:22.000 22497-22497 BLASTBufferQueue_Java   com.intourist.vpn                    I  update, w= 1203 h= 422 mName = VRI[PopupWindow:c685ed1]@5f6b437 mNativeObject= 0xb400006fb47fd000 sc.mNativeObject= 0xb400006fb47fc940 format= -2 caller= android.view.ViewRootImpl.updateBlastSurfaceIfNeeded:3592 android.view.ViewRootImpl.relayoutWindow:11813 android.view.ViewRootImpl.performTraversals:4840 android.view.ViewRootImpl.doTraversal:3959 android.view.ViewRootImpl$TraversalRunnable.run:13034 android.view.Choreographer$CallbackRecord.run:1961 
2026-07-18 03:19:22.001 22497-22497 VRI[PopupW...1]@5f6b437 com.intourist.vpn                    I  Relayout returned: old=(0,1853,1203,2275) new=(0,1753,1203,2175) relayoutAsync=true req=(1203,422)0 dur=0 res=0x0 s={true 0xb400006fb4864000} ch=false seqId=0
2026-07-18 03:19:22.002 22497-22497 VRI[PopupW...1]@5f6b437 com.intourist.vpn                    I  registerCallbackForPendingTransactions
2026-07-18 03:19:22.003 22497-22497 BLASTBufferQueue_Java   com.intourist.vpn                    I  update, w= 116 h= 58 mName = VRI[PopupWindow:b43d7d7]@694f3ad mNativeObject= 0xb400006fb4715400 sc.mNativeObject= 0xb400006fb460e100 format= -3 caller= android.view.ViewRootImpl.updateBlastSurfaceIfNeeded:3592 android.view.ViewRootImpl.relayoutWindow:11813 android.view.ViewRootImpl.performTraversals:4840 android.view.ViewRootImpl.doTraversal:3959 android.view.ViewRootImpl$TraversalRunnable.run:13034 android.view.Choreographer$CallbackRecord.run:1961 
2026-07-18 03:19:22.003 22497-22497 VRI[PopupW...7]@694f3ad com.intourist.vpn                    I  Relayout returned: old=(24,2153,140,2211) new=(24,2053,140,2111) relayoutAsync=true req=(116,58)0 dur=0 res=0x0 s={true 0xb400006fb474ef00} ch=false seqId=0
2026-07-18 03:19:22.004 22497-22617 VRI[PopupW...1]@5f6b437 com.intourist.vpn                    I  mWNT: t=0xb400006fb4869a00 mBlastBufferQueue=0xb400006fb47fd000 fn= 11 HdrRenderState mRenderHdrSdrRatio=1.0 caller= android.view.ViewRootImpl$10.onFrameDraw:6615 android.view.ViewRootImpl$4.onFrameDraw:2485 android.view.ThreadedRenderer$1.onFrameDraw:751 
2026-07-18 03:19:22.005 22497-22497 VRI[PopupW...7]@694f3ad com.intourist.vpn                    I  registerCallbackForPendingTransactions
2026-07-18 03:19:22.005 22497-22618 VRI[PopupW...7]@694f3ad com.intourist.vpn                    I  mWNT: t=0xb400006fb4869000 mBlastBufferQueue=0xb400006fb4715400 fn= 17 HdrRenderState mRenderHdrSdrRatio=1.0 caller= android.view.ViewRootImpl$10.onFrameDraw:6615 android.view.ViewRootImpl$4.onFrameDraw:2485 android.view.ThreadedRenderer$1.onFrameDraw:751 
2026-07-18 03:19:22.006 22497-22497 BLASTBufferQueue_Java   com.intourist.vpn                    I  update, w= 116 h= 58 mName = VRI[PopupWindow:16ac248]@3151606 mNativeObject= 0xb400006fb4716800 sc.mNativeObject= 0xb400006fb460e1c0 format= -3 caller= android.view.ViewRootImpl.updateBlastSurfaceIfNeeded:3592 android.view.ViewRootImpl.relayoutWindow:11813 android.view.ViewRootImpl.performTraversals:4840 android.view.ViewRootImpl.doTraversal:3959 android.view.ViewRootImpl$TraversalRunnable.run:13034 android.view.Choreographer$CallbackRecord.run:1961 
2026-07-18 03:19:22.006 22497-22497 VRI[PopupW...8]@3151606 com.intourist.vpn                    I  Relayout returned: old=(309,2153,425,2211) new=(309,2053,425,2111) relayoutAsync=true req=(116,58)0 dur=0 res=0x0 s={true 0xb400006fb4750800} ch=false seqId=0
2026-07-18 03:19:22.006 22497-22497 VRI[PopupW...8]@3151606 com.intourist.vpn                    I  registerCallbackForPendingTransactions
2026-07-18 03:19:22.007 22497-22617 VRI[PopupW...8]@3151606 com.intourist.vpn                    I  mWNT: t=0xb400006fb4869c00 mBlastBufferQueue=0xb400006fb4716800 fn= 17 HdrRenderState mRenderHdrSdrRatio=1.0 caller= android.view.ViewRootImpl$10.onFrameDraw:6615 android.view.ViewRootImpl$4.onFrameDraw:2485 android.view.ThreadedRenderer$1.onFrameDraw:751 
2026-07-18 03:19:22.090 22497-22879 IntouristVpnService     com.intourist.vpn                    I  [WARN] probe: FAILED after 3 attempts: empty response
2026-07-18 03:19:22.116 22497-22497 View                    com.intourist.vpn                    I  setRequestedFrameRate frameRate=-4.0, this=android.webkit.WebView{54cf02d VFEDHVC.. .F...... 0,0-1080,2221 aid=1073741824}, caller=android.view.ViewGroup.setRequestedFrameRate:10045 WV.xf.p:1 WV.wg.h:117 WV.wg.onDraw:7 com.android.webview.chromium.WebViewChromium.onDraw:19 
2026-07-18 03:19:22.126 22497-22537 GPUAUX                  com.intourist.vpn                    E  [AUX]GuiExtAuxCheckAuxPath:698: Null anb
2026-07-18 03:19:22.132 22497-22497 BLASTBufferQueue_Java   com.intourist.vpn                    I  update, w= 1203 h= 422 mName = VRI[PopupWindow:c685ed1]@5f6b437 mNativeObject= 0xb400006fb47fd000 sc.mNativeObject= 0xb400006fb47fc940 format= -2 caller= android.view.ViewRootImpl.updateBlastSurfaceIfNeeded:3592 android.view.ViewRootImpl.relayoutWindow:11813 android.view.ViewRootImpl.performTraversals:4840 android.view.ViewRootImpl.doTraversal:3959 android.view.ViewRootImpl$TraversalRunnable.run:13034 android.view.Choreographer$CallbackRecord.run:1961 
