2026-07-18 03:19:22.132 22497-22497 VRI[PopupW...1]@5f6b437 com.intourist.vpn                    I  Relayout returned: old=(0,1753,1203,2175) new=(0,1682,1203,2104) relayoutAsync=true req=(1203,422)0 dur=1 res=0x0 s={true 0xb400006fb4864000} ch=false seqId=0
2026-07-18 03:19:22.135 22497-22497 VRI[PopupW...1]@5f6b437 com.intourist.vpn                    I  registerCallbackForPendingTransactions
2026-07-18 03:19:22.137 22497-22618 VRI[PopupW...1]@5f6b437 com.intourist.vpn                    I  mWNT: t=0xb400006fb4869e00 mBlastBufferQueue=0xb400006fb47fd000 fn= 12 HdrRenderState mRenderHdrSdrRatio=1.0 caller= android.view.ViewRootImpl$10.onFrameDraw:6615 android.view.ViewRootImpl$4.onFrameDraw:2485 android.view.ThreadedRenderer$1.onFrameDraw:751 
2026-07-18 03:19:22.138 22497-22497 BLASTBufferQueue_Java   com.intourist.vpn                    I  update, w= 116 h= 58 mName = VRI[PopupWindow:b43d7d7]@694f3ad mNativeObject= 0xb400006fb4715400 sc.mNativeObject= 0xb400006fb460e100 format= -3 caller= android.view.ViewRootImpl.updateBlastSurfaceIfNeeded:3592 android.view.ViewRootImpl.relayoutWindow:11813 android.view.ViewRootImpl.performTraversals:4840 android.view.ViewRootImpl.doTraversal:3959 android.view.ViewRootImpl$TraversalRunnable.run:13034 android.view.Choreographer$CallbackRecord.run:1961 
2026-07-18 03:19:22.138 22497-22497 VRI[PopupW...7]@694f3ad com.intourist.vpn                    I  Relayout returned: old=(24,2053,140,2111) new=(24,1982,140,2040) relayoutAsync=true req=(116,58)0 dur=1 res=0x0 s={true 0xb400006fb474ef00} ch=false seqId=0
2026-07-18 03:19:22.139 22497-22497 VRI[PopupW...7]@694f3ad com.intourist.vpn                    I  registerCallbackForPendingTransactions
2026-07-18 03:19:22.140 22497-22617 VRI[PopupW...7]@694f3ad com.intourist.vpn                    I  mWNT: t=0xb400006fb4dae000 mBlastBufferQueue=0xb400006fb4715400 fn= 18 HdrRenderState mRenderHdrSdrRatio=1.0 caller= android.view.ViewRootImpl$10.onFrameDraw:6615 android.view.ViewRootImpl$4.onFrameDraw:2485 android.view.ThreadedRenderer$1.onFrameDraw:751 
2026-07-18 03:19:22.140 22497-22497 BLASTBufferQueue_Java   com.intourist.vpn                    I  update, w= 116 h= 58 mName = VRI[PopupWindow:16ac248]@3151606 mNativeObject= 0xb400006fb4716800 sc.mNativeObject= 0xb400006fb460e1c0 format= -3 caller= android.view.ViewRootImpl.updateBlastSurfaceIfNeeded:3592 android.view.ViewRootImpl.relayoutWindow:11813 android.view.ViewRootImpl.performTraversals:4840 android.view.ViewRootImpl.doTraversal:3959 android.view.ViewRootImpl$TraversalRunnable.run:13034 android.view.Choreographer$CallbackRecord.run:1961 
2026-07-18 03:19:22.140 22497-22497 VRI[PopupW...8]@3151606 com.intourist.vpn                    I  Relayout returned: old=(309,2053,425,2111) new=(309,1982,425,2040) relayoutAsync=true req=(116,58)0 dur=0 res=0x0 s={true 0xb400006fb4750800} ch=false seqId=0
2026-07-18 03:19:22.144 22497-22497 VRI[PopupW...8]@3151606 com.intourist.vpn                    I  registerCallbackForPendingTransactions
2026-07-18 03:19:22.145 22497-22618 VRI[PopupW...8]@3151606 com.intourist.vpn                    I  mWNT: t=0xb400006fb4dae200 mBlastBufferQueue=0xb400006fb4716800 fn= 18 HdrRenderState mRenderHdrSdrRatio=1.0 caller= android.view.ViewRootImpl$10.onFrameDraw:6615 android.view.ViewRootImpl$4.onFrameDraw:2485 android.view.ThreadedRenderer$1.onFrameDraw:751 
2026-07-18 03:19:22.310 22497-22951 IntouristVpnService     com.intourist.vpn                    I  [WARN] SOCKS5 parse error from 127.0.0.1:53896: unsupported SOCKS5 command: 3 (only CONNECT=1 is supported)
2026-07-18 03:19:22.318 22497-22951 GoLog                   com.intourist.vpn                    E  {"level":"warn","ts":1784333962.3184946,"caller":"tunnel/udp.go:31","msg":"[UDP] dial 1.1.1.1:53: client handshake: UDP ASSOCIATE: command not supported"}
2026-07-18 03:19:22.345 22497-22497 View                    com.intourist.vpn                    I  setRequestedFrameRate frameRate=-4.0, this=android.webkit.WebView{54cf02d VFEDHVC.. .F...... 0,0-1080,2221 aid=1073741824}, caller=android.view.ViewGroup.setRequestedFrameRate:10045 WV.xf.p:1 WV.wg.h:117 WV.wg.onDraw:7 com.android.webview.chromium.WebViewChromium.onDraw:19 
2026-07-18 03:19:22.353 22497-22537 GPUAUX                  com.intourist.vpn                    E  [AUX]GuiExtAuxCheckAuxPath:698: Null anb
2026-07-18 03:19:22.361 22497-22497 BLASTBufferQueue_Java   com.intourist.vpn                    I  update, w= 1203 h= 422 mName = VRI[PopupWindow:c685ed1]@5f6b437 mNativeObject= 0xb400006fb47fd000 sc.mNativeObject= 0xb400006fb47fc940 format= -2 caller= android.view.ViewRootImpl.updateBlastSurfaceIfNeeded:3592 android.view.ViewRootImpl.relayoutWindow:11813 android.view.ViewRootImpl.performTraversals:4840 android.view.ViewRootImpl.doTraversal:3959 android.view.ViewRootImpl$TraversalRunnable.run:13034 android.view.Choreographer$CallbackRecord.run:1961 
2026-07-18 03:19:22.361 22497-22497 VRI[PopupW...1]@5f6b437 com.intourist.vpn                    I  Relayout returned: old=(0,1682,1203,2104) new=(0,1693,1203,2115) relayoutAsync=true req=(1203,422)0 dur=1 res=0x0 s={true 0xb400006fb4864000} ch=false seqId=0
2026-07-18 03:19:22.363 22497-22497 VRI[PopupW...1]@5f6b437 com.intourist.vpn                    I  registerCallbackForPendingTransactions
2026-07-18 03:19:22.367 22497-22617 VRI[PopupW...1]@5f6b437 com.intourist.vpn                    I  mWNT: t=0xb400006fb4dae600 mBlastBufferQueue=0xb400006fb47fd000 fn= 13 HdrRenderState mRenderHdrSdrRatio=1.0 caller= android.view.ViewRootImpl$10.onFrameDraw:6615 android.view.ViewRootImpl$4.onFrameDraw:2485 android.view.ThreadedRenderer$1.onFrameDraw:751 
2026-07-18 03:19:22.379 22497-22949 IntouristVpnService     com.intourist.vpn                    I  [WARN] SOCKS5 parse error from 127.0.0.1:53908: unsupported SOCKS5 command: 3 (only CONNECT=1 is supported)
2026-07-18 03:19:22.382 22497-22949 GoLog                   com.intourist.vpn                    E  {"level":"warn","ts":1784333962.3821323,"caller":"tunnel/udp.go:31","msg":"[UDP] dial 172.217.19.238:443: client handshake: UDP ASSOCIATE: command not supported"}
2026-07-18 03:19:22.400 22497-22497 View                    com.intourist.vpn                    I  setRequestedFrameRate frameRate=-4.0, this=android.webkit.WebView{54cf02d VFEDHVC.. .F...... 0,0-1080,2221 aid=1073741824}, caller=android.view.ViewGroup.setRequestedFrameRate:10045 WV.xf.p:1 WV.wg.h:117 WV.wg.onDraw:7 com.android.webview.chromium.WebViewChromium.onDraw:19 
2026-07-18 03:19:22.407 22497-22537 GPUAUX                  com.intourist.vpn                    E  [AUX]GuiExtAuxCheckAuxPath:698: Null anb
2026-07-18 03:19:23.762 22497-22951 IntouristVpnService     com.intourist.vpn                    I  [WARN] SOCKS5 parse error from 127.0.0.1:53918: unsupported SOCKS5 command: 3 (only CONNECT=1 is supported)
2026-07-18 03:19:23.765 22497-22951 GoLog                   com.intourist.vpn                    E  {"level":"warn","ts":1784333963.7655458,"caller":"tunnel/udp.go:31","msg":"[UDP] dial 1.1.1.1:53: client handshake: UDP ASSOCIATE: command not supported"}
2026-07-18 03:19:23.801 22497-22497 View                    com.intourist.vpn                    I  setRequestedFrameRate frameRate=-4.0, this=android.webkit.WebView{54cf02d VFEDHVC.. .F...... 0,0-1080,2221 aid=1073741824}, caller=android.view.ViewGroup.setRequestedFrameRate:10045 WV.xf.p:1 WV.wg.h:117 WV.wg.onDraw:7 com.android.webview.chromium.WebViewChromium.onDraw:19 
2026-07-18 03:19:23.823 22497-22537 GPUAUX                  com.intourist.vpn                    E  [AUX]GuiExtAuxCheckAuxPath:698: Null anb
2026-07-18 03:19:24.207 22497-22497 VRI[PopupW...1]@5f6b437 com.intourist.vpn                    I  ViewPostIme pointer 0
2026-07-18 03:19:24.210 22497-22497 VRI[PopupW...1]@5f6b437 com.intourist.vpn                    I  call setFrameRateCategory for touch hint category=high hint, reason=touch, vri=VRI[PopupWindow:c685ed1]@5f6b437
2026-07-18 03:19:24.284 22497-22497 VRI[PopupW...1]@5f6b437 com.intourist.vpn                    I  ViewPostIme pointer 1
2026-07-18 03:19:24.291 22497-22497 androidtc               com.intourist.vpn                    W  TextClassifier called on main thread
2026-07-18 03:19:24.301 22497-22497 androidtc               com.intourist.vpn                    D  Initializing SystemTextClassifier, type = System
2026-07-18 03:19:24.301 22497-22497 androidtc               com.intourist.vpn                    W  TextClassifier called on main thread
2026-07-18 03:19:24.330 22497-22497 View                    com.intourist.vpn                    I  setRequestedFrameRate frameRate=-4.0, this=android.webkit.WebView{54cf02d VFEDHVC.. .F...... 0,0-1080,2221 aid=1073741824}, caller=android.view.ViewGroup.setRequestedFrameRate:10045 WV.xf.p:1 WV.wg.h:117 WV.wg.onDraw:7 com.android.webview.chromium.WebViewChromium.onDraw:19 
2026-07-18 03:19:24.341 22497-22497 BLASTBufferQueue_Java   com.intourist.vpn                    I  update, w= 116 h= 58 mName = VRI[PopupWindow:16ac248]@3151606 mNativeObject= 0xb400006fb4716800 sc.mNativeObject= 0xb400006fb460e1c0 format= -3 caller= android.view.ViewRootImpl.updateBlastSurfaceIfNeeded:3592 android.view.ViewRootImpl.relayoutWindow:11813 android.view.ViewRootImpl.performTraversals:4840 android.view.ViewRootImpl.doTraversal:3959 android.view.ViewRootImpl$TraversalRunnable.run:13034 android.view.Choreographer$CallbackRecord.run:1961 
2026-07-18 03:19:24.341 22497-22497 VRI[PopupW...8]@3151606 com.intourist.vpn                    I  Relayout returned: old=(309,1982,425,2040) new=(430,2183,546,2241) relayoutAsync=true req=(116,58)0 dur=0 res=0x0 s={true 0xb400006fb4750800} ch=false seqId=0
2026-07-18 03:19:24.341 22497-22497 VRI[PopupW...8]@3151606 com.intourist.vpn                    I  registerCallbackForPendingTransactions
2026-07-18 03:19:24.359 22497-22537 GPUAUX                  com.intourist.vpn                    E  [AUX]GuiExtAuxCheckAuxPath:698: Null anb
2026-07-18 03:19:24.359 22497-22537 GPUAUX                  com.intourist.vpn                    E  [AUX]GuiExtAuxCheckAuxPath:698: Null anb
2026-07-18 03:19:24.359 22497-22537 GPUAUX                  com.intourist.vpn                    E  [AUX]GuiExtAuxCheckAuxPath:698: Null anb
2026-07-18 03:19:24.360 22497-22537 GPUAUX                  com.intourist.vpn                    E  [AUX]GuiExtAuxCheckAuxPath:698: Null anb
2026-07-18 03:19:24.360 22497-22537 GPUAUX                  com.intourist.vpn                    E  [AUX]GuiExtAuxCheckAuxPath:698: Null anb
2026-07-18 03:19:24.365 22497-22618 VRI[PopupW...8]@3151606 com.intourist.vpn                    I  mWNT: t=0xb400006fb4dae800 mBlastBufferQueue=0xb400006fb4716800 fn= 20 HdrRenderState mRenderHdrSdrRatio=1.0 caller= android.view.ViewRootImpl$10.onFrameDraw:6615 android.view.ViewRootImpl$4.onFrameDraw:2485 android.view.ThreadedRenderer$1.onFrameDraw:751 
2026-07-18 03:19:24.464 22497-22497 androidtc               com.intourist.vpn                    W  TextClassifier called on main thread
2026-07-18 03:19:24.493 22497-22497 WindowManager           com.intourist.vpn                    I  WindowManagerGlobal#addView, ty=1005, view=android.widget.PopupWindow$PopupDecorView{be44eb8 V.E...... R.....I. 0,0-0,0}, caller=android.view.WindowManagerImpl.addView:167 android.widget.PopupWindow.invokePopup:1686 android.widget.PopupWindow.showAtLocation:1412 
2026-07-18 03:19:24.493 22497-22497 ViewRootImpl            com.intourist.vpn                    I  dVRR is disabled
2026-07-18 03:19:24.494 22497-22537 NativeCust...ncyManager com.intourist.vpn                    D  [NativeCFMS] BpCustomFrequencyManager::BpCustomFrequencyManager()
2026-07-18 03:19:24.498 22497-22497 InputTransport          com.intourist.vpn                    D  Input channel constructed: 'e626433', fd=358
2026-07-18 03:19:24.499 22497-22497 InsetsController        com.intourist.vpn                    I  onStateChanged: host=PopupWindow:4c59d1b, from=android.view.ViewRootImpl.onInsetsStateChanged:3038, state=InsetsState: {mDisplayFrame=Rect(0, 0 - 1080, 2340), mDisplayCutout=DisplayCutout{insets=Rect(0, 80 - 0, 0) waterfall=Insets{left=0, top=0, right=0, bottom=0} boundingRect={Bounds=[Rect(0, 0 - 0, 0), Rect(472, 0 - 608, 80), Rect(0, 0 - 0, 0), Rect(0, 0 - 0, 0)]} cutoutPathParserInfo={CutoutPathParserInfo{displayWidth=1080 displayHeight=2340 physicalDisplayWidth=1080 physicalDisplayHeight=2340 density={2.8125} cutoutSpec={M 0,0 H -24.177777778 V 28.4444444444 H 24.177777778 V 0 H 0 Z @dp} rotation={0} scale={1.0} physicalPixelDisplaySizeRatio={1.0}}} sideOverrides={}}, mRoundedCorners=RoundedCorners{[RoundedCorner{position=TopLeft, radius=105, center=Point(105, 105)}, RoundedCorner{position=TopRight, radius=105, center=Point(975, 105)}, RoundedCorner{position=BottomRight, radius=105, center=Point(975, 2235)}, RoundedCorner{position=BottomLeft, radius=105, center=Point(105, 2235)}]}  mRoundedCornerFrame=Rect(0, 0 - 1080, 2340), mPrivacyIndicatorBounds=PrivacyIndicatorBounds {static bounds=Rect(964, 0 - 1080, 80) rotation=0}, mDisplayShape=DisplayShape{ spec=-311912193 displayWidth=1080 displayHeight=2340 physicalPixelDisplaySizeRatio=1.0 rotation=0 offsetX=0 offsetY=0 scale=1.0}, mSources= { InsetsSource: {9d900000 mType=statusBars mFrame=[0,0][1080,80] mAttachedInsets=null mVisible=true mFlags= mSideHint=TOP mBoundingRects=null}, InsetsSource: {9d900005 mType=mandatorySystemGestures mFrame=[0,0][1080,112] mAttachedInsets=null mVisible=true mFlags= mSideHint=TOP mBoundingRects=null}, InsetsSource: {9d900006 mType=tappableElement mFrame=[0,0][1080,80] mAttachedInsets=null mVisible=true mFlags= mSideHint=TOP mBoundingRects=null}, InsetsSource: {e16c0001 mType=navigationBars mFrame=[0,2301][1080,2340] mAttachedInsets=null mVisible=true mFlags=SUPPRESS_SCRIM mSideHint=BOTTOM mBoundingRects=null}, InsetsSource: {e16c0004 mType=systemGestures mFrame=[0,0][78,2340] mAttachedInsets=null mVisible=true mFlags= mSideHint=LEFT mBoundingRects=null}, InsetsSource: {e16c0005 mType=mandatorySystemGestures mFrame=[0,2256][1080,2340] mAttachedInsets=null mVisible=true mFlags= mSideHint=BOTTOM mBoundingRects=null}, InsetsSource: {e16c0006 mType=tappableElement mFrame=[0,0][0,0] mAttachedInsets=null mVisible=true mFlags= mSideHint=NONE mBoundingRects=null}, InsetsSource: {e16c0024 mType=systemGestures mFrame=[1002,0][1080,2340] mAttachedInsets=null mVisible=true mFlags= mSideHint=RIGHT mBoundingRects=null}, InsetsSource: {27 mType=displayCutout mFrame=[0,0][1080,80] mAttachedInsets=null mVisible=true mFlags= mSideHint=TOP mBoundingRects=null} }
2026-07-18 03:19:24.499 22497-22497 VRI[PopupW...b]@a81c491 com.intourist.vpn                    I  synced displayState. AttachInfo displayState=2
2026-07-18 03:19:24.499 22497-22497 VRI[PopupW...b]@a81c491 com.intourist.vpn                    I  setView = android.widget.PopupWindow$PopupDecorView@be44eb8 IsHRR=false mFlingFrameRateChange=0 TM=true
2026-07-18 03:19:24.501 22497-22497 WindowOnBackDispatcher  com.intourist.vpn                    D  setTopOnBackInvokedCallback (unwrapped): android.view.ViewRootImpl$$ExternalSyntheticLambda16@8103582
2026-07-18 03:19:24.507 22497-22497 BufferQueueConsumer     com.intourist.vpn                    D  [](id:57e100000004,api:0,p:-1,c:22497) connect: controlledByApp=false
2026-07-18 03:19:24.507 22497-22497 BLASTBufferQueue        com.intourist.vpn                    I  [VRI[PopupWindow:4c59d1b]@a81c491#4](f:0,a:0,s:0) constructor()
2026-07-18 03:19:24.508 22497-22497 BLASTBufferQueue_Java   com.intourist.vpn                    I  new BLASTBufferQueue, mName= VRI[PopupWindow:4c59d1b]@a81c491 mNativeObject= 0xb400006fb47ff800 caller= android.view.ViewRootImpl.updateBlastSurfaceIfNeeded:3603 android.view.ViewRootImpl.relayoutWindow:11813 android.view.ViewRootImpl.performTraversals:4840 android.view.ViewRootImpl.doTraversal:3959 android.view.ViewRootImpl$TraversalRunnable.run:13034 android.view.Choreographer$CallbackRecord.run:1961 android.view.Choreographer$CallbackRecord.run:1970 android.view.Choreographer.doCallbacks:1423 android.view.Choreographer.doFrame:1348 android.view.Choreographer$FrameDisplayEventReceiver.run:1930 
2026-07-18 03:19:24.508 22497-22497 BLASTBufferQueue_Java   com.intourist.vpn                    I  update, w= 1203 h= 422 mName = VRI[PopupWindow:4c59d1b]@a81c491 mNativeObject= 0xb400006fb47ff800 sc.mNativeObject= 0xb400006fb4877800 format= -2 caller= android.view.ViewRootImpl.updateBlastSurfaceIfNeeded:3608 android.view.ViewRootImpl.relayoutWindow:11813 android.view.ViewRootImpl.performTraversals:4840 android.view.ViewRootImpl.doTraversal:3959 android.view.ViewRootImpl$TraversalRunnable.run:13034 android.view.Choreographer$CallbackRecord.run:1961 
2026-07-18 03:19:24.508 22497-22497 BLASTBufferQueue        com.intourist.vpn                    I  [VRI[PopupWindow:4c59d1b]@a81c491#4](f:0,a:0,s:0) update width=1203 height=422 format=-2 mTransformHint=0
2026-07-18 03:19:24.509 22497-22497 VRI[PopupW...b]@a81c491 com.intourist.vpn                    I  Relayout returned: old=(0,-21,1203,401) new=(0,-21,1203,401) relayoutAsync=false req=(1203,422)0 dur=5 res=0x3 s={true 0xb400006fb4865400} ch=true seqId=0
2026-07-18 03:19:24.510 22497-22497 VRI[PopupW...b]@a81c491 com.intourist.vpn                    I  performConfigurationChange setNightDimText nightDimLevel=0
2026-07-18 03:19:24.511 22497-22497 VRI[PopupW...b]@a81c491 com.intourist.vpn                    D  mThreadedRenderer.initialize() mSurface={isValid=true 0xb400006fb4865400} hwInitialized=true
2026-07-18 03:19:24.514 22497-22497 AbsListView             com.intourist.vpn                    D   in onLayout changed 
2026-07-18 03:19:24.514 22497-22497 VRI[PopupW...b]@a81c491 com.intourist.vpn                    D  reportNextDraw android.view.ViewRootImpl.performTraversals:5507 android.view.ViewRootImpl.doTraversal:3959 android.view.ViewRootImpl$TraversalRunnable.run:13034 android.view.Choreographer$CallbackRecord.run:1961 android.view.Choreographer$CallbackRecord.run:1970 
2026-07-18 03:19:24.515 22497-22497 VRI[PopupW...b]@a81c491 com.intourist.vpn                    D  Setup new sync=wmsSync-VRI[PopupWindow:4c59d1b]@a81c491#12
2026-07-18 03:19:24.515 22497-22497 VRI[PopupW...b]@a81c491 com.intourist.vpn                    I  Creating new active sync group VRI[PopupWindow:4c59d1b]@a81c491#13
2026-07-18 03:19:24.515 22497-22497 VRI[PopupW...b]@a81c491 com.intourist.vpn                    D  registerCallbacksForSync syncBuffer=false
2026-07-18 03:19:24.517 22497-22617 VRI[PopupW...b]@a81c491 com.intourist.vpn                    D  Received frameDrawingCallback syncResult=0 frameNum=1.
2026-07-18 03:19:24.518 22497-22617 VRI[PopupW...b]@a81c491 com.intourist.vpn                    I  mWNT: t=0xb400006eb5d72e00 mBlastBufferQueue=0xb400006fb47ff800 fn= 1 HdrRenderState mRenderHdrSdrRatio=1.0 caller= android.view.ViewRootImpl$12.onFrameDraw:15561 android.view.ThreadedRenderer$1.onFrameDraw:751 <bottom of call stack> 
2026-07-18 03:19:24.518 22497-22617 VRI[PopupW...b]@a81c491 com.intourist.vpn                    I  Setting up sync and frameCommitCallback
2026-07-18 03:19:24.519 22497-22537 BLASTBufferQueue        com.intourist.vpn                    I  [VRI[PopupWindow:4c59d1b]@a81c491#4](f:0,a:0,s:0) onFrameAvailable the first frame is available
2026-07-18 03:19:24.519 22497-22537 BLASTBufferQueue        com.intourist.vpn                    I  [VRI[PopupWindow:4c59d1b]@a81c491#4](f:0,a:1,s:0) acquireNextBufferLocked size=1203x422 mFrameNumber=1 applyTransaction=true mTimestamp=22658875800887(auto) mPendingTransactions.size=0 graphicBufferId=96623879258130 transform=0
2026-07-18 03:19:24.520 22497-22537 VRI[PopupW...b]@a81c491 com.intourist.vpn                    I  Received frameCommittedCallback lastAttemptedDrawFrameNum=1 didProduceBuffer=true
2026-07-18 03:19:24.521 22497-22537 HWUI                    com.intourist.vpn                    D  CFMS:: SetUp Pid : 22497    Tid : 22537
2026-07-18 03:19:24.521 22497-22497 VRI[PopupW...b]@a81c491 com.intourist.vpn                    D  reportDrawFinished seqId=0
2026-07-18 03:19:24.526 22497-22537 HWUI                    com.intourist.vpn                    D  HWUI - treat SMPTE_170M as sRGB
2026-07-18 03:19:24.527 22497-22497 VRI[PopupW...b]@a81c491 com.intourist.vpn                    I  handleResized, frames=ClientWindowFrames{frame=[0,-21][1203,401] display=[-100000,-100000][100000,100000] parentFrame=[0,0][0,0] attachedFrame=[0,0][1080,2340]} displayId=0 dragResizing=false compatScale=1.0 frameChanged=false attachedFrameChanged=false configChanged=false displayChanged=false compatScaleChanged=false dragResizingChanged=false
2026-07-18 03:19:24.527 22497-22497 VRI[PopupW...b]@a81c491 com.intourist.vpn                    I  handleResized mSyncSeqId = 0
2026-07-18 03:19:24.527 22497-22497 VRI[PopupW...b]@a81c491 com.intourist.vpn                    D  reportNextDraw android.view.ViewRootImpl.handleResized:2995 android.view.ViewRootImpl.-$$Nest$mhandleResized:0 android.view.ViewRootImpl$W.resized:14200 android.app.servertransaction.WindowStateResizeItem.execute:81 android.app.servertransaction.WindowStateTransactionItem.execute:62 
2026-07-18 03:19:24.529 22497-22497 VRI[PopupW...b]@a81c491 com.intourist.vpn                    D  Setup new sync=wmsSync-VRI[PopupWindow:4c59d1b]@a81c491#14
2026-07-18 03:19:24.529 22497-22497 VRI[PopupW...b]@a81c491 com.intourist.vpn                    I  Creating new active sync group VRI[PopupWindow:4c59d1b]@a81c491#15
2026-07-18 03:19:24.529 22497-22497 VRI[PopupW...b]@a81c491 com.intourist.vpn                    D  registerCallbacksForSync syncBuffer=false
2026-07-18 03:19:24.531 22497-22618 VRI[PopupW...b]@a81c491 com.intourist.vpn                    D  Received frameDrawingCallback syncResult=0 frameNum=2.
2026-07-18 03:19:24.531 22497-22618 VRI[PopupW...b]@a81c491 com.intourist.vpn                    I  Setting up sync and frameCommitCallback
2026-07-18 03:19:24.534 22497-22537 VRI[PopupW...b]@a81c491 com.intourist.vpn                    I  Received frameCommittedCallback lastAttemptedDrawFrameNum=2 didProduceBuffer=true
2026-07-18 03:19:24.534 22497-22497 VRI[PopupW...b]@a81c491 com.intourist.vpn                    D  reportDrawFinished seqId=0
2026-07-18 03:19:24.551 22497-22497 WindowManager           com.intourist.vpn                    I  WindowManagerGlobal#removeView, ty=1005, view=android.widget.PopupWindow$PopupDecorView{bfa3d36 V.E...... R......D 0,0-1203,422}, caller=android.view.WindowManagerGlobal.removeView:654 android.view.WindowManagerImpl.removeViewImmediate:254 android.widget.PopupWindow.dismissImmediate:2380 
2026-07-18 03:19:24.551 22497-22497 WindowOnBackDispatcher  com.intourist.vpn                    D  setTopOnBackInvokedCallback (unwrapped): null
2026-07-18 03:19:24.553 22497-22537 HWUI                    com.intourist.vpn                    D  endAllActiveAnimators on 0xb400006fb4827600 (RippleDrawable) with handle 0xb400006c95b74880
2026-07-18 03:19:24.553 22497-22497 VRI[PopupW...1]@5f6b437 com.intourist.vpn                    I  dispatchDetachedFromWindow
2026-07-18 03:19:24.553 22497-22521 BLASTBufferQueue        com.intourist.vpn                    I  [VRI[PopupWindow:c685ed1]@5f6b437#3](f:0,a:1,s:0) destructor()
2026-07-18 03:19:24.554 22497-22521 BufferQueueConsumer     com.intourist.vpn                    D  [VRI[PopupWindow:c685ed1]@5f6b437#3(BLAST Consumer)3](id:57e100000003,api:0,p:-1,c:22497) disconnect
2026-07-18 03:19:24.557 22497-22497 InputTransport          com.intourist.vpn                    D  Input channel destroyed: 'ea55fb7', fd=335
2026-07-18 03:19:24.671 22497-22497 VRI[MainAc...y]@c1f9d50 com.intourist.vpn                    I  call setFrameRateCategory for touch hint category=no preference, reason=boost timeout, vri=VRI[MainActivity]@c1f9d50
2026-07-18 03:19:24.961 22497-22951 IntouristVpnService     com.intourist.vpn                    I  [WARN] SOCKS5 parse error from 127.0.0.1:53932: unsupported SOCKS5 command: 3 (only CONNECT=1 is supported)
2026-07-18 03:19:24.962 22497-22949 GoLog                   com.intourist.vpn                    E  {"level":"warn","ts":1784333964.9625547,"caller":"tunnel/udp.go:31","msg":"[UDP] dial 1.1.1.1:53: client handshake: UDP ASSOCIATE: command not supported"}
2026-07-18 03:19:24.996 22497-22497 View                    com.intourist.vpn                    I  setRequestedFrameRate frameRate=-4.0, this=android.webkit.WebView{54cf02d VFEDHVC.. .F...... 0,0-1080,2221 aid=1073741824}, caller=android.view.ViewGroup.setRequestedFrameRate:10045 WV.xf.p:1 WV.wg.h:117 WV.wg.onDraw:7 com.android.webview.chromium.WebViewChromium.onDraw:19 
2026-07-18 03:19:25.004 22497-22537 GPUAUX                  com.intourist.vpn                    E  [AUX]GuiExtAuxCheckAuxPath:698: Null anb
2026-07-18 03:19:25.005 22497-22537 GPUAUX                  com.intourist.vpn                    E  [AUX]GuiExtAuxCheckAuxPath:698: Null anb
2026-07-18 03:19:25.311 22497-22949 GoLog                   com.intourist.vpn                    E  {"level":"warn","ts":1784333965.3111925,"caller":"tunnel/udp.go:31","msg":"[UDP] dial 1.1.1.1:53: client handshake: UDP ASSOCIATE: command not supported"}
2026-07-18 03:19:25.311 22497-22951 IntouristVpnService     com.intourist.vpn                    I  [WARN] SOCKS5 parse error from 127.0.0.1:53946: unsupported SOCKS5 command: 3 (only CONNECT=1 is supported)
2026-07-18 03:19:25.340 22497-22497 View                    com.intourist.vpn                    I  setRequestedFrameRate frameRate=-4.0, this=android.webkit.WebView{54cf02d VFEDHVC.. .F...... 0,0-1080,2221 aid=1073741824}, caller=android.view.ViewGroup.setRequestedFrameRate:10045 WV.xf.p:1 WV.wg.h:117 WV.wg.onDraw:7 com.android.webview.chromium.WebViewChromium.onDraw:19 
2026-07-18 03:19:25.347 22497-22537 GPUAUX                  com.intourist.vpn                    E  [AUX]GuiExtAuxCheckAuxPath:698: Null anb
2026-07-18 03:19:25.347 22497-22537 GPUAUX                  com.intourist.vpn                    E  [AUX]GuiExtAuxCheckAuxPath:698: Null anb
2026-07-18 03:19:25.974 22497-22497 VRI[MainAc...y]@c1f9d50 com.intourist.vpn                    I  ViewPostIme pointer 0
2026-07-18 03:19:25.977 22497-22497 VRI[MainAc...y]@c1f9d50 com.intourist.vpn                    I  call setFrameRateCategory for touch hint category=high hint, reason=touch, vri=VRI[MainActivity]@c1f9d50
2026-07-18 03:19:26.130 22497-22951 IntouristVpnService     com.intourist.vpn                    I  [WARN] SOCKS5 parse error from 127.0.0.1:53956: unsupported SOCKS5 command: 3 (only CONNECT=1 is supported)
2026-07-18 03:19:26.132 22497-22949 GoLog                   com.intourist.vpn                    E  {"level":"warn","ts":1784333966.1322243,"caller":"tunnel/udp.go:31","msg":"[UDP] dial 1.1.1.1:53: client handshake: UDP ASSOCIATE: command not supported"}
2026-07-18 03:19:26.150 22497-22497 View                    com.intourist.vpn                    I  setRequestedFrameRate frameRate=-4.0, this=android.webkit.WebView{54cf02d VFEDHVC.. .F...... 0,0-1080,2221 aid=1073741824}, caller=android.view.ViewGroup.setRequestedFrameRate:10045 WV.xf.p:1 WV.wg.h:117 WV.wg.onDraw:7 com.android.webview.chromium.WebViewChromium.onDraw:19 
2026-07-18 03:19:26.156 22497-22537 GPUAUX                  com.intourist.vpn                    E  [AUX]GuiExtAuxCheckAuxPath:698: Null anb
2026-07-18 03:19:26.162 22497-22497 BLASTBufferQueue_Java   com.intourist.vpn                    I  update, w= 1203 h= 422 mName = VRI[PopupWindow:4c59d1b]@a81c491 mNativeObject= 0xb400006fb47ff800 sc.mNativeObject= 0xb400006fb4877800 format= -2 caller= android.view.ViewRootImpl.updateBlastSurfaceIfNeeded:3592 android.view.ViewRootImpl.relayoutWindow:11813 android.view.ViewRootImpl.performTraversals:4840 android.view.ViewRootImpl.doTraversal:3959 android.view.ViewRootImpl$TraversalRunnable.run:13034 android.view.Choreographer$CallbackRecord.run:1961 
2026-07-18 03:19:26.162 22497-22497 VRI[PopupW...b]@a81c491 com.intourist.vpn                    I  Relayout returned: old=(0,-21,1203,401) new=(0,-21,1203,401) relayoutAsync=true req=(1203,422)0 dur=0 res=0x0 s={true 0xb400006fb4865400} ch=false seqId=0
2026-07-18 03:19:26.164 22497-22497 VRI[PopupW...b]@a81c491 com.intourist.vpn                    I  registerCallbackForPendingTransactions
2026-07-18 03:19:26.169 22497-22497 BLASTBufferQueue_Java   com.intourist.vpn                    I  update, w= 116 h= 58 mName = VRI[PopupWindow:16ac248]@3151606 mNativeObject= 0xb400006fb4716800 sc.mNativeObject= 0xb400006fb460e1c0 format= -3 caller= android.view.ViewRootImpl.updateBlastSurfaceIfNeeded:3592 android.view.ViewRootImpl.relayoutWindow:11813 android.view.ViewRootImpl.performTraversals:4840 android.view.ViewRootImpl.doTraversal:3959 android.view.ViewRootImpl$TraversalRunnable.run:13034 android.view.Choreographer$CallbackRecord.run:1961 
2026-07-18 03:19:26.169 22497-22497 VRI[PopupW...8]@3151606 com.intourist.vpn                    I  Relayout returned: old=(430,2183,546,2241) new=(430,2182,546,2240) relayoutAsync=true req=(116,58)0 dur=0 res=0x0 s={true 0xb400006fb4750800} ch=false seqId=0
2026-07-18 03:19:26.169 22497-22497 VRI[PopupW...8]@3151606 com.intourist.vpn                    I  registerCallbackForPendingTransactions
2026-07-18 03:19:26.170 22497-22617 VRI[PopupW...b]@a81c491 com.intourist.vpn                    I  mWNT: t=0xb400006eb5d7a400 mBlastBufferQueue=0xb400006fb47ff800 fn= 14 HdrRenderState mRenderHdrSdrRatio=1.0 caller= android.view.ViewRootImpl$10.onFrameDraw:6615 android.view.ViewRootImpl$4.onFrameDraw:2485 android.view.ThreadedRenderer$1.onFrameDraw:751 
2026-07-18 03:19:26.175 22497-22618 VRI[PopupW...8]@3151606 com.intourist.vpn                    I  mWNT: t=0xb400006eb5d7a600 mBlastBufferQueue=0xb400006fb4716800 fn= 32 HdrRenderState mRenderHdrSdrRatio=1.0 caller= android.view.ViewRootImpl$10.onFrameDraw:6615 android.view.ViewRootImpl$4.onFrameDraw:2485 android.view.ThreadedRenderer$1.onFrameDraw:751 
2026-07-18 03:19:26.202 22497-22497 WindowManager           com.intourist.vpn                    I  WindowManagerGlobal#removeView, ty=1005, view=android.widget.PopupWindow$PopupDecorView{be44eb8 V.E...... R....... 0,0-1203,422}, caller=android.view.WindowManagerGlobal.removeView:654 android.view.WindowManagerImpl.removeViewImmediate:254 android.widget.PopupWindow.dismissImmediate:2380 
2026-07-18 03:19:26.202 22497-22497 WindowOnBackDispatcher  com.intourist.vpn                    D  setTopOnBackInvokedCallback (unwrapped): null
2026-07-18 03:19:26.207 22497-22497 VRI[PopupW...b]@a81c491 com.intourist.vpn                    I  dispatchDetachedFromWindow
2026-07-18 03:19:26.210 22497-22497 InputTransport          com.intourist.vpn                    D  Input channel destroyed: 'e626433', fd=358
2026-07-18 03:19:26.211 22497-22497 WindowManager           com.intourist.vpn                    I  WindowManagerGlobal#addView, ty=1005, view=android.widget.PopupWindow$PopupDecorView{9c2cf3d V.E...... R.....I. 0,0-0,0}, caller=android.view.WindowManagerImpl.addView:167 android.widget.PopupWindow.invokePopup:1686 android.widget.PopupWindow.showAtLocation:1412 
2026-07-18 03:19:26.212 22497-22497 ViewRootImpl            com.intourist.vpn                    I  dVRR is disabled
2026-07-18 03:19:26.213 22497-22537 NativeCust...ncyManager com.intourist.vpn                    D  [NativeCFMS] BpCustomFrequencyManager::BpCustomFrequencyManager()
2026-07-18 03:19:26.217 22497-22521 BLASTBufferQueue        com.intourist.vpn                    I  [VRI[PopupWindow:4c59d1b]@a81c491#4](f:0,a:1,s:0) destructor()
2026-07-18 03:19:26.217 22497-22521 BufferQueueConsumer     com.intourist.vpn                    D  [VRI[PopupWindow:4c59d1b]@a81c491#4(BLAST Consumer)4](id:57e100000004,api:0,p:-1,c:22497) disconnect
2026-07-18 03:19:26.219 22497-22497 InputTransport          com.intourist.vpn                    D  Input channel constructed: '9c9814e', fd=263
2026-07-18 03:19:26.220 22497-22497 InsetsController        com.intourist.vpn                    I  onStateChanged: host=PopupWindow:4c59d1b, from=android.view.ViewRootImpl.onInsetsStateChanged:3038, state=InsetsState: {mDisplayFrame=Rect(0, 0 - 1080, 2340), mDisplayCutout=DisplayCutout{insets=Rect(0, 80 - 0, 0) waterfall=Insets{left=0, top=0, right=0, bottom=0} boundingRect={Bounds=[Rect(0, 0 - 0, 0), Rect(472, 0 - 608, 80), Rect(0, 0 - 0, 0), Rect(0, 0 - 0, 0)]} cutoutPathParserInfo={CutoutPathParserInfo{displayWidth=1080 displayHeight=2340 physicalDisplayWidth=1080 physicalDisplayHeight=2340 density={2.8125} cutoutSpec={M 0,0 H -24.177777778 V 28.4444444444 H 24.177777778 V 0 H 0 Z @dp} rotation={0} scale={1.0} physicalPixelDisplaySizeRatio={1.0}}} sideOverrides={}}, mRoundedCorners=RoundedCorners{[RoundedCorner{position=TopLeft, radius=105, center=Point(105, 105)}, RoundedCorner{position=TopRight, radius=105, center=Point(975, 105)}, RoundedCorner{position=BottomRight, radius=105, center=Point(975, 2235)}, RoundedCorner{position=BottomLeft, radius=105, center=Point(105, 2235)}]}  mRoundedCornerFrame=Rect(0, 0 - 1080, 2340), mPrivacyIndicatorBounds=PrivacyIndicatorBounds {static bounds=Rect(964, 0 - 1080, 80) rotation=0}, mDisplayShape=DisplayShape{ spec=-311912193 displayWidth=1080 displayHeight=2340 physicalPixelDisplaySizeRatio=1.0 rotation=0 offsetX=0 offsetY=0 scale=1.0}, mSources= { InsetsSource: {9d900000 mType=statusBars mFrame=[0,0][1080,80] mAttachedInsets=null mVisible=true mFlags= mSideHint=TOP mBoundingRects=null}, InsetsSource: {9d900005 mType=mandatorySystemGestures mFrame=[0,0][1080,112] mAttachedInsets=null mVisible=true mFlags= mSideHint=TOP mBoundingRects=null}, InsetsSource: {9d900006 mType=tappableElement mFrame=[0,0][1080,80] mAttachedInsets=null mVisible=true mFlags= mSideHint=TOP mBoundingRects=null}, InsetsSource: {e16c0001 mType=navigationBars mFrame=[0,2301][1080,2340] mAttachedInsets=null mVisible=true mFlags=SUPPRESS_SCRIM mSideHint=BOTTOM mBoundingRects=null}, InsetsSource: {e16c0004 mType=systemGestures mFrame=[0,0][78,2340] mAttachedInsets=null mVisible=true mFlags= mSideHint=LEFT mBoundingRects=null}, InsetsSource: {e16c0005 mType=mandatorySystemGestures mFrame=[0,2256][1080,2340] mAttachedInsets=null mVisible=true mFlags= mSideHint=BOTTOM mBoundingRects=null}, InsetsSource: {e16c0006 mType=tappableElement mFrame=[0,0][0,0] mAttachedInsets=null mVisible=true mFlags= mSideHint=NONE mBoundingRects=null}, InsetsSource: {e16c0024 mType=systemGestures mFrame=[1002,0][1080,2340] mAttachedInsets=null mVisible=true mFlags= mSideHint=RIGHT mBoundingRects=null}, InsetsSource: {27 mType=displayCutout mFrame=[0,0][1080,80] mAttachedInsets=null mVisible=true mFlags= mSideHint=TOP mBoundingRects=null} }
2026-07-18 03:19:26.220 22497-22497 VRI[PopupW...b]@9450332 com.intourist.vpn                    I  synced displayState. AttachInfo displayState=2
2026-07-18 03:19:26.220 22497-22497 VRI[PopupW...b]@9450332 com.intourist.vpn                    I  setView = android.widget.PopupWindow$PopupDecorView@9c2cf3d IsHRR=false mFlingFrameRateChange=0 TM=true
2026-07-18 03:19:26.222 22497-22497 WindowOnBackDispatcher  com.intourist.vpn                    D  setTopOnBackInvokedCallback (unwrapped): android.view.ViewRootImpl$$ExternalSyntheticLambda16@47469df
2026-07-18 03:19:26.231 22497-22497 BufferQueueConsumer     com.intourist.vpn                    D  [](id:57e100000005,api:0,p:-1,c:22497) connect: controlledByApp=false
2026-07-18 03:19:26.231 22497-22497 BLASTBufferQueue        com.intourist.vpn                    I  [VRI[PopupWindow:4c59d1b]@9450332#5](f:0,a:0,s:0) constructor()
2026-07-18 03:19:26.231 22497-22497 BLASTBufferQueue_Java   com.intourist.vpn                    I  new BLASTBufferQueue, mName= VRI[PopupWindow:4c59d1b]@9450332 mNativeObject= 0xb400006fb4717c00 caller= android.view.ViewRootImpl.updateBlastSurfaceIfNeeded:3603 android.view.ViewRootImpl.relayoutWindow:11813 android.view.ViewRootImpl.performTraversals:4840 android.view.ViewRootImpl.doTraversal:3959 android.view.ViewRootImpl$TraversalRunnable.run:13034 android.view.Choreographer$CallbackRecord.run:1961 android.view.Choreographer$CallbackRecord.run:1970 android.view.Choreographer.doCallbacks:1423 android.view.Choreographer.doFrame:1348 android.view.Choreographer$FrameDisplayEventReceiver.run:1930 
2026-07-18 03:19:26.232 22497-22497 BLASTBufferQueue_Java   com.intourist.vpn                    I  update, w= 1203 h= 422 mName = VRI[PopupWindow:4c59d1b]@9450332 mNativeObject= 0xb400006fb4717c00 sc.mNativeObject= 0xb400006ff3baeac0 format= -2 caller= android.view.ViewRootImpl.updateBlastSurfaceIfNeeded:3608 android.view.ViewRootImpl.relayoutWindow:11813 android.view.ViewRootImpl.performTraversals:4840 android.view.ViewRootImpl.doTraversal:3959 android.view.ViewRootImpl$TraversalRunnable.run:13034 android.view.Choreographer$CallbackRecord.run:1961 
2026-07-18 03:19:26.232 22497-22497 BLASTBufferQueue        com.intourist.vpn                    I  [VRI[PopupWindow:4c59d1b]@9450332#5](f:0,a:0,s:0) update width=1203 height=422 format=-2 mTransformHint=0
2026-07-18 03:19:26.232 22497-22497 VRI[PopupW...b]@9450332 com.intourist.vpn                    I  Relayout returned: old=(0,-21,1203,401) new=(0,-21,1203,401) relayoutAsync=false req=(1203,422)0 dur=8 res=0x3 s={true 0xb400006fb4864500} ch=true seqId=0
2026-07-18 03:19:26.233 22497-22497 VRI[PopupW...b]@9450332 com.intourist.vpn                    I  performConfigurationChange setNightDimText nightDimLevel=0
2026-07-18 03:19:26.233 22497-22497 VRI[PopupW...b]@9450332 com.intourist.vpn                    D  mThreadedRenderer.initialize() mSurface={isValid=true 0xb400006fb4864500} hwInitialized=true
2026-07-18 03:19:26.234 22497-22497 VRI[PopupW...b]@9450332 com.intourist.vpn                    D  reportNextDraw android.view.ViewRootImpl.performTraversals:5507 android.view.ViewRootImpl.doTraversal:3959 android.view.ViewRootImpl$TraversalRunnable.run:13034 android.view.Choreographer$CallbackRecord.run:1961 android.view.Choreographer$CallbackRecord.run:1970 
2026-07-18 03:19:26.234 22497-22497 VRI[PopupW...b]@9450332 com.intourist.vpn                    D  Setup new sync=wmsSync-VRI[PopupWindow:4c59d1b]@9450332#16
2026-07-18 03:19:26.234 22497-22497 VRI[PopupW...b]@9450332 com.intourist.vpn                    I  Creating new active sync group VRI[PopupWindow:4c59d1b]@9450332#17
2026-07-18 03:19:26.235 22497-22497 VRI[PopupW...b]@9450332 com.intourist.vpn                    D  registerCallbacksForSync syncBuffer=false
2026-07-18 03:19:26.236 22497-22617 VRI[PopupW...b]@9450332 com.intourist.vpn                    D  Received frameDrawingCallback syncResult=0 frameNum=1.
2026-07-18 03:19:26.236 22497-22617 VRI[PopupW...b]@9450332 com.intourist.vpn                    I  mWNT: t=0xb400006fb49cee00 mBlastBufferQueue=0xb400006fb4717c00 fn= 1 HdrRenderState mRenderHdrSdrRatio=1.0 caller= android.view.ViewRootImpl$12.onFrameDraw:15561 android.view.ThreadedRenderer$1.onFrameDraw:751 <bottom of call stack> 
2026-07-18 03:19:26.237 22497-22617 VRI[PopupW...b]@9450332 com.intourist.vpn                    I  Setting up sync and frameCommitCallback
2026-07-18 03:19:26.240 22497-22537 BLASTBufferQueue        com.intourist.vpn                    I  [VRI[PopupWindow:4c59d1b]@9450332#5](f:0,a:0,s:0) onFrameAvailable the first frame is available
2026-07-18 03:19:26.241 22497-22537 BLASTBufferQueue        com.intourist.vpn                    I  [VRI[PopupWindow:4c59d1b]@9450332#5](f:0,a:1,s:0) acquireNextBufferLocked size=1203x422 mFrameNumber=1 applyTransaction=true mTimestamp=22660596766810(auto) mPendingTransactions.size=0 graphicBufferId=96623879258132 transform=0
2026-07-18 03:19:26.241 22497-22537 VRI[PopupW...b]@9450332 com.intourist.vpn                    I  Received frameCommittedCallback lastAttemptedDrawFrameNum=1 didProduceBuffer=true
2026-07-18 03:19:26.242 22497-22537 HWUI                    com.intourist.vpn                    D  CFMS:: SetUp Pid : 22497    Tid : 22537
2026-07-18 03:19:26.242 22497-22497 VRI[PopupW...b]@9450332 com.intourist.vpn                    D  reportDrawFinished seqId=0
2026-07-18 03:19:26.243 22497-22537 HWUI                    com.intourist.vpn                    D  HWUI - treat SMPTE_170M as sRGB
2026-07-18 03:19:26.246 22497-22497 VRI[PopupW...b]@9450332 com.intourist.vpn                    I  handleResized, frames=ClientWindowFrames{frame=[0,-21][1203,401] display=[-100000,-100000][100000,100000] parentFrame=[0,0][0,0] attachedFrame=[0,0][1080,2340]} displayId=0 dragResizing=false compatScale=1.0 frameChanged=false attachedFrameChanged=false configChanged=false displayChanged=false compatScaleChanged=false dragResizingChanged=false
2026-07-18 03:19:26.246 22497-22497 VRI[PopupW...b]@9450332 com.intourist.vpn                    I  handleResized mSyncSeqId = 0
2026-07-18 03:19:26.246 22497-22497 VRI[PopupW...b]@9450332 com.intourist.vpn                    D  reportNextDraw android.view.ViewRootImpl.handleResized:2995 android.view.ViewRootImpl.-$$Nest$mhandleResized:0 android.view.ViewRootImpl$W.resized:14200 android.app.servertransaction.WindowStateResizeItem.execute:81 android.app.servertransaction.WindowStateTransactionItem.execute:62 
2026-07-18 03:19:26.249 22497-22497 VRI[PopupW...b]@9450332 com.intourist.vpn                    D  Setup new sync=wmsSync-VRI[PopupWindow:4c59d1b]@9450332#18
2026-07-18 03:19:26.249 22497-22497 VRI[PopupW...b]@9450332 com.intourist.vpn                    I  Creating new active sync group VRI[PopupWindow:4c59d1b]@9450332#19
2026-07-18 03:19:26.250 22497-22497 VRI[PopupW...b]@9450332 com.intourist.vpn                    D  registerCallbacksForSync syncBuffer=false
2026-07-18 03:19:26.251 22497-22618 VRI[PopupW...b]@9450332 com.intourist.vpn                    D  Received frameDrawingCallback syncResult=0 frameNum=3.
2026-07-18 03:19:26.251 22497-22618 VRI[PopupW...b]@9450332 com.intourist.vpn                    I  Setting up sync and frameCommitCallback
2026-07-18 03:19:26.252 22497-22537 VRI[PopupW...b]@9450332 com.intourist.vpn                    I  Received frameCommittedCallback lastAttemptedDrawFrameNum=3 didProduceBuffer=true
2026-07-18 03:19:26.253 22497-22497 VRI[PopupW...b]@9450332 com.intourist.vpn                    D  reportDrawFinished seqId=0
2026-07-18 03:19:26.631 22497-22497 BufferQueueConsumer     com.intourist.vpn                    D  [](id:57e100000006,api:0,p:-1,c:22497) connect: controlledByApp=false
2026-07-18 03:19:26.631 22497-22497 BLASTBufferQueue        com.intourist.vpn                    I  [[BBQ] drag surface#27354#6](f:0,a:0,s:0) constructor()
2026-07-18 03:19:26.631 22497-22497 BLASTBufferQueue        com.intourist.vpn                    I  [[BBQ] drag surface#27354#6](f:0,a:0,s:0) update width=904 height=2102 format=-3 mTransformHint=0
2026-07-18 03:19:26.632 22497-22537 NativeCust...ncyManager com.intourist.vpn                    D  [NativeCFMS] BpCustomFrequencyManager::BpCustomFrequencyManager()
2026-07-18 03:19:26.647 22497-22537 BLASTBufferQueue        com.intourist.vpn                    I  [[BBQ] drag surface#27354#6](f:0,a:0,s:0) onFrameAvailable the first frame is available
2026-07-18 03:19:26.648 22497-22537 BLASTBufferQueue        com.intourist.vpn                    I  [[BBQ] drag surface#27354#6](f:0,a:1,s:0) acquireNextBufferLocked size=904x2102 mFrameNumber=1 applyTransaction=true mTimestamp=22661003686733(auto) mPendingTransactions.size=0 graphicBufferId=96623879258137 transform=0
2026-07-18 03:19:26.649 22497-22537 HWUI                    com.intourist.vpn                    D  CFMS:: SetUp Pid : 22497    Tid : 22537
2026-07-18 03:19:26.676 22497-22497 androidtc               com.intourist.vpn                    D  Initializing SystemTextClassifier, type = System
2026-07-18 03:19:26.676 22497-22497 androidtc               com.intourist.vpn                    W  TextClassifier called on main thread
2026-07-18 03:19:26.764 22497-22879 IntouristVpnService     com.intourist.vpn                    I  [WARN] SOCKS5 parse error from 127.0.0.1:33038: unsupported SOCKS5 command: 3 (only CONNECT=1 is supported)
2026-07-18 03:19:26.766 22497-22879 GoLog                   com.intourist.vpn                    E  {"level":"warn","ts":1784333966.7659543,"caller":"tunnel/udp.go:31","msg":"[UDP] dial 1.1.1.1:53: client handshake: UDP ASSOCIATE: command not supported"}
2026-07-18 03:19:26.783 22497-22497 View                    com.intourist.vpn                    I  setRequestedFrameRate frameRate=-4.0, this=android.webkit.WebView{54cf02d VFEDHVC.. .F...... 0,0-1080,2221 aid=1073741824}, caller=android.view.ViewGroup.setRequestedFrameRate:10045 WV.xf.p:1 WV.wg.h:117 WV.wg.onDraw:7 com.android.webview.chromium.WebViewChromium.onDraw:19 
2026-07-18 03:19:26.789 22497-22537 GPUAUX                  com.intourist.vpn                    E  [AUX]GuiExtAuxCheckAuxPath:698: Null anb
2026-07-18 03:19:26.794 22497-22497 VRI[MainAc...y]@c1f9d50 com.intourist.vpn                    I  Reporting drop result: true
2026-07-18 03:19:26.815 22497-22497 androidtc               com.intourist.vpn                    W  TextClassifier called on main thread
2026-07-18 03:19:26.852 22497-22497 WindowManager           com.intourist.vpn                    I  WindowManagerGlobal#addView, ty=1005, view=android.widget.PopupWindow$PopupDecorView{499528e V.E...... R.....I. 0,0-0,0}, caller=android.view.WindowManagerImpl.addView:167 android.widget.PopupWindow.invokePopup:1686 android.widget.PopupWindow.showAtLocation:1412 
2026-07-18 03:19:26.853 22497-22497 ViewRootImpl            com.intourist.vpn                    I  dVRR is disabled
2026-07-18 03:19:26.853 22497-22537 NativeCust...ncyManager com.intourist.vpn                    D  [NativeCFMS] BpCustomFrequencyManager::BpCustomFrequencyManager()
2026-07-18 03:19:26.856 22497-22497 InputTransport          com.intourist.vpn                    D  Input channel constructed: '9824bac', fd=336
2026-07-18 03:19:26.856 22497-22497 InsetsController        com.intourist.vpn                    I  onStateChanged: host=PopupWindow:85b9289, from=android.view.ViewRootImpl.onInsetsStateChanged:3038, state=InsetsState: {mDisplayFrame=Rect(0, 0 - 1080, 2340), mDisplayCutout=DisplayCutout{insets=Rect(0, 80 - 0, 0) waterfall=Insets{left=0, top=0, right=0, bottom=0} boundingRect={Bounds=[Rect(0, 0 - 0, 0), Rect(472, 0 - 608, 80), Rect(0, 0 - 0, 0), Rect(0, 0 - 0, 0)]} cutoutPathParserInfo={CutoutPathParserInfo{displayWidth=1080 displayHeight=2340 physicalDisplayWidth=1080 physicalDisplayHeight=2340 density={2.8125} cutoutSpec={M 0,0 H -24.177777778 V 28.4444444444 H 24.177777778 V 0 H 0 Z @dp} rotation={0} scale={1.0} physicalPixelDisplaySizeRatio={1.0}}} sideOverrides={}}, mRoundedCorners=RoundedCorners{[RoundedCorner{position=TopLeft, radius=105, center=Point(105, 105)}, RoundedCorner{position=TopRight, radius=105, center=Point(975, 105)}, RoundedCorner{position=BottomRight, radius=105, center=Point(975, 2235)}, RoundedCorner{position=BottomLeft, radius=105, center=Point(105, 2235)}]}  mRoundedCornerFrame=Rect(0, 0 - 1080, 2340), mPrivacyIndicatorBounds=PrivacyIndicatorBounds {static bounds=Rect(964, 0 - 1080, 80) rotation=0}, mDisplayShape=DisplayShape{ spec=-311912193 displayWidth=1080 displayHeight=2340 physicalPixelDisplaySizeRatio=1.0 rotation=0 offsetX=0 offsetY=0 scale=1.0}, mSources= { InsetsSource: {9d900000 mType=statusBars mFrame=[0,0][1080,80] mAttachedInsets=null mVisible=true mFlags= mSideHint=TOP mBoundingRects=null}, InsetsSource: {9d900005 mType=mandatorySystemGestures mFrame=[0,0][1080,112] mAttachedInsets=null mVisible=true mFlags= mSideHint=TOP mBoundingRects=null}, InsetsSource: {9d900006 mType=tappableElement mFrame=[0,0][1080,80] mAttachedInsets=null mVisible=true mFlags= mSideHint=TOP mBoundingRects=null}, InsetsSource: {e16c0001 mType=navigationBars mFrame=[0,2301][1080,2340] mAttachedInsets=null mVisible=true mFlags=SUPPRESS_SCRIM mSideHint=BOTTOM mBoundingRects=null}, InsetsSource: {e16c0004 mType=systemGestures mFrame=[0,0][78,2340] mAttachedInsets=null mVisible=true mFlags= mSideHint=LEFT mBoundingRects=null}, InsetsSource: {e16c0005 mType=mandatorySystemGestures mFrame=[0,2256][1080,2340] mAttachedInsets=null mVisible=true mFlags= mSideHint=BOTTOM mBoundingRects=null}, InsetsSource: {e16c0006 mType=tappableElement mFrame=[0,0][0,0] mAttachedInsets=null mVisible=true mFlags= mSideHint=NONE mBoundingRects=null}, InsetsSource: {e16c0024 mType=systemGestures mFrame=[1002,0][1080,2340] mAttachedInsets=null mVisible=true mFlags= mSideHint=RIGHT mBoundingRects=null}, InsetsSource: {27 mType=displayCutout mFrame=[0,0][1080,80] mAttachedInsets=null mVisible=true mFlags= mSideHint=TOP mBoundingRects=null} }
2026-07-18 03:19:26.856 22497-22497 VRI[PopupW...9]@4439aaf com.intourist.vpn                    I  synced displayState. AttachInfo displayState=2
2026-07-18 03:19:26.857 22497-22497 VRI[PopupW...9]@4439aaf com.intourist.vpn                    I  setView = android.widget.PopupWindow$PopupDecorView@499528e IsHRR=false mFlingFrameRateChange=0 TM=true
2026-07-18 03:19:26.859 22497-22497 BLASTBufferQueue        com.intourist.vpn                    I  [[BBQ] drag surface#27354#6](f:0,a:1,s:0) destructor()
2026-07-18 03:19:26.859 22497-22497 BufferQueueConsumer     com.intourist.vpn                    D  [[BBQ] drag surface#27354#6(BLAST Consumer)6](id:57e100000006,api:0,p:-1,c:22497) disconnect
2026-07-18 03:19:26.864 22497-22497 WindowOnBackDispatcher  com.intourist.vpn                    D  setTopOnBackInvokedCallback (unwrapped): android.view.ViewRootImpl$$ExternalSyntheticLambda16@256aaa8
2026-07-18 03:19:26.870 22497-22497 BufferQueueConsumer     com.intourist.vpn                    D  [](id:57e100000007,api:0,p:-1,c:22497) connect: controlledByApp=false
2026-07-18 03:19:26.871 22497-22497 BLASTBufferQueue        com.intourist.vpn                    I  [VRI[PopupWindow:85b9289]@4439aaf#7](f:0,a:0,s:0) constructor()
